I/ActivityManager(  530): No longer want com.google.android.talk (pid 10287): empty #17
D/dalvikvm(11738): GC_FOR_ALLOC freed 141K, 3% free 9239K/9504K, paused 34ms, total 34ms
V/SmsReceiverService(11646): onStart: #1 mResultCode: -1 = Activity.RESULT_OK
D/dalvikvm(11738): GC_FOR_ALLOC freed 6K, 3% free 9451K/9724K, paused 26ms, total 26ms
I/dalvikvm-heap(11738): Grow heap (frag case) to 10.291MB for 1077456-byte allocation
D/dalvikvm(11738): GC_FOR_ALLOC freed <1K, 3% free 10503K/10780K, paused 12ms, total 12ms
D/dalvikvm(11738): GC_CONCURRENT freed 1K, 3% free 10504K/10780K, paused 1ms+2ms, total 15ms
D/dalvikvm(11738): WAIT_FOR_CONCURRENT_GC blocked 13ms
I/dalvikvm-heap(11738): Grow heap (frag case) to 12.029MB for 1821008-byte allocation
D/dalvikvm(11738): GC_FOR_ALLOC freed <1K, 3% free 12282K/12560K, paused 12ms, total 12ms
D/dalvikvm(11738): GC_CONCURRENT freed 1K, 3% free 13153K/13440K, paused 3ms+1ms, total 14ms
D/dalvikvm(11738): WAIT_FOR_CONCURRENT_GC blocked 8ms
E/fb4a(:<default>):MmsConfig(11431): MmsConfig.loadMmsSettings mms_config.xml missing uaProfUrl setting
D/dalvikvm(  530): GC_EXPLICIT freed 2154K, 20% free 21741K/26916K, paused 3ms+7ms, total 119ms
I/dalvikvm(11431): Could not find method com.android.internal.widget.ILockSettings$Stub.a, referenced from method com.facebook.keyguardtype.LockSettingsServiceKeyguardTypeResolver.b
W/dalvikvm(11431): VFY: unable to resolve static method 2126: Lcom/android/internal/widget/ILockSettings$Stub;.a (Landroid/os/IBinder;)Lcom/android/internal/widget/ILockSettings;
D/dalvikvm(11431): VFY: replacing opcode 0x71 at 0x0023
D/dalvikvm(11431): GC_CONCURRENT freed 2490K, 16% free 14200K/16712K, paused 4ms+7ms, total 92ms
W/IdleConnectionHandler(11431): Removing a connection that never existed!
D/dalvikvm( 9929): GC_CONCURRENT freed 389K, 5% free 9619K/10056K, paused 6ms+2ms, total 48ms
D/dalvikvm(30039): GC_CONCURRENT freed 437K, 5% free 10518K/11024K, paused 7ms+1ms, total 74ms
W/IdleConnectionHandler(11431): Removing a connection that never existed!
D/dalvikvm( 9929): GC_CONCURRENT freed 391K, 5% free 9619K/10052K, paused 6ms+1ms, total 51ms
D/GCM     (  846): Ignoring attempt to send heartbeat on dead connection.
D/dalvikvm(30039): GC_CONCURRENT freed 430K, 5% free 10519K/11024K, paused 6ms+1ms, total 62ms
V/DigitalWidgetViewsFactory(11410): DigitalWidget sets next alarm string to null
D/dalvikvm( 9929): GC_CONCURRENT freed 391K, 5% free 9619K/10052K, paused 6ms+2ms, total 54ms
I/PowerManagerService(  530): Waking up from sleep...
D/audio_hw_primary(  176): adev_set_parameters: enter: screen_state=on
D/audio_hw_primary(  176): adev_set_parameters: exit with code(-2)
I/WindowManager(  530): Lock screen displayed!
D/PowerManagerService-JNI(  530): Excessive delay in setInteractive(true) while turning screen on: 23ms
D/SurfaceFlinger(  173): Screen acquired, type=0 flinger=0xb70b6478
W/Settings(10307): Setting wifi_sleep_policy has moved from android.provider.Settings.System to android.provider.Settings.Global, returning read-only value.
V/DigitalWidgetViewsFactory(11410): DigitalWidget sets next alarm string to null
D/dalvikvm(11431): GC_CONCURRENT freed 1717K, 16% free 14182K/16712K, paused 3ms+5ms, total 64ms
W/Settings(11431): Setting wifi_sleep_policy has moved from android.provider.Settings.System to android.provider.Settings.Global, returning read-only value.
D/audio_hw_primary(  176): start_output_stream: enter: usecase(1: low-latency-playback) devices(0x2)
D/audio_hw_primary(  176): select_devices: out_snd_device(2: speaker) in_snd_device(0: none)
D/audio_hw_primary(  176): enable_snd_device: sending audio calibration for snd_device(2) acdb_id(14)
D/ACDB-LOADER(  176): ACDB -> send_afe_cal
D/audio_hw_primary(  176): enable_snd_device: snd_device(2: speaker)
D/audio_hw_primary(  176): enable_audio_route: apply mixer path: low-latency-playback
D/PhoneStatusBar(  633): disable: < expand icons alerts ticker system_info BACK HOME recent* CLOCK search >
D/audio_hw_primary(  176): start_output_stream: exit
D/YouTube (11671): youtube.app.prefetch.g.onReceive:367 Received: android.intent.action.USER_PRESENT
D/NfcService(  802): NFC-C ON
I/USERIAL_LINUX(  802): USERIAL_Open(): enter
D/PhoneStatusBar(  633): disable: < expand icons alerts ticker system_info back* home* recent clock* search >
W/InputMethodManagerService(  530): Window already focused, ignoring focus gain of: com.android.internal.view.IInputMethodClient$Stub$Proxy@4265a158 attribute=android.view.inputmethod.EditorInfo@4252d0e0, token = android.os.BinderProxy@427c4160
I/USERIAL_LINUX(  802): USERIAL_Open() device: /dev/bcm2079x-i2c port=5, uart_port=0 WAKE_DELAY(20) WRITE_DELAY(20) POWER_ON_DELAY(300) PRE_POWER_OFF_DELAY(10) POST_POWER_OFF_DELAY(0)
D/dalvikvm(11671): GC_CONCURRENT freed 264K, 4% free 9493K/9800K, paused 9ms+4ms, total 73ms
V/TAG     (  530): bug 7643792: fitSystemWindows([0,50][0,0])
I/USERIAL_LINUX(  802): USERIAL_Open(): exit
D/audio_hw_primary(  176): out_standby: enter: usecase(1: low-latency-playback)
D/audio_hw_primary(  176): stop_output_stream: enter: usecase(1: low-latency-playback)
D/audio_hw_primary(  176): disable_audio_route: reset mixer path: low-latency-playback
D/audio_hw_primary(  176): disable_snd_device: snd_device(2: speaker)
D/audio_hw_primary(  176): stop_output_stream: exit: status(0)
D/audio_hw_primary(  176): out_standby: exit
D/AndroidRuntime(11857): 
D/AndroidRuntime(11857): >>>>>> AndroidRuntime START com.android.internal.os.RuntimeInit <<<<<<
D/AndroidRuntime(11857): CheckJNI is OFF
D/dalvikvm(11857): Trying to load lib libjavacore.so 0x0
D/dalvikvm(11857): Added shared lib libjavacore.so 0x0
D/dalvikvm(11857): Trying to load lib libnativehelper.so 0x0
D/dalvikvm(11857): Added shared lib libnativehelper.so 0x0
D/AndroidRuntime(11857): Calling main entry com.android.commands.pm.Pm
I/ActivityManager(  530): Start proc com.android.defcontainer for service com.android.defcontainer/.DefaultContainerService: pid=11871 uid=10013 gids={50013, 1015, 1023, 2001, 1028}
W/ActivityManager(  530): No content provider found for permission revoke: file:///data/local/tmp/HashVoice.apk
D/Finsky  (29803): [1] PackageVerificationReceiver.onReceive: Verification requested, id = 82
D/Finsky  (29803): [1] WorkerTask.onPreExecute: Verification Requested for id = 82, data=file:///data/local/tmp/HashVoice.apk flags=114 fromVerificationActivity=false
I/qtaguid (29803): Failed write_ctrl(u 65) res=-1 errno=22
I/qtaguid (29803): Untagging socket 65 failed errno=-22
W/NetworkManagementSocketTagger(29803): untagSocket(65) failed with errno -22
I/ElegantRequestDirector(29803): I/O exception (org.apache.http.NoHttpResponseException) caught when processing request: The target server failed to respond
I/ElegantRequestDirector(29803): Retrying request
D/Finsky  (29803): [1] 2.onResponse: Verification id=82 response=0
D/Finsky  (29803): [1] PackageVerificationReceiver.onReceive: Verification requested, id = 82
W/ActivityManager(  530): No content provider found for permission revoke: file:///data/local/tmp/HashVoice.apk
I/PackageManager(  530): Copying native libraries to /data/app-lib/vmdl1952121505
I/ActivityManager(  530): Force stopping package com.example.hashvoice appid=10117 user=-1
I/ActivityManager(  530): Killing proc 10995:com.example.hashvoice/u0a10117: force stop com.example.hashvoice
W/ActivityManager(  530): Force removing ActivityRecord{41e15518 u0 com.example.hashvoice/.CameraMainActivity}: app died, no saved state
I/ActivityManager(  530):   Force finishing activity ActivityRecord{427356c0 u0 com.example.hashvoice/.HashVoice}
W/WindowManager(  530): view not successfully added to wm, removing view
D/dalvikvm(11888): Late-enabling CheckJNI
I/ActivityManager(  530): Start proc com.example.hashvoice for activity com.example.hashvoice/.WebViewActivity: pid=11888 uid=10117 gids={50117, 3003, 1028}
I/ActivityManager(  530):   Force finishing activity ActivityRecord{42537d38 u0 com.example.hashvoice/.WebViewActivity}
I/WindowState(  530): WIN DEATH: Window{42c14660 u0 com.example.hashvoice/com.example.hashvoice.HashVoice}
W/InputDispatcher(  530): channel '42799da8 com.example.hashvoice/com.example.hashvoice.CameraMainActivity (server)' ~ Consumer closed input channel or an error occurred.  events=0x9
E/InputDispatcher(  530): channel '42799da8 com.example.hashvoice/com.example.hashvoice.CameraMainActivity (server)' ~ Channel is unrecoverably broken and will be disposed!
W/InputDispatcher(  530): channel '423fe2e0 com.example.hashvoice/com.example.hashvoice.WebViewActivity (server)' ~ Consumer closed input channel or an error occurred.  events=0x9
E/InputDispatcher(  530): channel '423fe2e0 com.example.hashvoice/com.example.hashvoice.WebViewActivity (server)' ~ Channel is unrecoverably broken and will be disposed!
W/InputDispatcher(  530): Attempted to unregister already unregistered input channel '42799da8 com.example.hashvoice/com.example.hashvoice.CameraMainActivity (server)'
I/WindowState(  530): WIN DEATH: Window{42799da8 u0 com.example.hashvoice/com.example.hashvoice.CameraMainActivity}
W/InputDispatcher(  530): Attempted to unregister already unregistered input channel '423fe2e0 com.example.hashvoice/com.example.hashvoice.WebViewActivity (server)'
I/WindowState(  530): WIN DEATH: Window{423fe2e0 u0 com.example.hashvoice/com.example.hashvoice.WebViewActivity}
I/ActivityManager(  530): No longer want de.schildbach.wallet (pid 10402): empty #17
D/AndroidRuntime(11888): Shutting down VM
W/dalvikvm(11888): threadid=1: thread exiting with uncaught exception (group=0x414f8700)
I/PackageManager(  530): Package com.example.hashvoice codePath changed from /data/app/com.example.hashvoice-1.apk to /data/app/com.example.hashvoice-2.apk; Retaining data and using new
E/AndroidRuntime(11888): FATAL EXCEPTION: main
E/AndroidRuntime(11888): java.lang.RuntimeException: Unable to instantiate application android.app.Application: java.lang.IllegalStateException: Unable to get package info for com.example.hashvoice; is package not installed?
E/AndroidRuntime(11888): 	at android.app.LoadedApk.makeApplication(LoadedApk.java:509)
E/AndroidRuntime(11888): 	at android.app.ActivityThread.handleBindApplication(ActivityThread.java:4417)
E/AndroidRuntime(11888): 	at android.app.ActivityThread.access$1300(ActivityThread.java:141)
E/AndroidRuntime(11888): 	at android.app.ActivityThread$H.handleMessage(ActivityThread.java:1316)
E/AndroidRuntime(11888): 	at android.os.Handler.dispatchMessage(Handler.java:99)
E/AndroidRuntime(11888): 	at android.os.Looper.loop(Looper.java:137)
E/AndroidRuntime(11888): 	at android.app.ActivityThread.main(ActivityThread.java:5103)
E/AndroidRuntime(11888): 	at java.lang.reflect.Method.invokeNative(Native Method)
E/AndroidRuntime(11888): 	at java.lang.reflect.Method.invoke(Method.java:525)
E/AndroidRuntime(11888): 	at com.android.internal.os.ZygoteInit$MethodAndArgsCaller.run(ZygoteInit.java:737)
E/AndroidRuntime(11888): 	at com.android.internal.os.ZygoteInit.main(ZygoteInit.java:553)
E/AndroidRuntime(11888): 	at dalvik.system.NativeStart.main(Native Method)
E/AndroidRuntime(11888): Caused by: java.lang.IllegalStateException: Unable to get package info for com.example.hashvoice; is package not installed?
E/AndroidRuntime(11888): 	at android.app.LoadedApk.initializeJavaContextClassLoader(LoadedApk.java:369)
E/AndroidRuntime(11888): 	at android.app.LoadedApk.getClassLoader(LoadedApk.java:322)
E/AndroidRuntime(11888): 	at android.app.LoadedApk.makeApplication(LoadedApk.java:501)
E/AndroidRuntime(11888): 	... 11 more
I/PackageManager(  530): Running dexopt on: com.example.hashvoice
W/InputMethodManagerService(  530): Got RemoteException sending setActive(false) notification to pid 10995 uid 10117
D/dalvikvm(  530): GC_CONCURRENT freed 3268K, 20% free 21629K/26916K, paused 3ms+9ms, total 153ms
D/dalvikvm(11908): DexOpt: load 46ms, verify+opt 186ms, 1025620 bytes
I/ActivityManager(  530): Force stopping package com.example.hashvoice appid=10117 user=-1
I/ActivityManager(  530): Killing proc 11888:com.example.hashvoice/u0a10117: force stop com.example.hashvoice
W/PackageManager(  530): Code path for pkg : com.example.hashvoice changing from /data/app/com.example.hashvoice-1.apk to /data/app/com.example.hashvoice-2.apk
W/PackageManager(  530): Resource path for pkg : com.example.hashvoice changing from /data/app/com.example.hashvoice-1.apk to /data/app/com.example.hashvoice-2.apk
W/InputMethodManagerService(  530): Window already focused, ignoring focus gain of: com.android.internal.view.IInputMethodClient$Stub$Proxy@42b80560 attribute=null, token = android.os.BinderProxy@426feb48
I/ActivityManager(  530): Force stopping package com.example.hashvoice appid=10117 user=0
D/dalvikvm(  819): GC_EXPLICIT freed 1222K, 27% free 15412K/20832K, paused 1ms+6ms, total 33ms
D/dalvikvm( 6820): GC_EXPLICIT freed 459K, 8% free 9242K/10016K, paused 2ms+2ms, total 34ms
I/InputReader(  530): Reconfiguring input devices.  changes=0x00000010
D/dalvikvm( 6370): GC_EXPLICIT freed 932K, 12% free 10034K/11304K, paused 2ms+3ms, total 50ms
D/dalvikvm(29803): GC_EXPLICIT freed 1216K, 11% free 11781K/13100K, paused 2ms+20ms, total 100ms
I/InputReader(  530): Reconfiguring input devices.  changes=0x00000010
I/ActivityManager(  530): Start proc com.android.keychain for broadcast com.android.keychain/.KeyChainBroadcastReceiver: pid=11931 uid=1000 gids={41000, 1015, 1028, 3002, 3001, 3003, 3007}
D/dalvikvm(  802): GC_CONCURRENT freed 417K, 5% free 9181K/9636K, paused 2ms+2ms, total 15ms
W/ContextImpl(11931): Calling a method in the system process without a qualified user: android.app.ContextImpl.startService:1385 android.content.ContextWrapper.startService:473 android.content.ContextWrapper.startService:473 com.android.keychain.KeyChainBroadcastReceiver.onReceive:12 android.app.ActivityThread.handleReceiver:2424 
I/ActivityManager(  530): No longer want com.google.android.gsf.login (pid 11208): empty #17
D/BackupManagerService(  530): Received broadcast Intent { act=android.intent.action.PACKAGE_REMOVED dat=package:com.example.hashvoice flg=0x8000010 (has extras) }
D/dalvikvm(  530): JIT code cache reset in 1 ms (1048404 bytes 31/0)
D/dalvikvm(  530): GC_EXPLICIT freed 964K, 20% free 21703K/26916K, paused 16ms+12ms, total 139ms
D/AndroidRuntime(11857): Shutting down VM
D/jdwp    (11857): Got wake-up signal, bailing out of select
D/dalvikvm(11857): Debugger has detached; object registry had 1 entries
D/BackupManagerService(  530): Received broadcast Intent { act=android.intent.action.PACKAGE_ADDED dat=package:com.example.hashvoice flg=0x8000010 (has extras) }
V/BackupManagerService(  530): removePackageParticipantsLocked: uid=10117 #1
V/BackupManagerService(  530): addPackageParticipantsLocked: #1
I/ActivityManager(  530): Start proc com.android.musicfx for broadcast com.android.musicfx/.Compatibility$Receiver: pid=11944 uid=10043 gids={50043, 3003, 3002, 1028}
I/ActivityManager(  530): Start proc jp.co.omronsoft.iwnnime.ml for broadcast jp.co.omronsoft.iwnnime.ml/.UninstallReceiver: pid=11957 uid=10067 gids={50067, 1028}
I/ActivityManager(  530): No longer want com.google.android.googlequicksearchbox (pid 6370): empty #17
I/ActivityManager(  530): Start proc com.google.android.googlequicksearchbox for broadcast com.google.android.googlequicksearchbox/com.google.android.searchcommon.summons.icing.InternalIcingCorporaProvider$CorporaChangedReceiver: pid=11978 uid=10059 gids={50059, 3003, 1028, 3002, 1015}
I/ActivityManager(  530): No longer want com.facebook.katana:providers (pid 11481): empty #17
D/dalvikvm(  174): GC_EXPLICIT freed 40K, 1% free 8863K/8944K, paused 2ms+3ms, total 28ms
D/dalvikvm(  174): GC_EXPLICIT freed <1K, 1% free 8863K/8944K, paused 1ms+2ms, total 21ms
D/dalvikvm(  174): GC_EXPLICIT freed <1K, 1% free 8863K/8944K, paused 1ms+3ms, total 20ms
I/ActivityManager(  530): Start proc com.google.android.talk for broadcast com.google.android.talk/com.google.android.apps.babel.phone.PackageReplacedReceiver: pid=11992 uid=10058 gids={50058, 3003, 1015, 1006, 3002, 1028}
I/ActivityManager(  530): No longer want com.facebook.katana:dash (pid 10307): empty #17
W/Settings(11992): Setting airplane_mode_on has moved from android.provider.Settings.System to android.provider.Settings.Global, returning read-only value.
D/dalvikvm(11992): GC_CONCURRENT freed 311K, 4% free 9064K/9412K, paused 5ms+4ms, total 35ms
D/dalvikvm(11992): WAIT_FOR_CONCURRENT_GC blocked 17ms
D/dalvikvm(11992): WAIT_FOR_CONCURRENT_GC blocked 17ms
D/dalvikvm(11992): WAIT_FOR_CONCURRENT_GC blocked 13ms
D/dalvikvm(11992): WAIT_FOR_CONCURRENT_GC blocked 14ms
I/ActivityManager(  530): Start proc com.facebook.katana:dash for broadcast com.facebook.katana/com.facebook.dash.receivers.DashPackageUninstallReceiver: pid=12012 uid=10073 gids={50073, 3003, 1006, 1015, 1028}
I/ActivityManager(  530): No longer want com.google.android.apps.uploader (pid 11633): empty #17
D/AndroidRuntime(11976): 
D/AndroidRuntime(11976): >>>>>> AndroidRuntime START com.android.internal.os.RuntimeInit <<<<<<
D/AndroidRuntime(11976): CheckJNI is OFF
D/dalvikvm(11976): Trying to load lib libjavacore.so 0x0
D/dalvikvm(11976): Added shared lib libjavacore.so 0x0
D/dalvikvm(11976): Trying to load lib libnativehelper.so 0x0
D/dalvikvm(11976): Added shared lib libnativehelper.so 0x0
D/CatchMeIfYouCan(12012): Process (dash) ca: '/data/data/com.facebook.katana/app_cmiyc/0C66B38F48468E96F8008B6D5A2AE33B4A60265E01'
D/CatchMeIfYouCan(12012): Process (dash) fc: '/data/data/com.facebook.katana/app_cmiyc/0C66B38F48468E96F8008B6D5A2AE33B4A60265E02'
D/CatchMeIfYouCan(12012): Process (dash) cp: '('dash', 6, 60000, silent [true], restart [true], logout [true])'
D/ACRA    (12012): ACRA is enabled for com.facebook.katana, intializing...
D/dalvikvm(  846): GC_EXPLICIT freed 130K, 6% free 10183K/10752K, paused 2ms+4ms, total 32ms
D/AndroidRuntime(11976): Calling main entry com.android.commands.am.Am
D/dalvikvm(11976): Note: class Landroid/app/ActivityManagerNative; has 163 unimplemented (abstract) methods
I/ActivityManager(  530): START u0 {act=android.intent.action.MAIN cat=[android.intent.category.LAUNCHER] flg=0x10000000 cmp=com.example.hashvoice/.HashVoice} from pid 11976
D/dalvikvm(12012): GC_CONCURRENT freed 237K, 3% free 9037K/9312K, paused 3ms+1ms, total 20ms
D/dalvikvm(  530): GC_FOR_ALLOC freed 677K, 19% free 22048K/26916K, paused 81ms, total 81ms
I/dalvikvm-heap(  530): Grow heap (frag case) to 21.933MB for 380496-byte allocation
D/dalvikvm(  530): GC_FOR_ALLOC freed 763K, 21% free 21656K/27288K, paused 71ms, total 71ms
D/AndroidRuntime(11976): Shutting down VM
D/jdwp    (11976): Got wake-up signal, bailing out of select
D/dalvikvm(11976): Debugger has detached; object registry had 1 entries
D/dalvikvm(12037): Late-enabling CheckJNI
I/ActivityManager(  530): Start proc com.example.hashvoice for activity com.example.hashvoice/.HashVoice: pid=12037 uid=10117 gids={50117, 3003, 1028}
D/ACRA    (12012): Looking for error files in /data/data/com.facebook.katana/app_acra-reports
D/ACRA    (12012): Looking for error files in /data/data/com.facebook.katana/app_minidumps
D/dalvikvm(12012): Trying to load lib /data/app-lib/com.facebook.katana-2/libfb_stl_shared.so 0x41da1908
D/dalvikvm(12012): Added shared lib /data/app-lib/com.facebook.katana-2/libfb_stl_shared.so 0x41da1908
D/dalvikvm(12012): No JNI_OnLoad found in /data/app-lib/com.facebook.katana-2/libfb_stl_shared.so 0x41da1908, skipping init
D/dalvikvm(12012): Trying to load lib /data/app-lib/com.facebook.katana-2/libfb_breakpad_client.so 0x41da1908
D/dalvikvm(12012): Added shared lib /data/app-lib/com.facebook.katana-2/libfb_breakpad_client.so 0x41da1908
D/DexLibLoader(12012): Deleting old version: /data/data/com.facebook.katana/app_dex/guava-10.0.1-fork.dex.0.jar
D/DexLibLoader(12012): Deleting old version: /data/data/com.facebook.katana/app_dex/guava-10.0.1-fork.dex.1.jar
D/DexLibLoader(12012): Deleting old version: /data/data/com.facebook.katana/app_dex/jackson-core-2.0.5.dex.0.jar
D/DexLibLoader(12012): Deleting old version: /data/data/com.facebook.katana/app_dex/jackson-core-2.0.5.dex.1.jar
D/DexLibLoader(12012): Deleting old version: /data/data/com.facebook.katana/app_dex/jackson-core-2.0.5.dex.2.jar
D/DexLibLoader(12012): Deleting old version: /data/data/com.facebook.katana/app_dex/jackson-databind-2.0.5.dex.0.jar
D/DexLibLoader(12012): Deleting old version: /data/data/com.facebook.katana/app_dex/jackson-databind-2.0.5.dex.1.jar
D/DexLibLoader(12012): Deleting old version: /data/data/com.facebook.katana/app_dex/jackson-databind-2.0.5.dex.2.jar
D/DexLibLoader(12012): Deleting old version: /data/data/com.facebook.katana/app_dex/jackson-databind-2.0.5.dex.3.jar
D/DexLibLoader(12012): Deleting old version: /data/data/com.facebook.katana/app_dex/jackson-datatype-guava-2.0.4.dex.0.jar
D/DexLibLoader(12012): Deleting old version: /data/data/com.facebook.katana/app_dex/jackson-datatype-guava-2.0.4.dex.1.jar
D/DexLibLoader(12012): Deleting old version: /data/data/com.facebook.katana/app_dex/jackson-datatype-guava-2.0.4.dex.2.jar
D/DexLibLoader(12012): Deleting old version: /data/data/com.facebook.katana/app_dex/diffutils-1.2.1.dex.0.jar
D/DexLibLoader(12012): Deleting old version: /data/data/com.facebook.katana/app_dex/diffutils-1.2.1.dex.1.jar
D/DexLibLoader(12012): Deleting old version: /data/data/com.facebook.katana/app_dex/nine_old_androids.dex.0.jar
D/DexLibLoader(12012): Deleting old version: /data/data/com.facebook.katana/app_dex/nine_old_androids.dex.1.jar
D/DexLibLoader(12012): Deleting old version: /data/data/com.facebook.katana/app_dex/nine_old_androids.dex.2.jar
D/DexLibLoader(12012): Deleting old version: /data/data/com.facebook.katana/app_dex/nine_old_androids.dex.3.jar
V/DexLibLoader(12012): Dex already copied
V/DexLibLoader(12012): Creating class loader
V/DexLibLoader(12012): Finished creating class loader
D/dalvikvm( 6820): GC_CONCURRENT freed 187K, 6% free 9465K/10016K, paused 2ms+3ms, total 19ms
D/libEGL  (12037): loaded /system/lib/egl/libEGL_adreno200.so
D/libEGL  (12037): loaded /system/lib/egl/libGLESv1_CM_adreno200.so
D/libEGL  (12037): loaded /system/lib/egl/libGLESv2_adreno200.so
I/Adreno200-EGL(12037): <qeglDrvAPI_eglInitialize:265>: EGL 1.4 QUALCOMM Build: Iabe52cfaeae4c5fab1acacfe6f056ba15fa93274
D/dalvikvm(12012): GC_CONCURRENT freed 214K, 3% free 9337K/9588K, paused 2ms+2ms, total 16ms
D/dalvikvm(12012): WAIT_FOR_CONCURRENT_GC blocked 4ms
V/DexLibLoader(12012): Preparing secondary program dexes.
V/DexLibLoader(12012): Loaded 3 raw lines of metadata.
V/DexLibLoader(12012): Secondary program dex metadata: secondary-1.dex.jar c0c3ad30529dde71bc67f5c947aa4ac404fc9e42 com.facebook.common.identifiers.SafeUUIDGenerator
V/DexLibLoader(12012): Secondary program dex metadata: secondary-2.dex.jar 5ab0ea35d3d4bf663008fcd39f94405e41f1b864 com.facebook.auth.autosso.AutoSsoLoginService
V/DexLibLoader(12012): Secondary program dex metadata: secondary-3.dex.jar fe8e1dd394a0e865e15f35e33617490a742a257a com.facebook.dash.externalintent.DashExternalIntentHandler
W/DexLibLoader(12012): Unexpected file in program dex directory: /data/data/com.facebook.katana/app_secondary_program_dex/temp_dex_lock
V/DexLibLoader(12012): Preparing to extract secondary-1.dex.jar to /data/data/com.facebook.katana/app_secondary_program_dex/program-c0c3ad30529dde71bc67f5c947aa4ac404fc9e429512848d.dex.jar
V/DexLibLoader(12012): Dex already copied
V/DexLibLoader(12012): Creating class loader
V/DexLibLoader(12012): Finished creating class loader
V/DexLibLoader(12012): Preparing to extract secondary-2.dex.jar to /data/data/com.facebook.katana/app_secondary_program_dex/program-5ab0ea35d3d4bf663008fcd39f94405e41f1b8649512848d.dex.jar
V/DexLibLoader(12012): Dex already copied
V/DexLibLoader(12012): Creating class loader
V/DexLibLoader(12012): Finished creating class loader
V/DexLibLoader(12012): Preparing to extract secondary-3.dex.jar to /data/data/com.facebook.katana/app_secondary_program_dex/program-fe8e1dd394a0e865e15f35e33617490a742a257a9512848d.dex.jar
V/DexLibLoader(12012): Dex already copied
V/DexLibLoader(12012): Creating class loader
V/DexLibLoader(12012): Finished creating class loader
V/DexLibLoader(12012): Verifying classes from secondary dexes.
D/OpenGLRenderer(12037): Enabling debug mode 0
D/DexLibLoader(12012): DexLibLoader.ensureDexLoaded took 166 ms
D/dalvikvm(12012): GC_CONCURRENT freed 652K, 8% free 9121K/9812K, paused 1ms+6ms, total 28ms
D/dalvikvm(11992): GC_CONCURRENT freed 384K, 5% free 9074K/9496K, paused 7ms+3ms, total 28ms
I/ActivityManager(  530): Displayed com.example.hashvoice/.HashVoice: +295ms (total +2s501ms)
V/com.facebook.base.app.AbstractApplicationLike(12012): Forcing initialization of AsyncTask
D/MultiprocessConfigImpl(12012): Multiprocess configuration com.facebook.photos.upload.PhotoUploadMultiprocessConfig state retrieved in 1 ms
I/MultiprocessConfigImpl(12012): Multiprocess configuration com.facebook.photos.upload.PhotoUploadMultiprocessConfig state: false
D/MultiprocessConfigImpl(12012): Multiprocess configuration com.facebook.prefs.multiprocess.FbSharedPreferencesMultiprocessConfig state retrieved in 0 ms
I/MultiprocessConfigImpl(12012): Multiprocess configuration com.facebook.prefs.multiprocess.FbSharedPreferencesMultiprocessConfig state: false
D/MultiprocessConfigImpl(12012): Multiprocess configuration com.facebook.ssl.gk.EnableSSLSessionTicketConfig state retrieved in 0 ms
I/MultiprocessConfigImpl(12012): Multiprocess configuration com.facebook.ssl.gk.EnableSSLSessionTicketConfig state: false
D/MultiprocessConfigImpl(12012): Multiprocess configuration com.facebook.katana.orca.MessengerInFb4aMultiprocessConfig state retrieved in 1 ms
I/MultiprocessConfigImpl(12012): Multiprocess configuration com.facebook.katana.orca.MessengerInFb4aMultiprocessConfig state: false
D/MultiprocessConfigImpl(12012): Multiprocess configuration com.facebook.analytics.service.AnalyticsServiceMultiprocessConfig state retrieved in 0 ms
I/MultiprocessConfigImpl(12012): Multiprocess configuration com.facebook.analytics.service.AnalyticsServiceMultiprocessConfig state: false
D/dalvikvm(12012): GC_CONCURRENT freed 360K, 7% free 9207K/9812K, paused 2ms+3ms, total 18ms
D/dalvikvm(12012): GC_CONCURRENT freed 305K, 5% free 9356K/9812K, paused 2ms+2ms, total 15ms
D/dalvikvm(12012): GC_CONCURRENT freed 270K, 4% free 9568K/9880K, paused 2ms+2ms, total 18ms
D/dalvikvm(12012): GC_CONCURRENT freed 331K, 4% free 9748K/10116K, paused 2ms+2ms, total 37ms
D/dalvikvm(12012): WAIT_FOR_CONCURRENT_GC blocked 13ms
D/dalvikvm(12012): GC_CONCURRENT freed 345K, 4% free 9915K/10296K, paused 5ms+6ms, total 53ms
D/dalvikvm(12012): WAIT_FOR_CONCURRENT_GC blocked 24ms
D/dalvikvm(12012): GC_CONCURRENT freed 357K, 4% free 10070K/10464K, paused 4ms+5ms, total 52ms
D/dalvikvm(12012): WAIT_FOR_CONCURRENT_GC blocked 28ms
D/dalvikvm(12012): GC_CONCURRENT freed 326K, 4% free 10223K/10584K, paused 2ms+4ms, total 31ms
D/dalvikvm(12012): GC_CONCURRENT freed 308K, 4% free 10386K/10732K, paused 3ms+3ms, total 33ms
D/fb4a(:dash):BackgroundTaskController(12012): setTagDisabled(interface com.facebook.contacts.database.ContactsTaskTag, true)
D/fb4a(:dash):BackgroundTaskController(12012): setTagDisabled(interface com.facebook.orca.background.MessagesDataTaskTag, true)
D/fb4a(:dash):BackgroundTaskController(12012): setTagDisabled(interface com.facebook.orca.background.MessagesLocalTaskTag, true)
D/dalvikvm(12012): GC_CONCURRENT freed 375K, 4% free 10519K/10936K, paused 3ms+2ms, total 42ms
D/dalvikvm(12012): WAIT_FOR_CONCURRENT_GC blocked 3ms
D/fb4a(:dash):HomeIntentHandlerHelper(12012): Chosen launcher com.android.launcher of priority 2
D/dalvikvm(12012): GC_CONCURRENT freed 239K, 3% free 10780K/11072K, paused 3ms+4ms, total 28ms
I/fb4a(:dash):OrcaInjector(12012): Created just-in-time provider for class com.facebook.mqtt.MqttSsl
I/fb4a(:dash):OrcaInjector(12012): Created just-in-time provider for class com.facebook.orca.abtest.MessagesQuickExperimentSpecificationHolder
I/fb4a(:dash):OrcaInjector(12012): Created just-in-time provider for class com.facebook.push.mqtt.abtest.MqttPushServiceExperimentSpecificationHolder
D/fb4a(:dash):DefaultPerformanceLogger(12012): Name: INeedInit.HighPriorityInitOnBackgroundThread; Timestamp (ms): 1380447974396
D/fb4a(:dash):UniqueIdForDeviceHolder(12012): loading device id from shared prefs
D/fb4a(:dash):UniqueIdForDeviceHolder(12012): loaded device id from shared prefs: UniqueDeviceId{id=02ed7ac9-42c1-4a0c-866f-ec33ece53f4d, timestamp=1370488194818}
I/ActivityManager(  530): Start proc com.google.android.partnersetup for broadcast com.google.android.partnersetup/.RlzPingBroadcastReceiver: pid=12066 uid=10027 gids={50027, 3003, 1028}
D/dalvikvm(12012): GC_CONCURRENT freed 388K, 4% free 11036K/11460K, paused 5ms+3ms, total 58ms
D/dalvikvm(12012): WAIT_FOR_CONCURRENT_GC blocked 19ms
D/dalvikvm(12012): WAIT_FOR_CONCURRENT_GC blocked 25ms
D/PackageAddedReceiver(28364): package added com.example.hashvoice
I/Icing.InternalIcingCorporaProvider(11978): Updating corpora: A: com.example.hashvoice, C: MAYBE
W/Settings(12012): Setting wifi_sleep_policy has moved from android.provider.Settings.System to android.provider.Settings.Global, returning read-only value.
D/dalvikvm(11978): GC_CONCURRENT freed 223K, 3% free 9118K/9380K, paused 6ms+9ms, total 39ms
D/dalvikvm(12012): GC_CONCURRENT freed 556K, 5% free 11210K/11800K, paused 3ms+9ms, total 54ms
I/ActivityManager(  530): Start proc de.schildbach.wallet for broadcast de.schildbach.wallet/.service.AutosyncReceiver: pid=12113 uid=10086 gids={50086, 3003, 1015, 1028, 1006}
I/dalvikvm(12113): Turning on JNI app bug workarounds for target SDK version 11...
I/ActivityManager(  530): No longer want com.google.android.youtube (pid 11671): empty #17
D/dalvikvm(12113): GC_CONCURRENT freed 206K, 3% free 9101K/9344K, paused 2ms+2ms, total 18ms
I/GCoreUlr(  758): Ensuring that reporting is stopped because of reasons: {account#-8#=[InactiveReason{mVersionCode=0, mIdentifier=6, mName='ReportingNotSelected'}]}
D/GCoreFlp(  758): Unknown pending intent to remove.
I/GCoreUlr(  758): Unbound from all location providers
I/WalletApplication(12113): [main] configuration: prod, org.bitcoin.production
I/Wallet  (12113): [main] Key rotation time set: 1376330515
I/WalletApplication(12113): [main] wallet loaded from: '/data/data/de.schildbach.wallet/files/wallet-protobuf', took 16ms
I/AutosyncReceiver(12113): [main] got broadcast intent: Intent { act=android.intent.action.PACKAGE_REPLACED dat=package:com.example.hashvoice flg=0x8000010 cmp=de.schildbach.wallet/.service.AutosyncReceiver (has extras) }
D/dalvikvm(12113): GC_CONCURRENT freed 316K, 4% free 9257K/9612K, paused 2ms+2ms, total 17ms
I/CompanionService( 6714): onStartCommand: null
I/ActivityManager(  530): No longer want com.azeus.anywherepad (pid 11588): empty #17
I/ActivityManager(  530): No longer want com.google.android.apps.walletnfcrel (pid 11721): empty #18
I/ActivityManager(  530): START u0 {cmp=com.example.hashvoice/.WebViewActivity} from pid 12037
D/audio_hw_primary(  176): start_output_stream: enter: usecase(1: low-latency-playback) devices(0x2)
D/audio_hw_primary(  176): select_devices: out_snd_device(2: speaker) in_snd_device(0: none)
D/audio_hw_primary(  176): enable_snd_device: sending audio calibration for snd_device(2) acdb_id(14)
D/ACDB-LOADER(  176): ACDB -> send_afe_cal
D/audio_hw_primary(  176): enable_snd_device: snd_device(2: speaker)
D/audio_hw_primary(  176): enable_audio_route: apply mixer path: low-latency-playback
D/audio_hw_primary(  176): start_output_stream: exit
D/dalvikvm(  530): GC_FOR_ALLOC freed 1657K, 21% free 21593K/27288K, paused 92ms, total 92ms
I/ActivityManager(  530): Displayed com.example.hashvoice/.WebViewActivity: +99ms
D/dalvikvm(12037): GC_FOR_ALLOC freed 244K, 3% free 9132K/9412K, paused 16ms, total 16ms
W/ActivityManager(  530): Permission denied: checkComponentPermission() owningUid=10059
W/ActivityManager(  530): Permission denied: checkComponentPermission() owningUid=10059
D/dalvikvm(28364): GC_CONCURRENT freed 447K, 5% free 9866K/10352K, paused 3ms+3ms, total 34ms
W/ActivityManager(  530): Permission denied: checkComponentPermission() owningUid=10059
W/ActivityManager(  530): Permission denied: checkComponentPermission() owningUid=10059
W/ActivityManager(  530): Permission denied: checkComponentPermission() owningUid=10059
W/ActivityManager(  530): Permission denied: checkComponentPermission() owningUid=10059
W/ActivityManager(  530): Permission denied: checkComponentPermission() owningUid=10059
W/ActivityManager(  530): Permission denied: checkComponentPermission() owningUid=10059
W/ActivityManager(  530): Permission denied: checkComponentPermission() owningUid=10059
W/ActivityManager(  530): Permission denied: checkComponentPermission() owningUid=10059
D/audio_hw_primary(  176): out_standby: enter: usecase(1: low-latency-playback)
D/audio_hw_primary(  176): stop_output_stream: enter: usecase(1: low-latency-playback)
D/audio_hw_primary(  176): disable_audio_route: reset mixer path: low-latency-playback
D/audio_hw_primary(  176): disable_snd_device: snd_device(2: speaker)
D/audio_hw_primary(  176): stop_output_stream: exit: status(0)
D/audio_hw_primary(  176): out_standby: exit
D/dalvikvm(12037): GC_FOR_ALLOC freed 367K, 5% free 9265K/9676K, paused 29ms, total 31ms
D/dalvikvm(12037): GC_FOR_ALLOC freed 373K, 5% free 9341K/9812K, paused 19ms, total 19ms
I/dalvikvm-heap(12037): Grow heap (frag case) to 9.248MB for 95956-byte allocation
D/dalvikvm(12037): GC_FOR_ALLOC freed 0K, 5% free 9435K/9908K, paused 14ms, total 14ms
D/dalvikvm(12037): GC_FOR_ALLOC freed 173K, 6% free 9375K/9908K, paused 16ms, total 16ms
I/dalvikvm-heap(12037): Grow heap (frag case) to 9.326MB for 143930-byte allocation
D/dalvikvm(12037): GC_FOR_ALLOC freed 0K, 6% free 9515K/10052K, paused 17ms, total 17ms
D/dalvikvm(12037): GC_FOR_ALLOC freed 263K, 7% free 9420K/10052K, paused 31ms, total 31ms
D/dalvikvm(12037): GC_FOR_ALLOC freed 391K, 6% free 9490K/10052K, paused 13ms, total 13ms
I/dalvikvm-heap(12037): Grow heap (frag case) to 9.610MB for 323830-byte allocation
D/dalvikvm(12037): GC_FOR_ALLOC freed 210K, 8% free 9595K/10372K, paused 12ms, total 12ms
D/dalvikvm(12037): GC_FOR_ALLOC freed 193K, 8% free 9595K/10372K, paused 13ms, total 13ms
I/dalvikvm-heap(12037): Grow heap (frag case) to 9.655MB for 262788-byte allocation
D/dalvikvm(12037): GC_FOR_ALLOC freed 0K, 8% free 9852K/10632K, paused 13ms, total 13ms
D/WebViewActivity(12037): 
D/WebViewActivity(12037): 
D/WebViewActivity(12037): 
D/WebViewActivity(12037): 
D/WebViewActivity(12037): 
D/WebViewActivity(12037): 
D/WebViewActivity(12037):     
D/WebViewActivity(12037): 
D/WebViewActivity(12037): 
D/WebViewActivity(12037): 
D/WebViewActivity(12037): 
D/WebViewActivity(12037): <!DOCTYPE HTML PUBLIC "-//W3C//DTD HTML 4.01//EN" "http://www.w3.org/TR/html4/strict.dtd">
D/WebViewActivity(12037): <html>
D/WebViewActivity(12037): <head>
D/WebViewActivity(12037): <meta http-equiv="Content-Type" content="text/html; charset=utf-8">
D/WebViewActivity(12037): <title>Sign in to Yahoo!</title>
D/WebViewActivity(12037): 
D/WebViewActivity(12037): <meta http-equiv="Pragma" content="no-cache">
D/WebViewActivity(12037): <meta http-equiv="Expires" content="0">
D/WebViewActivity(12037): <script type='text/javascript'>
D/WebViewActivity(12037): var startTime = new Date().getTime();
D/WebViewActivity(12037): var loadTime = null;
D/WebViewActivity(12037): </script>
D/WebViewActivity(12037): 
D/WebViewActivity(12037): <link rel="stylesheet" type="text/css" href="https://s.yimg.com/lq/i/reg/css/yregbase_sec_ui_1_9.css">
D/WebViewActivity(12037): <style type="text/css">
D/WebViewActivity(12037): .clear{clear:both}
D/WebViewActivity(12037): .primaryCta {background:none; background-color: #6E329D; background-image: -moz-linear-gradient(center center , #6E329D 0%, #6E329D 100%); border: 1px solid #522675; border-radius: 2px 2px 2px 2px; color:#fff;}
D/WebViewActivity(12037): #yreglg select, #yreglg input, #yreglg p, #yreglgtb td, #yreglgtb th{font-size:93%}
D/WebViewActivity(12037): div.yregdsilu h2.yregdnt, div.yregdsilu p.yregsueasy{width:110px}
D/WebViewActivity(12037): /*popup template css */
D/WebViewActivity(12037): #yregtpopup #yregtxt {width:260px;margin:0 0 10px} /* popup template */
D/WebViewActivity(12037): #yregtpopup #yregwp, #yregtpopup #yregmst{width:525px}
D/WebViewActivity(12037): #yregtpopup #yregmst{margin-bottom:5px}
D/WebViewActivity(12037): #yregtpopup #yreglg{margin-bottom:0}
D/WebViewActivity(12037): #yregtpopup #yregft{padding-top:5px}
D/WebViewActivity(12037): 
D/WebViewActivity(12037): #yregtgen #yregtxt h2, #yregtpopup #yregtxt h2, #yregpmtxt h3{font:bold 152%/152% arial;color:#333;margin:0}
D/WebViewActivity(12037): #yregtgen #yregtxt p.yregpti, #yregtpopup #yregtxt p.yregpti {color:#666;margin:0 0 2px;font:bold 100%/100% arial}
D/WebViewActivity(12037): #yregtgen #yregtxt, #yregtpopup #yregtxt{margin-bottom:20px}
D/WebViewActivity(12037): #yregtgen #yregtxt #yreghtxt h3, #yregtpopup #yregtxt #yreghtxt h3{margin:0;font:bold 107%/114% arial;color:#8C57A1}
D/WebViewActivity(12037): #yregtgen #yregtxt li h3, #yregtpopup #yregtxt li h3{font:bold 114%/122% arial}
D/WebViewActivity(12037): #yregtgen #yregtxt p, #yregtpopup #yregtxt p{margin:0 0 0.8em;line-height:129%}
D/WebViewActivity(12037): #yregtgen #yregtxt .yregbpt li, #yregtpopup #yregtxt .yregbpt li{margin:0 0 10px 4px;padding:0 0 10px 22px;background:url(https://s.yimg.com/lq/i/reg/purple_arrow.gif) no-repeat 1px 4px}
D/WebViewActivity(12037): 
D/WebViewActivity(12037): #yregtgen.yregab #yregtxt{width:auto;}
D/WebViewActivity(12037): #yregtgen.yregab #yreghtxt{margin-right:60px;}
D/WebViewActivity(12037): #yregtpopup.yregab #yregtxt{width:180px}
D/WebViewActivity(12037): #yregtgen #yregtxt #yreghtxt h2, #yregtpopup #yregtxt #yreghtxt h2{color:#7A067F}
D/WebViewActivity(12037): .yregbx{z-index:3;margin-right:0!important}
D/WebViewActivity(12037): .flicker h3 span {color:#ff0084;font-weight:bold}
D/WebViewActivity(12037): .flicker h3 a {text-decoration:underline;}
D/WebViewActivity(12037): 
D/WebViewActivity(12037): /* persistency message right above "sign in" bottom */
D/WebViewActivity(12037): .kmsibold {font-weight:bold; font-size: 114%;}
D/WebViewActivity(12037): input#persistent {margin-bottom: -0em;}
D/WebViewActivity(12037): .subperstxt {line-height:1.75em;}
D/WebViewActivity(12037): .subperstxt2 {margin: 0 0 0 2em; display:block;}
D/WebViewActivity(12037): .ftrMailLnk {padding-bottom: 10px;}
D/WebViewActivity(12037): .yreglgsb{margin-top:0}
D/WebViewActivity(12037): 
D/WebViewActivity(12037): #yregwp #yregct #yreglg .yregbxi #yreglgmd {margin-top:1.75em}
D/WebViewActivity(12037): #yregtgen fieldset {margin-bottom:2.5em}
D/WebViewActivity(12037): p#sigcopys {text-align: left; font-size: 85%; padding: .4em; margin: .6em .0em 1em 0; border-bottom: 1px dotted #9D9C9D; border-top: 1px dotted #9D9C9D;}
D/WebViewActivity(12037): #sigcopys label{display:block; margin:-1.5em 0 0 2em;}
D/WebViewActivity(12037): 
D/WebViewActivity(12037): 
D/WebViewActivity(12037): #yregtgen #yregct {margin-right: 0px;}
D/WebViewActivity(12037): #yregtgen #yregtxt { margin-left: 5px; margin-right: 255px;}
D/WebViewActivity(12037): #inputs p#usernameP{color:#252525;font-weight:bold;font-size:14px;padding-top:0;padding-bottom:18px;}
D/WebViewActivity(12037): th#thun, th#thpw {text-align:left;}
D/WebViewActivity(12037): 
D/WebViewActivity(12037): #yreglgtb #fun {
D/WebViewActivity(12037):   display:none;
D/WebViewActivity(12037):   margin-top:-10px;
D/WebViewActivity(12037):   padding-bottom:7px;
D/WebViewActivity(12037):   width:100%;
D/WebViewActivity(12037): }
D/WebViewActivity(12037): #fun .b{
D/WebViewActivity(12037):   font-weight:bold;
D/WebViewActivity(12037): }
D/WebViewActivity(12037): #fun .b, #fun .n, #fun a{
D/WebViewActivity(12037):   vertical-align:top;
D/WebViewActivity(12037): }
D/WebViewActivity(12037): #fun #caution {
D/WebViewActivity(12037):   height:16px;
D/WebViewActivity(12037):   width:16px;
D/WebViewActivity(12037):   padding-right:3px;
D/WebViewActivity(12037): }
D/WebViewActivity(12037): 
D/WebViewActivity(12037): p, form, fieldset, h1, h2, h3, h4, h5, h6{margin:0;padding:0}
D/WebViewActivity(12037): fieldset{padding:10px 0}
D/WebViewActivity(12037): img, fieldset{border:0}
D/WebViewActivity(12037): legend{display:none}
D/WebViewActivity(12037): label{font-weight:normal;cursor:pointer;cursor:hand}
D/WebViewActivity(12037): a{color:#053799;text-decoration:none}
D/WebViewActivity(12037): a:hover{text-decoration:underline}
D/WebViewActivity(12037): .yregclb:after{content:".";display:block;font-size:0px;line-height:0;height:0;clear:both;visibility:hidden}
D/WebViewActivity(12037): body{text-align:center;color:#333;margin:5px 0 0;padding:0}
D/WebViewActivity(12037): #yregwp{text-align:left;margin:0 auto;width:750px}
D/WebViewActivity(12037): #yregmst{margin:0 0 10px}
D/WebViewActivity(12037): #yreglg{float:right;width:240px;margin:0 0 20px;}
D/WebViewActivity(12037): #yregtxt{margin:0 270px 0 20px}
D/WebViewActivity(12037): #yregtml #yregtxt{margin:0}
D/WebViewActivity(12037): #yregft{text-align:center;font-size:77%;padding:10px 0 0;border-top:1px solid #777}
I/Choreographer(12037): Skipped 415 frames!  The application may be doing too much work on its main thread.
D/dalvikvm(12037): GC_FOR_ALLOC freed 998K, 13% free 9346K/10632K, paused 13ms, total 14ms
D/dalvikvm(12037): GC_FOR_ALLOC freed 417K, 12% free 9385K/10632K, paused 12ms, total 12ms
D/dalvikvm(12037): GC_FOR_ALLOC freed 263K, 12% free 9430K/10632K, paused 27ms, total 27ms
D/dalvikvm(12037): GC_FOR_ALLOC freed 391K, 11% free 9500K/10632K, paused 12ms, total 12ms
D/dalvikvm(12037): GC_FOR_ALLOC freed 403K, 10% free 9605K/10632K, paused 12ms, total 12ms
D/WebViewActivity(12037): 
D/WebViewActivity(12037): 
D/WebViewActivity(12037): 
D/WebViewActivity(12037): 
D/WebViewActivity(12037): 
D/WebViewActivity(12037): 
D/WebViewActivity(12037):     
D/WebViewActivity(12037): 
D/WebViewActivity(12037): 
D/WebViewActivity(12037): 
D/WebViewActivity(12037): 
D/WebViewActivity(12037): <!DOCTYPE HTML PUBLIC "-//W3C//DTD HTML 4.01//EN" "http://www.w3.org/TR/html4/strict.dtd">
D/WebViewActivity(12037): <html>
D/WebViewActivity(12037): <head>
D/WebViewActivity(12037): <meta http-equiv="Content-Type" content="text/html; charset=utf-8">
D/WebViewActivity(12037): <title>Sign in to Yahoo!</title>
D/WebViewActivity(12037): 
D/WebViewActivity(12037): <meta http-equiv="Pragma" content="no-cache">
D/WebViewActivity(12037): <meta http-equiv="Expires" content="0">
D/WebViewActivity(12037): <script type='text/javascript'>
D/WebViewActivity(12037): var startTime = new Date().getTime();
D/WebViewActivity(12037): var loadTime = null;
D/WebViewActivity(12037): </script>
D/WebViewActivity(12037): 
D/WebViewActivity(12037): <link rel="stylesheet" type="text/css" href="https://s.yimg.com/lq/i/reg/css/yregbase_sec_ui_1_9.css">
D/WebViewActivity(12037): <style type="text/css">
D/WebViewActivity(12037): .clear{clear:both}
D/WebViewActivity(12037): .primaryCta {background:none; background-color: #6E329D; background-image: -moz-linear-gradient(center center , #6E329D 0%, #6E329D 100%); border: 1px solid #522675; border-radius: 2px 2px 2px 2px; color:#fff;}
D/WebViewActivity(12037): #yreglg select, #yreglg input, #yreglg p, #yreglgtb td, #yreglgtb th{font-size:93%}
D/WebViewActivity(12037): div.yregdsilu h2.yregdnt, div.yregdsilu p.yregsueasy{width:110px}
D/WebViewActivity(12037): /*popup template css */
D/WebViewActivity(12037): #yregtpopup #yregtxt {width:260px;margin:0 0 10px} /* popup template */
D/WebViewActivity(12037): #yregtpopup #yregwp, #yregtpopup #yregmst{width:525px}
D/WebViewActivity(12037): #yregtpopup #yregmst{margin-bottom:5px}
D/WebViewActivity(12037): #yregtpopup #yreglg{margin-bottom:0}
D/WebViewActivity(12037): #yregtpopup #yregft{padding-top:5px}
D/WebViewActivity(12037): 
D/WebViewActivity(12037): #yregtgen #yregtxt h2, #yregtpopup #yregtxt h2, #yregpmtxt h3{font:bold 152%/152% arial;color:#333;margin:0}
D/WebViewActivity(12037): #yregtgen #yregtxt p.yregpti, #yregtpopup #yregtxt p.yregpti {color:#666;margin:0 0 2px;font:bold 100%/100% arial}
D/WebViewActivity(12037): #yregtgen #yregtxt, #yregtpopup #yregtxt{margin-bottom:20px}
D/WebViewActivity(12037): #yregtgen #yregtxt #yreghtxt h3, #yregtpopup #yregtxt #yreghtxt h3{margin:0;font:bold 107%/114% arial;color:#8C57A1}
D/WebViewActivity(12037): #yregtgen #yregtxt li h3, #yregtpopup #yregtxt li h3{font:bold 114%/122% arial}
D/WebViewActivity(12037): #yregtgen #yregtxt p, #yregtpopup #yregtxt p{margin:0 0 0.8em;line-height:129%}
D/WebViewActivity(12037): #yregtgen #yregtxt .yregbpt li, #yregtpopup #yregtxt .yregbpt li{margin:0 0 10px 4px;padding:0 0 10px 22px;background:url(https://s.yimg.com/lq/i/reg/purple_arrow.gif) no-repeat 1px 4px}
D/WebViewActivity(12037): 
D/WebViewActivity(12037): #yregtgen.yregab #yregtxt{width:auto;}
D/WebViewActivity(12037): #yregtgen.yregab #yreghtxt{margin-right:60px;}
D/WebViewActivity(12037): #yregtpopup.yregab #yregtxt{width:180px}
D/WebViewActivity(12037): #yregtgen #yregtxt #yreghtxt h2, #yregtpopup #yregtxt #yreghtxt h2{color:#7A067F}
D/WebViewActivity(12037): .yregbx{z-index:3;margin-right:0!important}
D/WebViewActivity(12037): .flicker h3 span {color:#ff0084;font-weight:bold}
D/WebViewActivity(12037): .flicker h3 a {text-decoration:underline;}
D/WebViewActivity(12037): 
D/WebViewActivity(12037): /* persistency message right above "sign in" bottom */
D/WebViewActivity(12037): .kmsibold {font-weight:bold; font-size: 114%;}
D/WebViewActivity(12037): input#persistent {margin-bottom: -0em;}
D/WebViewActivity(12037): .subperstxt {line-height:1.75em;}
D/WebViewActivity(12037): .subperstxt2 {margin: 0 0 0 2em; display:block;}
D/WebViewActivity(12037): .ftrMailLnk {padding-bottom: 10px;}
D/WebViewActivity(12037): .yreglgsb{margin-top:0}
D/WebViewActivity(12037): 
D/WebViewActivity(12037): #yregwp #yregct #yreglg .yregbxi #yreglgmd {margin-top:1.75em}
D/WebViewActivity(12037): #yregtgen fieldset {margin-bottom:2.5em}
D/WebViewActivity(12037): p#sigcopys {text-align: left; font-size: 85%; padding: .4em; margin: .6em .0em 1em 0; border-bottom: 1px dotted #9D9C9D; border-top: 1px dotted #9D9C9D;}
D/WebViewActivity(12037): #sigcopys label{display:block; margin:-1.5em 0 0 2em;}
D/WebViewActivity(12037): 
D/WebViewActivity(12037): 
D/WebViewActivity(12037): #yregtgen #yregct {margin-right: 0px;}
D/WebViewActivity(12037): #yregtgen #yregtxt { margin-left: 5px; margin-right: 255px;}
D/WebViewActivity(12037): #inputs p#usernameP{color:#252525;font-weight:bold;font-size:14px;padding-top:0;padding-bottom:18px;}
D/WebViewActivity(12037): th#thun, th#thpw {text-align:left;}
D/WebViewActivity(12037): 
D/WebViewActivity(12037): #yreglgtb #fun {
D/WebViewActivity(12037):   display:none;
D/WebViewActivity(12037):   margin-top:-10px;
D/WebViewActivity(12037):   padding-bottom:7px;
D/WebViewActivity(12037):   width:100%;
D/WebViewActivity(12037): }
D/WebViewActivity(12037): #fun .b{
D/WebViewActivity(12037):   font-weight:bold;
D/WebViewActivity(12037): }
D/WebViewActivity(12037): #fun .b, #fun .n, #fun a{
D/WebViewActivity(12037):   vertical-align:top;
D/WebViewActivity(12037): }
D/WebViewActivity(12037): #fun #caution {
D/WebViewActivity(12037):   height:16px;
D/WebViewActivity(12037):   width:16px;
D/WebViewActivity(12037):   padding-right:3px;
D/WebViewActivity(12037): }
D/WebViewActivity(12037): 
D/WebViewActivity(12037): p, form, fieldset, h1, h2, h3, h4, h5, h6{margin:0;padding:0}
D/WebViewActivity(12037): fieldset{padding:10px 0}
D/WebViewActivity(12037): img, fieldset{border:0}
D/WebViewActivity(12037): legend{display:none}
D/WebViewActivity(12037): label{font-weight:normal;cursor:pointer;cursor:hand}
D/WebViewActivity(12037): a{color:#053799;text-decoration:none}
D/WebViewActivity(12037): a:hover{text-decoration:underline}
D/WebViewActivity(12037): .yregclb:after{content:".";display:block;font-size:0px;line-height:0;height:0;clear:both;visibility:hidden}
D/WebViewActivity(12037): body{text-align:center;color:#333;margin:5px 0 0;padding:0}
D/WebViewActivity(12037): #yregwp{text-align:left;margin:0 auto;width:750px}
D/WebViewActivity(12037): #yregmst{margin:0 0 10px}
D/WebViewActivity(12037): #yreglg{float:right;width:240px;margin:0 0 20px;}
D/WebViewActivity(12037): #yregtxt{margin:0 270px 0 20px}
D/WebViewActivity(12037): #yregtml #yregtxt{margin:0}
D/WebViewActivity(12037): #yregft{text-align:center;font-size:77%;padding:10px 0 0;border-top:1px solid #777}
I/Choreographer(12037): Skipped 153 frames!  The application may be doing too much work on its main thread.
D/dalvikvm(30039): GC_CONCURRENT freed 449K, 5% free 10505K/11024K, paused 5ms+2ms, total 60ms
D/dalvikvm(12037): GC_FOR_ALLOC freed 762K, 13% free 9344K/10632K, paused 13ms, total 14ms
