I/WindowState(  530): WIN DEATH: Window{41dd1688 u0 com.example.hashvoice/com.example.hashvoice.WebViewActivity}
I/WindowState(  530): WIN DEATH: Window{425b2be8 u0 com.example.hashvoice/com.example.hashvoice.CameraMainActivity}
I/PowerManagerService(  530): Going to sleep due to screen timeout...
I/ActivityManager(  530): Start proc com.google.android.deskclock for service com.google.android.deskclock/com.android.alarmclock.DigitalAppWidgetService: pid=9908 uid=10014 gids={50014, 1028}
D/PhoneStatusBar(  633): disable: < expand icons alerts ticker system_info back home RECENT* clock search >
D/PhoneStatusBar(  633): disable: < expand icons alerts ticker system_info BACK* HOME* RECENT CLOCK* search >
I/ActivityManager(  530): No longer want com.gogii.textplus (pid 6537): empty #17
W/ActivityManager(  530): Scheduling restart of crashed service com.gogii.textplus/.service.BackgroundPullService in 5000ms
I/ActivityManager(  530): Start proc com.gogii.textplus for service com.gogii.textplus/.service.BackgroundPullService: pid=9929 uid=10105 gids={50105, 3003, 1015, 3002, 1028}
W/ActivityManager(  530): Unable to start service Intent { act=com.google.android.gms.analytics.service.START (has extras) } U=0: not found
W/ActivityManager(  530): Unable to start service Intent { act=com.google.android.gms.analytics.service.START (has extras) } U=0: not found
I/ActivityManager(  530): Start proc com.azeus.anywherepad for broadcast com.azeus.anywherepad/.conn.ConnectivityReceiver: pid=10001 uid=10033 gids={50033, 1015, 3003, 1028}
D/ConnectivityService(  530): Captive portal check NetworkInfo: type: WIFI[], state: CONNECTING/CAPTIVE_PORTAL_CHECK, reason: (unspecified), extra: "Y!Guest", roaming: false, failover: false, isAvailable: true
D/ConnectivityService(  530): ConnectivityChange for WIFI: CONNECTED/CONNECTED
D/ConnectivityService(  530): handleConnectivityChange: address are the same reset per doReset linkProperty[1]: resetMask=0
D/Nat464Xlat(  530): requiresClat: netType=1, hasIPv4Address=true
I/ActivityManager(  530): No longer want com.android.keychain (pid 9352): empty #17
D/ConnectivityService(  530): NetTransition Wakelock for ConnectedState released by timeout
I/ActivityManager(  530): Start proc com.google.android.apps.uploader for broadcast com.google.android.apps.uploader/com.google.android.picasasync.ConnectivityReceiver: pid=10050 uid=10040 gids={50040, 3003, 1015, 1028}
I/ActivityManager(  530): Start proc com.android.mms for broadcast com.android.mms/.transaction.MmsSystemEventReceiver: pid=10066 uid=10041 gids={50041, 3003, 1015, 1028}
I/ActivityManager(  530): No longer want jp.co.omronsoft.iwnnime.ml (pid 9379): empty #17
D/CountryDetector(  530): The first listener is added
I/ActivityManager(  530): Start proc com.google.android.youtube for broadcast com.google.android.youtube/.app.prefetch.PrefetchService$DeviceStateReceiver: pid=10091 uid=10066 gids={50066, 3003, 1015, 1006, 1028}
I/ActivityManager(  530): No longer want com.google.android.partnersetup (pid 9241): empty #17
D/ConnectivityService(  530): handleInetConditionHoldEnd: net=1, condition=100, published condition=0
I/ActivityManager(  530): Start proc com.google.android.apps.walletnfcrel for broadcast com.google.android.apps.walletnfcrel/com.google.android.apps.wallet.util.WalletNetworkAccessReceiver: pid=10141 uid=10065 gids={50065, 3003, 1028}
I/ActivityManager(  530): No longer want com.google.android.apps.plus (pid 9048): empty #17
I/ActivityManager(  530): No longer want com.facebook.katana:dash (pid 9423): empty #17
I/ActivityManager(  530): Start proc com.google.android.apps.plus for broadcast com.google.android.apps.plus/.service.ConnectivityReceiver: pid=10154 uid=10051 gids={50051, 3003, 3002, 1015, 1006, 1028}
I/ActivityManager(  530): No longer want com.android.musicfx (pid 9366): empty #17
I/ActivityManager(  530): Start proc com.android.defcontainer for service com.android.defcontainer/.DefaultContainerService: pid=10212 uid=10013 gids={50013, 1015, 1023, 2001, 1028}
W/ActivityManager(  530): No content provider found for permission revoke: file:///data/local/tmp/HashVoice.apk
W/ActivityManager(  530): No content provider found for permission revoke: file:///data/local/tmp/HashVoice.apk
I/PackageManager(  530): Copying native libraries to /data/app-lib/vmdl-85680680
I/ActivityManager(  530): Force stopping package com.example.hashvoice appid=10117 user=-1
I/PackageManager(  530): Package com.example.hashvoice codePath changed from /data/app/com.example.hashvoice-1.apk to /data/app/com.example.hashvoice-2.apk; Retaining data and using new
W/PackageManager(  530): Code path for pkg : com.example.hashvoice changing from /data/app/com.example.hashvoice-1.apk to /data/app/com.example.hashvoice-2.apk
W/PackageManager(  530): Resource path for pkg : com.example.hashvoice changing from /data/app/com.example.hashvoice-1.apk to /data/app/com.example.hashvoice-2.apk
I/ActivityManager(  530): Force stopping package com.example.hashvoice appid=10117 user=-1
I/ActivityManager(  530): Force stopping package com.example.hashvoice appid=10117 user=0
I/ActivityManager(  530): Start proc com.android.keychain for broadcast com.android.keychain/.KeyChainBroadcastReceiver: pid=10242 uid=1000 gids={41000, 1015, 1028, 3002, 3001, 3003, 3007}
W/ContextImpl(10242): Calling a method in the system process without a qualified user: android.app.ContextImpl.startService:1385 android.content.ContextWrapper.startService:473 android.content.ContextWrapper.startService:473 com.android.keychain.KeyChainBroadcastReceiver.onReceive:12 android.app.ActivityThread.handleReceiver:2424 
I/ActivityManager(  530): Start proc com.android.musicfx for broadcast com.android.musicfx/.Compatibility$Receiver: pid=10254 uid=10043 gids={50043, 3003, 3002, 1028}
I/ActivityManager(  530): No longer want com.google.android.talk (pid 9398): empty #17
I/ActivityManager(  530): Start proc jp.co.omronsoft.iwnnime.ml for broadcast jp.co.omronsoft.iwnnime.ml/.UninstallReceiver: pid=10267 uid=10067 gids={50067, 1028}
I/ActivityManager(  530): No longer want de.schildbach.wallet (pid 9503): empty #17
D/BackupManagerService(  530): Received broadcast Intent { act=android.intent.action.PACKAGE_REMOVED dat=package:com.example.hashvoice flg=0x8000010 (has extras) }
I/ActivityManager(  530): Start proc com.google.android.talk for broadcast com.google.android.talk/com.google.android.apps.babel.phone.PackageReplacedReceiver: pid=10287 uid=10058 gids={50058, 3003, 1015, 1006, 3002, 1028}
I/ActivityManager(  530): No longer want com.google.android.gsf.login (pid 8386): empty #17
D/BackupManagerService(  530): Received broadcast Intent { act=android.intent.action.PACKAGE_ADDED dat=package:com.example.hashvoice flg=0x8000010 (has extras) }
V/BackupManagerService(  530): removePackageParticipantsLocked: uid=10117 #1
V/BackupManagerService(  530): addPackageParticipantsLocked: #1
I/ActivityManager(  530): Start proc com.facebook.katana:dash for broadcast com.facebook.katana/com.facebook.dash.receivers.DashPackageUninstallReceiver: pid=10307 uid=10073 gids={50073, 3003, 1006, 1015, 1028}
I/ActivityManager(  530): No longer want com.google.android.deskclock (pid 9908): empty #17
I/ActivityManager(  530): START u0 {act=android.intent.action.MAIN cat=[android.intent.category.LAUNCHER] flg=0x10000000 cmp=com.example.hashvoice/.HashVoice} from pid 10324
I/ActivityManager(  530): Start proc com.example.hashvoice for activity com.example.hashvoice/.HashVoice: pid=10338 uid=10117 gids={50117, 3003, 1028}
I/ActivityManager(  530): Start proc com.google.android.partnersetup for broadcast com.google.android.partnersetup/.RlzPingBroadcastReceiver: pid=10364 uid=10027 gids={50027, 3003, 1028}
I/ActivityManager(  530): No longer want com.google.android.apps.uploader (pid 10050): empty #17
I/ActivityManager(  530): No longer want com.google.android.youtube (pid 10091): empty #17
I/ActivityManager(  530): Start proc de.schildbach.wallet for broadcast de.schildbach.wallet/.service.AutosyncReceiver: pid=10402 uid=10086 gids={50086, 3003, 1015, 1028, 1006}
I/ActivityManager(  530): No longer want com.google.android.apps.walletnfcrel (pid 10141): empty #17
W/ActivityManager(  530): Permission denied: checkComponentPermission() owningUid=10059
W/ActivityManager(  530): Permission denied: checkComponentPermission() owningUid=10059
W/ActivityManager(  530): Permission denied: checkComponentPermission() owningUid=10059
W/ActivityManager(  530): Permission denied: checkComponentPermission() owningUid=10059
W/ActivityManager(  530): Permission denied: checkComponentPermission() owningUid=10059
W/ActivityManager(  530): Permission denied: checkComponentPermission() owningUid=10059
W/ActivityManager(  530): Permission denied: checkComponentPermission() owningUid=10059
W/ActivityManager(  530): Permission denied: checkComponentPermission() owningUid=10059
W/ActivityManager(  530): Permission denied: checkComponentPermission() owningUid=10059
W/ActivityManager(  530): Permission denied: checkComponentPermission() owningUid=10059
I/PowerManagerService(  530): Waking up from sleep...
I/WindowManager(  530): Lock screen displayed!
D/PhoneStatusBar(  633): disable: < expand icons alerts ticker system_info BACK HOME recent* CLOCK search >
D/PhoneStatusBar(  633): disable: < expand icons alerts ticker system_info back* home* recent clock* search >
I/ActivityManager(  530): START u0 {cmp=com.example.hashvoice/.WebViewActivity} from pid 10338
W/ActivityManager(  530): Activity stop timeout for ActivityRecord{4277b3d0 u0 com.example.hashvoice/.HashVoice}
I/ActivityManager(  530): Activity reported stop, but no longer stopping: ActivityRecord{4277b3d0 u0 com.example.hashvoice/.HashVoice}
I/ActivityManager(  530): START u0 {cmp=com.example.hashvoice/.CameraMainActivity} from pid 10338
I/ActivityManager(  530): START u0 {act=android.media.action.IMAGE_CAPTURE cmp=com.google.android.gallery3d/com.android.camera.CameraActivity (has extras)} from pid 10338
I/WindowManager(  530): Screenshot Window{425303e0 u0 com.google.android.gallery3d/com.android.camera.CameraActivity} was all black! mSurfaceLayer=21025 minLayer=21025 maxLayer=21025
I/ActivityManager(  530): No longer want com.azeus.anywherepad (pid 10001): empty #17
I/ActivityManager(  530): START u0 {cmp=com.example.hashvoice/.VoiceRecognitionActivity} from pid 10338
I/ActivityManager(  530): START u0 {act=android.speech.action.RECOGNIZE_SPEECH cmp=com.google.android.googlequicksearchbox/com.google.android.voicesearch.intentapi.IntentApiActivity (has extras)} from pid 10338
I/ActivityManager(  530): Start proc com.google.android.gsf.login for service com.google.android.gms/.auth.GetToken: pid=10681 uid=10023 gids={50023, 3003, 1007, 1028, 1015, 1006, 2001, 3006}
I/ActivityManager(  530): No longer want com.android.mms (pid 10066): empty #17
D/CountryDetector(  530): No listener is left
I/ActivityManager(  530): START u0 {act=com.android.systemui.recent.action.TOGGLE_RECENTS flg=0x10800000 cmp=com.android.systemui/.recent.RecentsActivity (has extras)} from pid 633
I/ActivityManager(  530): No longer want com.android.defcontainer (pid 10212): empty #17
I/ActivityManager(  530): Killing 10338:com.example.hashvoice/u0a10117: remove task
I/WindowState(  530): WIN DEATH: Window{42bac210 u0 com.example.hashvoice/com.example.hashvoice.HashVoice}
I/WindowState(  530): WIN DEATH: Window{42890af8 u0 com.example.hashvoice/com.example.hashvoice.WebViewActivity}
I/WindowState(  530): WIN DEATH: Window{42547e08 u0 com.example.hashvoice/com.example.hashvoice.CameraMainActivity}
I/PowerManagerService(  530): Going to sleep due to screen timeout...
I/ActivityManager(  530): Start proc com.google.android.deskclock for service com.google.android.deskclock/com.android.alarmclock.DigitalAppWidgetService: pid=10825 uid=10014 gids={50014, 1028}
D/PhoneStatusBar(  633): disable: < expand icons alerts ticker system_info back home RECENT* clock search >
D/PhoneStatusBar(  633): disable: < expand icons alerts ticker system_info BACK* HOME* RECENT CLOCK* search >
I/ActivityManager(  530): No longer want com.bamnetworks.mobile.android.gameday.atbat (pid 8482): empty for 1827s
W/ActivityManager(  530): Scheduling restart of crashed service com.bamnetworks.mobile.android.gameday.atbat/com.bamnetworks.mobile.android.gameday.sync.FordSyncLinkService in 5000ms
I/ActivityManager(  530): Start proc com.bamnetworks.mobile.android.gameday.atbat for service com.bamnetworks.mobile.android.gameday.atbat/com.bamnetworks.mobile.android.gameday.sync.FordSyncLinkService: pid=10847 uid=10099 gids={50099, 3003, 3002, 1028}
I/PowerManagerService(  530): Waking up from sleep...
I/WindowManager(  530): Lock screen displayed!
D/PhoneStatusBar(  633): disable: < expand icons alerts ticker system_info BACK HOME recent* CLOCK search >
D/PhoneStatusBar(  633): disable: < expand icons alerts ticker system_info back* home* recent clock* search >
W/InputMethodManagerService(  530): Window already focused, ignoring focus gain of: com.android.internal.view.IInputMethodClient$Stub$Proxy@428e8b18 attribute=android.view.inputmethod.EditorInfo@41e3dcf0, token = android.os.BinderProxy@426feb48
I/ActivityManager(  530): Start proc com.android.defcontainer for service com.android.defcontainer/.DefaultContainerService: pid=10932 uid=10013 gids={50013, 1015, 1023, 2001, 1028}
W/ActivityManager(  530): No content provider found for permission revoke: file:///data/local/tmp/HashVoice.apk
W/ActivityManager(  530): No content provider found for permission revoke: file:///data/local/tmp/HashVoice.apk
I/PackageManager(  530): Copying native libraries to /data/app-lib/vmdl407975152
I/ActivityManager(  530): Force stopping package com.example.hashvoice appid=10117 user=-1
I/PackageManager(  530): Package com.example.hashvoice codePath changed from /data/app/com.example.hashvoice-2.apk to /data/app/com.example.hashvoice-1.apk; Retaining data and using new
W/PackageManager(  530): Code path for pkg : com.example.hashvoice changing from /data/app/com.example.hashvoice-2.apk to /data/app/com.example.hashvoice-1.apk
I/ActivityManager(  530): Force stopping package com.example.hashvoice appid=10117 user=-1
W/PackageManager(  530): Resource path for pkg : com.example.hashvoice changing from /data/app/com.example.hashvoice-2.apk to /data/app/com.example.hashvoice-1.apk
I/ActivityManager(  530): Force stopping package com.example.hashvoice appid=10117 user=0
W/ContextImpl(10242): Calling a method in the system process without a qualified user: android.app.ContextImpl.startService:1385 android.content.ContextWrapper.startService:473 android.content.ContextWrapper.startService:473 com.android.keychain.KeyChainBroadcastReceiver.onReceive:12 android.app.ActivityThread.handleReceiver:2424 
D/BackupManagerService(  530): Received broadcast Intent { act=android.intent.action.PACKAGE_REMOVED dat=package:com.example.hashvoice flg=0x8000010 (has extras) }
D/BackupManagerService(  530): Received broadcast Intent { act=android.intent.action.PACKAGE_ADDED dat=package:com.example.hashvoice flg=0x8000010 (has extras) }
V/BackupManagerService(  530): removePackageParticipantsLocked: uid=10117 #1
V/BackupManagerService(  530): addPackageParticipantsLocked: #1
I/ActivityManager(  530): START u0 {act=android.intent.action.MAIN cat=[android.intent.category.LAUNCHER] flg=0x10000000 cmp=com.example.hashvoice/.HashVoice} from pid 10974
I/ActivityManager(  530): Start proc com.example.hashvoice for activity com.example.hashvoice/.HashVoice: pid=10995 uid=10117 gids={50117, 3003, 1028}
W/ActivityManager(  530): Permission denied: checkComponentPermission() owningUid=10059
W/ActivityManager(  530): Permission denied: checkComponentPermission() owningUid=10059
W/ActivityManager(  530): Permission denied: checkComponentPermission() owningUid=10059
W/ActivityManager(  530): Permission denied: checkComponentPermission() owningUid=10059
W/ActivityManager(  530): Permission denied: checkComponentPermission() owningUid=10059
W/ActivityManager(  530): Permission denied: checkComponentPermission() owningUid=10059
I/ActivityManager(  530): START u0 {cmp=com.example.hashvoice/.WebViewActivity} from pid 10995
I/ActivityManager(  530): START u0 {cmp=com.example.hashvoice/.CameraMainActivity} from pid 10995
I/ActivityManager(  530): START u0 {act=android.media.action.IMAGE_CAPTURE cmp=com.google.android.gallery3d/com.android.camera.CameraActivity (has extras)} from pid 10995
I/WindowManager(  530): Screenshot Window{426ffad8 u0 com.google.android.gallery3d/com.android.camera.CameraActivity} was all black! mSurfaceLayer=21025 minLayer=21025 maxLayer=21025
I/ActivityManager(  530): No longer want com.google.android.gsf.login (pid 10681): empty #17
I/ActivityManager(  530): START u0 {cmp=com.example.hashvoice/.VoiceRecognitionActivity} from pid 10995
I/ActivityManager(  530): START u0 {act=android.speech.action.RECOGNIZE_SPEECH cmp=com.google.android.googlequicksearchbox/com.google.android.voicesearch.intentapi.IntentApiActivity (has extras)} from pid 10995
I/ActivityManager(  530): Start proc com.google.android.gsf.login for service com.google.android.gms/.auth.GetToken: pid=11208 uid=10023 gids={50023, 3003, 1007, 1028, 1015, 1006, 2001, 3006}
I/ActivityManager(  530): No longer want com.google.android.deskclock (pid 10825): empty #17
I/ActivityManager(  530): START u0 {cmp=com.example.hashvoice/.VoiceRecognitionActivity} from pid 10995
I/ActivityManager(  530): START u0 {act=android.speech.action.RECOGNIZE_SPEECH cmp=com.google.android.googlequicksearchbox/com.google.android.voicesearch.intentapi.IntentApiActivity (has extras)} from pid 10995
W/ProcessStats(  530): Skipping unknown process pid 11337
W/ProcessStats(  530): Skipping unknown process pid 11339
I/PowerManagerService(  530): Going to sleep due to screen timeout...
I/ActivityManager(  530): Start proc com.google.android.deskclock for service com.google.android.deskclock/com.android.alarmclock.DigitalAppWidgetService: pid=11410 uid=10014 gids={50014, 1028}
D/PhoneStatusBar(  633): disable: < expand icons alerts ticker system_info back home RECENT* clock search >
D/PhoneStatusBar(  633): disable: < expand icons alerts ticker system_info BACK* HOME* RECENT CLOCK* search >
I/ActivityManager(  530): No longer want com.facebook.katana (pid 5420): empty #17
W/ActivityManager(  530): Scheduling restart of crashed service com.facebook.katana/com.facebook.push.mqtt.MqttPushService in 5000ms
I/ActivityManager(  530): Start proc com.facebook.katana for service com.facebook.katana/com.facebook.push.mqtt.MqttPushService: pid=11431 uid=10073 gids={50073, 3003, 1006, 1015, 1028}
--------- beginning of /dev/log/main
V/fb4a(:<default>):FbSharedPreferences(11431): Pref: /messenger/c2dm/last_push_time: 1377267975204
V/fb4a(:<default>):FbSharedPreferences(11431): Pref: /messenger/c2dm/last_register_time: 1380441470722
V/fb4a(:<default>):FbSharedPreferences(11431): Pref: /messenger/c2dm/last_service_attempt_type: GCM
V/fb4a(:<default>):FbSharedPreferences(11431): Pref: /messenger/c2dm/service_type: GCM
V/fb4a(:<default>):FbSharedPreferences(11431): Pref: /messenger/c2dm/token: APA91bFNCdsO0f6NTZjhMzMdrP4CvszWfNoGvsmv7YXedU7Nk267FKgVscqGylnHL0hqNAfs_xGUOq_LnodM3z9aflMSLdpo1iReWpAGyyJb9Usp-DK-hL4gtPEY6fjeDFyN2uyu_gUyixixU99-oppcZAN8WJE7tg
V/fb4a(:<default>):FbSharedPreferences(11431): Pref: /messenger/c2dm/token_owner: 1104871240
V/fb4a(:<default>):FbSharedPreferences(11431): Pref: /mqtt/retry_interval: 20000
V/fb4a(:<default>):FbSharedPreferences(11431): Pref: /notifications/badge: 0
V/fb4a(:<default>):FbSharedPreferences(11431): Pref: /notifications/last_stale_client_notification_fetch_time_ms: 1370488250017
V/fb4a(:<default>):FbSharedPreferences(11431): Pref: /notifications/last_updated_time: 1380444097053
V/fb4a(:<default>):FbSharedPreferences(11431): Pref: /privacy/default_privacy: {"value":"EVERYONE"}
V/fb4a(:<default>):FbSharedPreferences(11431): Pref: /selfupdate/schedule_interval: 86400000
V/fb4a(:<default>):FbSharedPreferences(11431): Pref: /selfupdate/scheduled_time: 1380527870927
V/fb4a(:<default>):FbSharedPreferences(11431): Pref: /settings/analyticssampling_config: ["FD_FAILED","FD_SUCCEEDED","QR_BACK_PRESSED","QR_CAMERA_EXCEPTION","QR_CODE_RENDERED","QR_CODE_SCANNED","QR_SCANNER_RENDERED","QR_STARTED","TRACKER_FAILURE","acra_folder_info","add_member","app_center_click_detail","audio_cache_disk_read","audio_cache_disk_write","audio_clips_cancelled_by_user","audio_clips_cancelled_too_short","audio_clips_download_error","audio_clips_playback_error","audio_clips_playback_pause","audio_clips_playback_resume","audio_clips_playback_start","audio_clips_send","audio_clips_show_composer","battery_status","bauble_release","bauble_select","best_story_image_not_downloaded","bookmark_click","bookmarks_imp","chat_bar_search_began","chat_bar_search_result_selected","comment_failure_flyout","comment_failure_permalink","comment_request_flyout","comment_request_permalink","comment_retry_failure_flyout","comment_retry_failure_permalink","comment_retry_permalink","complete_nux","composer_post_retry_success","connection_error_view","content","dash_duration","dash_image_cache_disk_read","dash_image_cache_disk_write","dash_image_cache_mem_read","dash_image_cache_read","dash_notification_clear_all","dash_notification_counts","dash_notification_dismiss","dash_notification_impression","dash_notification_open","dash_screen_off_duration","delete_thread","enter_feed_mode","enter_zoom_mode","error","exit_feed_mode","exit_zoom_mode","feed_end_reached","feed_flyout_comment_delete","feed_flyout_comment_delete_failed","feed_flyout_comment_like","feed_flyout_comment_like_failed","feed_flyout_story_like","feed_flyout_story_like_failed","feedback_flyout","feedback_prefetch","feedback_view","finish_location","flow","frames_per_second","http_error","image_not_found_in_cache","import","install_messenger_chat_head_inbox_promo_impression","invalid_stories","launch","leave_conversation","main_image_cache_disk_read","main_image_cache_disk_write","main_image_cache_mem_read","main_image_cache_read","main_image_cache_write","manual_refresh","media_cache_size","media_downloader_failure","media_upload_resize_delete","media_upload_resize_end","media_upload_resize_start","media_upload_unpublished_end","media_upload_unpublished_failure","media_upload_unpublished_start","megaphone_invalid_impression","messaging_push_notif_mqtt_push","model_load","model_op_add","model_op_remove","model_op_update","mqtt_acknowledged_delivery_recv","mqtt_acknowledged_delivery_sent","mqtt_connect_attempt","mqtt_connection","mqtt_connection_retries","mqtt_disconnection_on_failure","mqtt_dns_lookup_duration","mqtt_operation_timeout","mqtt_publish_acknowledged_no_listener","mqtt_response_time","mqtt_socket_connect","muted","new_stories_displayed","new_stories_selected","newsfeed_page_like","newsfeed_page_like_fail","newsfeed_story_like","newsfeed_story_like_fail","not_interested_hide_application_ad_feed_unit","opens_external_intent","orca_service_exception","orientation","panama_messenger_user_status","perf","permalink_comment_delete","permalink_comment_delete_failed","permalink_comment_like","permalink_comment_like_failed","permalink_story_like","permalink_story_like_failed","platform_share_cancel_dialog","platform_storage","prefetch_insertion","process_status","profile_pic_fetch","pyml_hide_feed_unit","pyml_unhide_feed_unit","queue_failure","replayed","reservations_search_failed","reservations_search_received_results","reservations_search_started","send_failure","send_history","send_location","send_message","set","show_application_or_application_ad_feed_unit","show_dash","show_next_story","show_ood_view","soft_error","spurious_send_failure","start_location","store_conversion","story_hidden","story_image_fetch","story_image_out_of_data","story_reported","strict_mode","subtitle_parse_error","swipe_to_next_story","swipe_to_previous_story","tagged_selection","tagged_suggestion","unlike_story","unmuted","update_favorites","update_favorites_failed","update_favorites_success","videoads_fetch_handleintent","videoads_fetch_now","viewport_analytics_upload_failure","
V/fb4a(:<default>):FbSharedPreferences(11431): Pref: /settings/analyticssampling_config_checksum: f5552b19a9b12759896cebabb819d533
V/fb4a(:<default>):FbSharedPreferences(11431): Pref: /settings/analyticsuser_logged_in: true
V/fb4a(:<default>):FbSharedPreferences(11431): Pref: /shared/device_id: 02ed7ac9-42c1-4a0c-866f-ec33ece53f4d
V/fb4a(:<default>):FbSharedPreferences(11431): Pref: /shared/device_id_generate_timestamp: 1370488194818
V/fb4a(:<default>):FbSharedPreferences(11431): Pref: /shared/prefs_converter_version: 2
V/fb4a(:<default>):FbSharedPreferences(11431): Pref: /shared/resource_manager/data_cell_received: 7851
V/fb4a(:<default>):FbSharedPreferences(11431): Pref: /shared/resource_manager/data_cell_sent: 13288
V/fb4a(:<default>):FbSharedPreferences(11431): Pref: /shared/resource_manager/data_wifi_received: 12669830
V/fb4a(:<default>):FbSharedPreferences(11431): Pref: /shared/resource_manager/data_wifi_sent: 8880540
V/fb4a(:<default>):FbSharedPreferences(11431): Pref: /shared/vault/upload_state: end_vault_upload
V/fb4a(:<default>):FbSharedPreferences(11431): Pref: /zero_rating2/clearable/current_zero_rating_status: disabled
V/fb4a(:<default>):FbSharedPreferences(11431): Pref: /zero_rating2/clearable/token: 0
V/fb4a(:<default>):FbSharedPreferences(11431): Pref: /zero_rating2/current_zero_rating_status: unknown
V/fb4a(:<default>):FbSharedPreferences(11431): Pref: /zero_rating2/token: 
D/dalvikvm(11431): Trying to load lib /data/app-lib/com.facebook.katana-2/libfb_fdlimit.so 0x41db4fe0
D/dalvikvm(11431): Added shared lib /data/app-lib/com.facebook.katana-2/libfb_fdlimit.so 0x41db4fe0
D/dalvikvm(11431): GC_CONCURRENT freed 823K, 7% free 12039K/12892K, paused 7ms+5ms, total 69ms
D/dalvikvm(11431): WAIT_FOR_CONCURRENT_GC blocked 16ms
D/dalvikvm(11431): WAIT_FOR_CONCURRENT_GC blocked 16ms
D/dalvikvm(11431): WAIT_FOR_CONCURRENT_GC blocked 16ms
W/Settings(11431): Setting wifi_sleep_policy has moved from android.provider.Settings.System to android.provider.Settings.Global, returning read-only value.
D/dalvikvm(11431): GC_CONCURRENT freed 812K, 7% free 12291K/13140K, paused 3ms+3ms, total 45ms
D/dalvikvm(11431): WAIT_FOR_CONCURRENT_GC blocked 24ms
D/dalvikvm(11431): WAIT_FOR_CONCURRENT_GC blocked 24ms
D/dalvikvm(11431): WAIT_FOR_CONCURRENT_GC blocked 14ms
I/ActivityManager(  530): Start proc com.facebook.katana:providers for content provider com.facebook.katana/.provider.GraphQLNotificationsContentProvider: pid=11481 uid=10073 gids={50073, 3003, 1006, 1015, 1028}
D/CatchMeIfYouCan(11481): Process (providers) ca: '/data/user/0/com.facebook.katana/app_cmiyc/69AD98E9426D8B4FCD1648AF8345610C885D4AC501'
D/CatchMeIfYouCan(11481): Process (providers) fc: '/data/user/0/com.facebook.katana/app_cmiyc/69AD98E9426D8B4FCD1648AF8345610C885D4AC502'
D/CatchMeIfYouCan(11481): Process (providers) cp: '('default', 3, 120000, silent [true], restart [false], logout [false])'
D/ACRA    (11481): ACRA is enabled for com.facebook.katana, intializing...
D/dalvikvm(11481): GC_CONCURRENT freed 243K, 4% free 9024K/9304K, paused 2ms+2ms, total 18ms
D/ACRA    (11481): Looking for error files in /data/user/0/com.facebook.katana/app_acra-reports
D/ACRA    (11481): Looking for error files in /data/user/0/com.facebook.katana/app_minidumps
D/dalvikvm(11481): Trying to load lib /data/app-lib/com.facebook.katana-2/libfb_stl_shared.so 0x41daba48
D/dalvikvm(11431): GC_CONCURRENT freed 899K, 7% free 12539K/13472K, paused 4ms+11ms, total 62ms
D/dalvikvm(11431): WAIT_FOR_CONCURRENT_GC blocked 8ms
D/dalvikvm(11431): WAIT_FOR_CONCURRENT_GC blocked 10ms
D/dalvikvm(11481): Added shared lib /data/app-lib/com.facebook.katana-2/libfb_stl_shared.so 0x41daba48
D/dalvikvm(11481): No JNI_OnLoad found in /data/app-lib/com.facebook.katana-2/libfb_stl_shared.so 0x41daba48, skipping init
D/dalvikvm(11481): Trying to load lib /data/app-lib/com.facebook.katana-2/libfb_breakpad_client.so 0x41daba48
D/dalvikvm(11481): Added shared lib /data/app-lib/com.facebook.katana-2/libfb_breakpad_client.so 0x41daba48
D/dalvikvm(11431): WAIT_FOR_CONCURRENT_GC blocked 14ms
D/dalvikvm(11431): WAIT_FOR_CONCURRENT_GC blocked 14ms
D/dalvikvm(11431): WAIT_FOR_CONCURRENT_GC blocked 14ms
D/DexLibLoader(11481): Deleting old version: /data/user/0/com.facebook.katana/app_dex/guava-10.0.1-fork.dex.0.jar
D/DexLibLoader(11481): Deleting old version: /data/user/0/com.facebook.katana/app_dex/guava-10.0.1-fork.dex.1.jar
D/DexLibLoader(11481): Deleting old version: /data/user/0/com.facebook.katana/app_dex/jackson-core-2.0.5.dex.0.jar
D/DexLibLoader(11481): Deleting old version: /data/user/0/com.facebook.katana/app_dex/jackson-core-2.0.5.dex.1.jar
D/DexLibLoader(11481): Deleting old version: /data/user/0/com.facebook.katana/app_dex/jackson-core-2.0.5.dex.2.jar
D/DexLibLoader(11481): Deleting old version: /data/user/0/com.facebook.katana/app_dex/jackson-databind-2.0.5.dex.0.jar
D/DexLibLoader(11481): Deleting old version: /data/user/0/com.facebook.katana/app_dex/jackson-databind-2.0.5.dex.1.jar
D/DexLibLoader(11481): Deleting old version: /data/user/0/com.facebook.katana/app_dex/jackson-databind-2.0.5.dex.2.jar
D/DexLibLoader(11481): Deleting old version: /data/user/0/com.facebook.katana/app_dex/jackson-databind-2.0.5.dex.3.jar
D/DexLibLoader(11481): Deleting old version: /data/user/0/com.facebook.katana/app_dex/jackson-datatype-guava-2.0.4.dex.0.jar
D/DexLibLoader(11481): Deleting old version: /data/user/0/com.facebook.katana/app_dex/jackson-datatype-guava-2.0.4.dex.1.jar
D/DexLibLoader(11481): Deleting old version: /data/user/0/com.facebook.katana/app_dex/jackson-datatype-guava-2.0.4.dex.2.jar
D/DexLibLoader(11481): Deleting old version: /data/user/0/com.facebook.katana/app_dex/diffutils-1.2.1.dex.0.jar
D/DexLibLoader(11481): Deleting old version: /data/user/0/com.facebook.katana/app_dex/diffutils-1.2.1.dex.1.jar
D/DexLibLoader(11481): Deleting old version: /data/user/0/com.facebook.katana/app_dex/nine_old_androids.dex.0.jar
D/DexLibLoader(11481): Deleting old version: /data/user/0/com.facebook.katana/app_dex/nine_old_androids.dex.1.jar
D/DexLibLoader(11481): Deleting old version: /data/user/0/com.facebook.katana/app_dex/nine_old_androids.dex.2.jar
D/DexLibLoader(11481): Deleting old version: /data/user/0/com.facebook.katana/app_dex/nine_old_androids.dex.3.jar
V/DexLibLoader(11481): Dex already copied
V/DexLibLoader(11481): Creating class loader
V/DexLibLoader(11481): Finished creating class loader
D/dalvikvm(11481): GC_CONCURRENT freed 241K, 3% free 9295K/9572K, paused 1ms+1ms, total 14ms
D/dalvikvm(11481): WAIT_FOR_CONCURRENT_GC blocked 5ms
V/DexLibLoader(11481): Preparing secondary program dexes.
V/DexLibLoader(11481): Loaded 3 raw lines of metadata.
V/DexLibLoader(11481): Secondary program dex metadata: secondary-1.dex.jar c0c3ad30529dde71bc67f5c947aa4ac404fc9e42 com.facebook.common.identifiers.SafeUUIDGenerator
V/DexLibLoader(11481): Secondary program dex metadata: secondary-2.dex.jar 5ab0ea35d3d4bf663008fcd39f94405e41f1b864 com.facebook.auth.autosso.AutoSsoLoginService
V/DexLibLoader(11481): Secondary program dex metadata: secondary-3.dex.jar fe8e1dd394a0e865e15f35e33617490a742a257a com.facebook.dash.externalintent.DashExternalIntentHandler
W/DexLibLoader(11481): Unexpected file in program dex directory: /data/user/0/com.facebook.katana/app_secondary_program_dex/temp_dex_lock
V/DexLibLoader(11481): Preparing to extract secondary-1.dex.jar to /data/user/0/com.facebook.katana/app_secondary_program_dex/program-c0c3ad30529dde71bc67f5c947aa4ac404fc9e429512848d.dex.jar
V/DexLibLoader(11481): Dex already copied
V/DexLibLoader(11481): Creating class loader
V/DexLibLoader(11481): Finished creating class loader
V/DexLibLoader(11481): Preparing to extract secondary-2.dex.jar to /data/user/0/com.facebook.katana/app_secondary_program_dex/program-5ab0ea35d3d4bf663008fcd39f94405e41f1b8649512848d.dex.jar
V/DexLibLoader(11481): Dex already copied
V/DexLibLoader(11481): Creating class loader
V/DexLibLoader(11481): Finished creating class loader
V/DexLibLoader(11481): Preparing to extract secondary-3.dex.jar to /data/user/0/com.facebook.katana/app_secondary_program_dex/program-fe8e1dd394a0e865e15f35e33617490a742a257a9512848d.dex.jar
V/DexLibLoader(11481): Dex already copied
V/DexLibLoader(11481): Creating class loader
V/DexLibLoader(11481): Finished creating class loader
V/DexLibLoader(11481): Verifying classes from secondary dexes.
D/DexLibLoader(11481): DexLibLoader.ensureDexLoaded took 122 ms
D/dalvikvm(11481): GC_CONCURRENT freed 618K, 7% free 9157K/9784K, paused 3ms+1ms, total 24ms
V/com.facebook.base.app.AbstractApplicationLike(11481): Forcing initialization of AsyncTask
D/MultiprocessConfigImpl(11481): Multiprocess configuration com.facebook.photos.upload.PhotoUploadMultiprocessConfig state retrieved in 2 ms
I/MultiprocessConfigImpl(11481): Multiprocess configuration com.facebook.photos.upload.PhotoUploadMultiprocessConfig state: false
D/MultiprocessConfigImpl(11481): Multiprocess configuration com.facebook.prefs.multiprocess.FbSharedPreferencesMultiprocessConfig state retrieved in 0 ms
I/MultiprocessConfigImpl(11481): Multiprocess configuration com.facebook.prefs.multiprocess.FbSharedPreferencesMultiprocessConfig state: false
D/MultiprocessConfigImpl(11481): Multiprocess configuration com.facebook.ssl.gk.EnableSSLSessionTicketConfig state retrieved in 1 ms
I/MultiprocessConfigImpl(11481): Multiprocess configuration com.facebook.ssl.gk.EnableSSLSessionTicketConfig state: false
D/MultiprocessConfigImpl(11481): Multiprocess configuration com.facebook.katana.orca.MessengerInFb4aMultiprocessConfig state retrieved in 0 ms
I/MultiprocessConfigImpl(11481): Multiprocess configuration com.facebook.katana.orca.MessengerInFb4aMultiprocessConfig state: false
D/MultiprocessConfigImpl(11481): Multiprocess configuration com.facebook.analytics.service.AnalyticsServiceMultiprocessConfig state retrieved in 0 ms
I/MultiprocessConfigImpl(11481): Multiprocess configuration com.facebook.analytics.service.AnalyticsServiceMultiprocessConfig state: false
D/dalvikvm(11431): GC_CONCURRENT freed 878K, 7% free 12925K/13792K, paused 7ms+6ms, total 60ms
D/dalvikvm(11431): WAIT_FOR_CONCURRENT_GC blocked 18ms
D/dalvikvm(11481): GC_CONCURRENT freed 383K, 6% free 9223K/9784K, paused 1ms+3ms, total 15ms
D/dalvikvm(11481): GC_CONCURRENT freed 312K, 5% free 9368K/9784K, paused 2ms+2ms, total 15ms
D/dalvikvm(11481): GC_CONCURRENT freed 263K, 4% free 9575K/9876K, paused 1ms+3ms, total 18ms
D/dalvikvm(11431): GC_CONCURRENT freed 1204K, 9% free 13080K/14320K, paused 5ms+4ms, total 48ms
D/dalvikvm(11431): WAIT_FOR_CONCURRENT_GC blocked 31ms
D/dalvikvm(11431): WAIT_FOR_CONCURRENT_GC blocked 33ms
D/dalvikvm(11431): WAIT_FOR_CONCURRENT_GC blocked 32ms
D/dalvikvm(11431): WAIT_FOR_CONCURRENT_GC blocked 30ms
D/dalvikvm(11431): WAIT_FOR_CONCURRENT_GC blocked 30ms
D/dalvikvm(11431): WAIT_FOR_CONCURRENT_GC blocked 23ms
D/dalvikvm(11431): WAIT_FOR_CONCURRENT_GC blocked 24ms
D/dalvikvm(11481): GC_CONCURRENT freed 276K, 4% free 9725K/10040K, paused 2ms+2ms, total 18ms
D/dalvikvm(11481): GC_CONCURRENT freed 302K, 4% free 9874K/10212K, paused 2ms+3ms, total 20ms
D/dalvikvm(11481): GC_CONCURRENT freed 332K, 4% free 10035K/10404K, paused 2ms+4ms, total 29ms
D/fb4a(:providers):BackgroundTaskController(11481): setTagDisabled(interface com.facebook.contacts.database.ContactsTaskTag, true)
D/fb4a(:providers):BackgroundTaskController(11481): setTagDisabled(interface com.facebook.orca.background.MessagesDataTaskTag, true)
D/fb4a(:providers):BackgroundTaskController(11481): setTagDisabled(interface com.facebook.orca.background.MessagesLocalTaskTag, true)
W/fb4a(:<default>):ImmutableBundle(11431): Unsupported value type in bundle for key fb4a_new with value {"new_version":"154780","min_version":"148914","new_version_url":"https://m.facebook.com/mobile_builds?build_number=154780&no_fw=1","new_version_notes":"","everstore_handle":"FuuCCQA5cQwCBxEkAFAANnxuPwYAAAA:"}
W/fb4a(:<default>):ImmutableBundle(11431): Unsupported value type in bundle for key fb4a_master_new with value {"new_version":"130613","new_version_url":"https://m.facebook.com/mobile_builds?build_number=130613&no_fw=1"}
D/dalvikvm(11481): GC_CONCURRENT freed 336K, 4% free 10143K/10524K, paused 4ms+3ms, total 33ms
D/dalvikvm(11431): GC_CONCURRENT freed 1015K, 8% free 13472K/14524K, paused 6ms+5ms, total 63ms
D/dalvikvm(11431): WAIT_FOR_CONCURRENT_GC blocked 29ms
D/dalvikvm(11431): WAIT_FOR_CONCURRENT_GC blocked 29ms
D/dalvikvm(11431): WAIT_FOR_CONCURRENT_GC blocked 22ms
D/dalvikvm(11431): WAIT_FOR_CONCURRENT_GC blocked 30ms
D/dalvikvm(11431): WAIT_FOR_CONCURRENT_GC blocked 30ms
D/dalvikvm(11431): WAIT_FOR_CONCURRENT_GC blocked 31ms
D/dalvikvm(11431): WAIT_FOR_CONCURRENT_GC blocked 31ms
I/fb4a(:providers):OrcaInjector(11481): Created just-in-time provider for class com.facebook.orca.abtest.MessagesQuickExperimentSpecificationHolder
I/fb4a(:providers):OrcaInjector(11481): Created just-in-time provider for class com.facebook.push.mqtt.abtest.MqttPushServiceExperimentSpecificationHolder
D/fb4a(:providers):DefaultPerformanceLogger(11481): Name: INeedInit.HighPriorityInitOnBackgroundThread; Timestamp (ms): 1380447533868
D/dalvikvm(11481): GC_CONCURRENT freed 239K, 3% free 10321K/10600K, paused 3ms+2ms, total 32ms
D/fb4a(:providers):UniqueIdForDeviceHolder(11481): loading device id from shared prefs
D/fb4a(:providers):UniqueIdForDeviceHolder(11481): loaded device id from shared prefs: UniqueDeviceId{id=02ed7ac9-42c1-4a0c-866f-ec33ece53f4d, timestamp=1370488194818}
D/dalvikvm(10307): GC_CONCURRENT freed 622K, 6% free 11347K/12008K, paused 3ms+3ms, total 33ms
I/ActivityManager(  530): No longer want com.android.defcontainer (pid 10932): empty #17
D/dalvikvm(11481): GC_CONCURRENT freed 334K, 4% free 10502K/10872K, paused 3ms+2ms, total 28ms
D/dalvikvm(11481): WAIT_FOR_CONCURRENT_GC blocked 5ms
D/dalvikvm(11481): WAIT_FOR_CONCURRENT_GC blocked 6ms
W/Settings(11481): Setting wifi_sleep_policy has moved from android.provider.Settings.System to android.provider.Settings.Global, returning read-only value.
D/dalvikvm(11431): GC_CONCURRENT freed 1155K, 8% free 13857K/15048K, paused 4ms+5ms, total 58ms
D/dalvikvm(11431): WAIT_FOR_CONCURRENT_GC blocked 47ms
D/dalvikvm(11431): WAIT_FOR_CONCURRENT_GC blocked 49ms
D/dalvikvm(11431): GC_FOR_ALLOC freed 285K, 9% free 14185K/15556K, paused 52ms, total 52ms
D/dalvikvm(11481): GC_CONCURRENT freed 456K, 5% free 10580K/11076K, paused 2ms+2ms, total 28ms
D/dalvikvm(11481): WAIT_FOR_CONCURRENT_GC blocked 22ms
D/dalvikvm(11431): GC_FOR_ALLOC freed 1594K, 16% free 13573K/16000K, paused 47ms, total 48ms
D/dalvikvm(11431): GC_CONCURRENT freed 1507K, 15% free 13639K/16000K, paused 6ms+4ms, total 72ms
D/dalvikvm(11431): WAIT_FOR_CONCURRENT_GC blocked 61ms
D/dalvikvm(11431): WAIT_FOR_CONCURRENT_GC blocked 59ms
I/dalvikvm(11431): Jit: resizing JitTable from 4096 to 8192
D/dalvikvm(11431): GC_CONCURRENT freed 1588K, 15% free 13645K/16000K, paused 6ms+12ms, total 119ms
D/dalvikvm(11431): WAIT_FOR_CONCURRENT_GC blocked 107ms
W/fb4a(:<default>):ImmutableBundle(11431): Unsupported value type in bundle for key fb4a_new with value {"new_version":"154780","min_version":"148914","new_version_url":"https://m.facebook.com/mobile_builds?build_number=154780&no_fw=1","new_version_notes":"","everstore_handle":"FuuCCQA5cQwCBxEkAFAANnxuPwYAAAA:"}
W/fb4a(:<default>):ImmutableBundle(11431): Unsupported value type in bundle for key fb4a_master_new with value {"new_version":"130613","new_version_url":"https://m.facebook.com/mobile_builds?build_number=130613&no_fw=1"}
D/dalvikvm(11431): GC_CONCURRENT freed 1468K, 14% free 13774K/16000K, paused 4ms+4ms, total 65ms
D/dalvikvm(11431): WAIT_FOR_CONCURRENT_GC blocked 45ms
D/dalvikvm(11431): WAIT_FOR_CONCURRENT_GC blocked 46ms
D/dalvikvm(11431): WAIT_FOR_CONCURRENT_GC blocked 45ms
W/IdleConnectionHandler(11431): Removing a connection that never existed!
W/IdleConnectionHandler(11431): Removing a connection that never existed!
W/IdleConnectionHandler(11431): Removing a connection that never existed!
D/dalvikvm(11431): GC_CONCURRENT freed 1473K, 14% free 13884K/16000K, paused 5ms+29ms, total 102ms
D/dalvikvm(  530): GC_CONCURRENT freed 1497K, 16% free 22877K/27108K, paused 2ms+6ms, total 85ms
D/dalvikvm(11481): GC_CONCURRENT freed 522K, 6% free 10596K/11184K, paused 11ms+14ms, total 53ms
D/dalvikvm(11481): WAIT_FOR_CONCURRENT_GC blocked 24ms
D/dalvikvm(10307): GC_CONCURRENT freed 669K, 7% free 11438K/12212K, paused 6ms+2ms, total 57ms
D/dalvikvm(10307): WAIT_FOR_CONCURRENT_GC blocked 37ms
D/dalvikvm(11431): GC_FOR_ALLOC freed 865K, 13% free 13925K/16000K, paused 48ms, total 48ms
D/dalvikvm(11431): GC_CONCURRENT freed 1746K, 14% free 13869K/16000K, paused 10ms+5ms, total 119ms
D/dalvikvm(11431): WAIT_FOR_CONCURRENT_GC blocked 56ms
D/dalvikvm(11431): GC_CONCURRENT freed 1634K, 14% free 13906K/16000K, paused 5ms+5ms, total 78ms
D/dalvikvm(11431): WAIT_FOR_CONCURRENT_GC blocked 64ms
D/dalvikvm(11431): GC_CONCURRENT freed 1653K, 13% free 13937K/16000K, paused 4ms+5ms, total 67ms
D/dalvikvm(11431): WAIT_FOR_CONCURRENT_GC blocked 50ms
D/dalvikvm(11431): GC_CONCURRENT freed 1649K, 13% free 13981K/16000K, paused 5ms+4ms, total 68ms
D/dalvikvm(11431): WAIT_FOR_CONCURRENT_GC blocked 55ms
W/IdleConnectionHandler(11431): Removing a connection that never existed!
D/dalvikvm(11431): GC_CONCURRENT freed 1590K, 12% free 14100K/16000K, paused 4ms+4ms, total 63ms
D/dalvikvm(11431): WAIT_FOR_CONCURRENT_GC blocked 50ms
D/dalvikvm(11481): GC_FOR_ALLOC freed 360K, 6% free 10525K/11184K, paused 54ms, total 54ms
W/IdleConnectionHandler(11431): Removing a connection that never existed!
D/dalvikvm(11431): GC_CONCURRENT freed 1737K, 13% free 13987K/15920K, paused 4ms+5ms, total 63ms
D/dalvikvm(11431): GC_FOR_ALLOC freed 355K, 10% free 14430K/15920K, paused 55ms, total 55ms
D/dalvikvm(11431): GC_FOR_ALLOC freed 13K, 10% free 14624K/16124K, paused 53ms, total 53ms
D/dalvikvm(11431): GC_FOR_ALLOC freed 200K, 11% free 14724K/16428K, paused 53ms, total 53ms
W/IdleConnectionHandler(11431): Removing a connection that never existed!
I/ActivityManager(  530): Start proc com.azeus.anywherepad for broadcast com.azeus.anywherepad/.conn.ConnectivityReceiver: pid=11588 uid=10033 gids={50033, 1015, 3003, 1028}
D/ConnectivityService(  530): Captive portal check NetworkInfo: type: WIFI[], state: CONNECTING/CAPTIVE_PORTAL_CHECK, reason: (unspecified), extra: "Y!Guest", roaming: false, failover: false, isAvailable: true
D/dalvikvm(  174): GC_EXPLICIT freed 40K, 1% free 8863K/8944K, paused 2ms+2ms, total 44ms
D/ConnectivityService(  530): ConnectivityChange for WIFI: CONNECTED/CONNECTED
D/dalvikvm(  174): GC_EXPLICIT freed <1K, 1% free 8863K/8944K, paused 1ms+2ms, total 19ms
D/dalvikvm(  174): GC_EXPLICIT freed <1K, 1% free 8863K/8944K, paused 1ms+2ms, total 19ms
D/ConnectivityService(  530): handleConnectivityChange: address are the same reset per doReset linkProperty[1]: resetMask=0
D/Nat464Xlat(  530): requiresClat: netType=1, hasIPv4Address=true
D/wifi_state(11588): networkInfo.getDetailedState(): VERIFYING_POOR_LINK
D/wifi_state(11588): networkInfo.getDetailedState(): CAPTIVE_PORTAL_CHECK
D/wifi_state(11588): Wifi is connected
D/wifi_state(11588): networkInfo.getDetailedState(): CONNECTED
I/ActivityManager(  530): No longer want com.android.keychain (pid 10242): empty #17
W/IdleConnectionHandler(11431): Removing a connection that never existed!
D/ConnectivityService(  530): NetTransition Wakelock for ConnectedState released by timeout
D/Tethering(  530): MasterInitialState.processMessage what=3
E/        (  530): W/virtual loc_api_adapter_err LocApiAdapter::enableData(int): default implementation invoked
E/        (  530): W/virtual loc_api_adapter_err LocApiAdapter::setAPN(char*, int): default implementation invoked
I/ActivityManager(  530): Start proc com.google.android.apps.uploader for broadcast com.google.android.apps.uploader/com.google.android.picasasync.ConnectivityReceiver: pid=11633 uid=10040 gids={50040, 3003, 1015, 1028}
I/ActivityManager(  530): Start proc com.android.mms for broadcast com.android.mms/.transaction.MmsSystemEventReceiver: pid=11646 uid=10041 gids={50041, 3003, 1015, 1028}
I/ActivityManager(  530): No longer want jp.co.omronsoft.iwnnime.ml (pid 10267): empty #17
D/PicasaUploader(11633):    wifiOnlyPhoto changed to true
D/PicasaUploader(11633):    wifiOnlyVideo changed to true
D/PicasaUploader(11633):    syncOnBattery changed to true
D/CountryDetector(  530): The first listener is added
D/PicasaUploaderSync(11633): sync account database
V/MmsConfig(11646): mnc/mcc: 310260
V/MmsConfig(11646): tag: int value: maxMessageSize - 1048576
V/MmsConfig(11646): tag: int value: maxImageHeight - 1944
V/MmsConfig(11646): tag: int value: maxImageWidth - 2592
V/MmsConfig(11646): tag: string value: userAgent - Nexus4
V/MmsConfig(11646): tag: string value: uaProfUrl - http://www.google.com/oha/rdf/ua-profile-kila.xml
D/PicasaUploaderSync(11633): accounts in DB=1
D/PicasaUploaderSyncManager(11633): active network: NetworkInfo: type: WIFI[], state: CONNECTED/CONNECTED, reason: (unspecified), extra: "Y!Guest", roaming: false, failover: false, isAvailable: true
D/PicasaUploaderSyncManager(11633): background data: true
D/PicasaUploaderSyncManager(11633): battery info: true
I/ActivityManager(  530): Start proc com.google.android.youtube for broadcast com.google.android.youtube/.app.prefetch.PrefetchService$DeviceStateReceiver: pid=11671 uid=10066 gids={50066, 3003, 1015, 1006, 1028}
I/ActivityManager(  530): No longer want com.google.android.partnersetup (pid 10364): empty #17
D/dalvikvm(  846): GC_EXPLICIT freed 248K, 6% free 10185K/10752K, paused 2ms+4ms, total 31ms
D/YouTube (11671): apps.youtube.core.utils.ay.a:41 HttpClient.UserAgent: com.google.android.youtube/5.1.10(Linux; U; Android 4.3; en_US; Nexus 4 Build/JWR66Y)
D/YouTube (11671): apps.youtube.core.utils.ay.a:41 HttpClient.UserAgent: com.google.android.youtube/5.1.10(Linux; U; Android 4.3; en_US; Nexus 4 Build/JWR66Y)
D/dalvikvm(11671): GC_CONCURRENT freed 278K, 4% free 9012K/9328K, paused 4ms+4ms, total 46ms
D/YouTube (11671): apps.youtube.core.client.r.a:114 event [version=5.1.10-s100, action=Startup, label=NORMAL_STARTUP, value=-1]
D/ConnectivityService(  530): handleInetConditionHoldEnd: net=1, condition=100, published condition=0
D/YouTube (11671): apps.youtube.core.cache.f.run:163 Cache is below limit, no need to shrink: [size=0, limit=20971520]
D/dalvikvm(11671): GC_CONCURRENT freed 257K, 4% free 9182K/9476K, paused 3ms+1ms, total 19ms
D/dalvikvm(11671): DexOpt: --- BEGIN 'ads-417620107.jar' (bootstrap=0) ---
D/dalvikvm(11700): DexOpt: load 3ms, verify+opt 5ms, 153556 bytes
D/dalvikvm(11671): DexOpt: --- END 'ads-417620107.jar' (success) ---
D/dalvikvm(11671): DEX prep '/data/data/com.google.android.youtube/cache/ads-417620107.jar': unzip in 0ms, rewrite 56ms
D/dalvikvm(11671): GC_CONCURRENT freed 253K, 4% free 9361K/9652K, paused 3ms+6ms, total 34ms
I/GoogleConversionPing(11671): Pinging: http://www.googleadservices.com/pagead/conversion/1001680686/?label=4dahCKKczAYQrt7R3QM&value=&muid=4SglYnwSeKVTj5i8tU7SHA&bundleid=com.google.android.youtube&appversion=5.1.10&osversion=4.3&sdkversion=ct-sdk-a-v1.1.0&remarketing_only=1&timestamp=1380447548&data=screen_name%3D%3CAndroid_YT_Open_App%3E
D/YouTube (11671): youtube.app.prefetch.PrefetchService$DeviceStateReceiver.onReceive:571 Got device state change intent: android.net.conn.CONNECTIVITY_CHANGE
D/YouTube (11671): apps.youtube.core.transfer.TransferService.onCreate:108 creating transfer service
I/ActivityManager(  530): Start proc com.google.android.apps.walletnfcrel for broadcast com.google.android.apps.walletnfcrel/com.google.android.apps.wallet.util.WalletNetworkAccessReceiver: pid=11721 uid=10065 gids={50065, 3003, 1028}
D/YouTube (11671): youtube.app.prefetch.PrefetchService.onStartCommand:171 PrefetchService started at 29 Sep 2013 09:39:08 GMT
D/YouTube (11671): youtube.app.prefetch.PrefetchService.a:252 Download snapshot restored
D/YouTube (11671): youtube.app.prefetch.PrefetchService.onDestroy:222 PrefetchService destroyed at 29 Sep 2013 09:39:08 GMT
I/ActivityManager(  530): No longer want com.google.android.apps.plus (pid 10154): empty #17
D/GCM     (  846): GcmService start Intent { act=android.net.conn.CONNECTIVITY_CHANGE flg=0x8000010 cmp=com.google.android.gms/.gcm.GcmService (has extras) } android.net.conn.CONNECTIVITY_CHANGE
I/ActivityManager(  530): No longer want com.android.musicfx (pid 10254): empty #17
I/ActivityManager(  530): Start proc com.google.android.apps.plus for broadcast com.google.android.apps.plus/.service.ConnectivityReceiver: pid=11738 uid=10051 gids={50051, 3003, 3002, 1015, 1006, 1028}
D/dalvikvm(11738): GC_CONCURRENT freed 318K, 4% free 9027K/9392K, paused 4ms+6ms, total 54ms
D/gp.PicasaPhotoCP(11738): set fsid first time:-1
I/GoogleConversionPing(11671): Ping responded with response code 200
D/dalvikvm(11738): Trying to load lib /data/app-lib/com.google.android.apps.plus-2/libwebp_android.so 0x41da73f0
D/dalvikvm(11738): Added shared lib /data/app-lib/com.google.android.apps.plus-2/libwebp_android.so 0x41da73f0
D/dalvikvm(11738): No JNI_OnLoad found in /data/app-lib/com.google.android.apps.plus-2/libwebp_android.so 0x41da73f0, skipping init
D/dalvikvm(11738): Trying to load lib /data/app-lib/com.google.android.apps.plus-2/libplus_jni_v8.so 0x41da73f0
D/dalvikvm(11738): Added shared lib /data/app-lib/com.google.android.apps.plus-2/libplus_jni_v8.so 0x41da73f0
D/dalvikvm(11738): No JNI_OnLoad found in /data/app-lib/com.google.android.apps.plus-2/libplus_jni_v8.so 0x41da73f0, skipping init
I/NativeLibrarySupport(11738): Native WEBP decoder, version=0.3.1
I/NativeLibrarySupport(11738): Native networking disabled
