D/WebViewActivity(12037): <?xml version="1.0" encoding="UTF-8" ?><!DOCTYPE html PUBLIC "-//WAPFORUM//DTD XHTML Mobile 1.0//EN" "http://www.wapforum.org/DTD/xhtml-mobile10.dtd"><html xmlns="http://www.w3.org/1999/xhtml" lang="en" xml:lang="en"><head><title>Login</title><meta http-equiv="Content-Type" content="text/html; charset=utf-8"/><style type="text/css">body{color:#353535;background:#ffffff;font-family:Sans-serif}a{color:#006ec2;text-decoration:none}a.z, a.y, a.x, a.w, a.v, .u a{text-decoration:none}body,div,dl,dt,dd,ul,ol,li,h1,h2,h3,h4,h5,h6{padding:0;margin:0}img{border:0}#page{background:#ffffff;color:#353535}.t, .s{color:#8d8c8d}.r .t, .r .s{color:#8d8c8d}.q{font-size:90%}.s{font-size:90%}.w{font-size:110%}#pageHeader{background-color:#ffffff}#titlebar{padding:1px 0 3px 0}#titlebar img, #titlebar div, #titlebar span{vertical-align:middle}#titlebar .p{padding-top:.3em;padding-bottom:.3em}#titlebar .o img{margin-right:4px}div.n{padding-top:.3em;font-size:85%}.r .m{background:#ffffff;color:#353535}.r a{color:#006ec2}.l{border-top:1px solid #eae8db;padding-bottom:0.3em;padding-top:0.2em}.l.k{border-top:none}.l .p, .l .j, .r .l .p, .r .l .j{border-top:none;padding-top:0;padding-bottom:0}.l .p.k{padding-top:0.3em;padding-bottom:0}.j{padding-top:0;padding-bottom:0}.r .m .j{border-top:1px solid #eae8db;clear:both}.r .j.k{border-top:0}.j .p{padding:2px 0}.r .m .j .p, .i .m .j .p, .h .m .j .p{padding:0}div.g{padding:0.3em 0;clear:both}div.g img{vertical-align:middle;margin-right:2px}.p{padding-top:0.3em;padding-bottom:0.3em}.p, .j{word-wrap:break-word}form{margin:0}form.x, form.x .f{display:inline}.f input, .f textarea, .f select, .f button{font-size:inherit;font-weight:inherit;margin-top:0;margin-bottom:0.3em;vertical-align:middle}.f textarea, input.e{margin-top:.3em;width:89%}.f{padding:0}.d{padding-bottom:0.3em;color:#353535}input.c{font-weight:bold}.f.c{display:inline}div#defaultFooter{text-align:center;padding-top:1em;font-size:85%;background-color:transparent}div#defaultFooter div.m{background-color:transparent;border:none}div#defaultFooter div.p{background-color:transparent;margin:0;padding:0;border:none;color:#353535}div#defaultFooter div.p span{font-weight:bold}div#defaultFooter a{font-weight:bold;color:#006ec2;border-bottom:none}</style></head><body><div id="page"><div id="pageHeader"><div id="titlebar"><div class="p"><div class="o" align="center"><img src="/_ycs/l/jg/api/res/1.2/3yCe.3ui9ZZqWCTj1C.IbA--/YW49MTtiZz1mZmZmZmY7Zmk9Zml0O2g9MTU7dz03NQ--/resource:/brand/yahoo/web/1.0.89/image/B/icon/yahoo.cf.gif" alt="" border="0"/></div></div><div class="n" align="center">[ <span ><a href="http://m.yahoo.com/w/ygo-frontpage%3B_ylt=A2KIOF_69kdSpmoAKAHo4tw4?.lang=en&amp;.ysid=u22QUNDY4u3G.H1cfxWUD_nJ&amp;.intl=US">Home</a></span> ]</div></div></div></div><div id="content"><div class="r"><div class="m"><div class="l k"><div class="j k"><div class="g "><img src="/_ycs/l/jg/api/res/1.2/5DbDkbU6oph.eD6DshBPTA--/YW49MTtiZz1mZmZmZmY7Zmk9Zml0O2g9MjY7dz0yNg--/resource:/widget/login/1.2.2/image/flickr.cf.gif" alt="" border="0" align="left"/><div class="p "><b>Flickr is part of Yahoo!</b></div><div class="p ">Use your Yahoo! ID to sign-in</div><br clear="all"/></div></div><form class="x" action="http://mlogin.yahoo.com/w/login/auth?.ts=1380447994&amp;.lang=en&amp;.ysid=u22QUNDY4u3G.H1cfxWUD_nJ&amp;.intl=US" method="post" id="LoginModel"><input type="hidden" name="_authurl" value="auth"/><input type="hidden" name="_done" value="http://m.flickr.com/signin/yahoo/?redir=%2Fservices%2Foauth%2Fauthorize%3Foauth_token%3D72157636004375534-df84ea126127a2b8%26perms%3Ddelete"/><input type="hidden" name="_sig" value=""/><input type="hidden" name="_src" value="sushi"/><input type="hidden" name="_ts" value="1380447994"/><input type="hidden" name="_crumb" value="2mBanf4di.02zfqd9pF8iA--"/><input type="hidden" name="_pc" value="5135"/><input type="hidden" name="_send_userhash" value="0"/><input type="hidden" name="_appdata" value=""/><input type="hidden" name="_partner_ts" value=""/><input type="hidden" name="_is_ysid" value="0"/><i
D/TilesManager(12037): Starting TG #0, 0x73986c28
D/TilesManager(12037): new EGLContext from framework: 738cd9c8 
D/GLWebViewState(12037): Reinit shader
D/GLWebViewState(12037): Reinit transferQueue
D/WebViewActivity(12037): <?xml version="1.0"?>
D/WebViewActivity(12037): <!DOCTYPE html PUBLIC "-//WAPFORUM//DTD XHTML Mobile 1.0//EN" "http://www.wapforum.org/DTD/xhtml-mobile10.dtd">
D/WebViewActivity(12037): <html>
D/WebViewActivity(12037): <head>
D/WebViewActivity(12037): 	<title>Welcome to Flickr!</title>
D/WebViewActivity(12037): 	   <meta http-equiv="Pragma" content="no-cache">
D/WebViewActivity(12037):    <meta http-equiv="Expires" content="-1">
D/WebViewActivity(12037):    	
D/WebViewActivity(12037):    <meta http-equiv="Content-Type" content="text/html; charset=UTF-8" />
D/WebViewActivity(12037): 			<link href="http://l.yimg.com/g/css/mobile.css" rel="stylesheet" type="text/css" />
D/WebViewActivity(12037): 		<meta name="viewport" content="width = 320" />
D/WebViewActivity(12037): </head>
D/WebViewActivity(12037): <body>
D/WebViewActivity(12037): <img src="http://geo.yahoo.com/f?s=954010544&t=3340e854191bec63bfc9edfab26593b8&fl_ev=0&lang=en&intl=us" width="0" height="0" alt="" />
D/WebViewActivity(12037): 	<p id="logo">
D/WebViewActivity(12037): 		<a href="http://m.flickr.com/?"><img src="http://l.yimg.com/g/images/iphone/en-us/flickr-from-yahoo-logo.png" alt="Flickr" width="116" height="15" border="0" /></a>
D/WebViewActivity(12037): 			<span class="signin"><span>|</span> <a href="/signin/">Sign in</a></span>
D/WebViewActivity(12037): 		</p>
D/WebViewActivity(12037): <div class="main">
D/WebViewActivity(12037): 	</div>
D/WebViewActivity(12037): <div class="body">
D/WebViewActivity(12037):     <p>
D/WebViewActivity(12037):         <i>1</i> <a href="/all_recent_photos.gne?" accesskey="1">Recent Uploads</a><br />
D/WebViewActivity(12037):         <i>2</i> <a href="/explore/?" accesskey="2">Explore recent uploads</a>
D/WebViewActivity(12037):     </p>
D/WebViewActivity(12037): </div>
D/WebViewActivity(12037): 
D/WebViewActivity(12037): <form action="/search/" method="get" class="search">
D/WebViewActivity(12037): <p>       
D/WebViewActivity(12037):     
D/WebViewActivity(12037):     <label for="standard_q">Search for photos:</label><br />
D/WebViewActivity(12037): 	<input type="text" name="q" id="standard_q" tabindex="1" size="8" value="">
D/WebViewActivity(12037):         <input type="hidden" name="sig" value="" />
D/WebViewActivity(12037):         <input type="hidden" name="s" value="" />
D/WebViewActivity(12037): 	<input type="submit" value="text" name="m" class="Butt" />
D/WebViewActivity(12037): 	<input type="submit" value="tags" name="m" class="Butt" />
D/WebViewActivity(12037): </p>
D/WebViewActivity(12037): </form>
D/WebViewActivity(12037): 
D/WebViewActivity(12037): <div id="foot">
D/WebViewActivity(12037):     <hr />
D/WebViewActivity(12037): <div class="main">
D/WebViewActivity(12037):     <p>
D/WebViewActivity(12037):     
D/WebViewActivity(12037):     
D/WebViewActivity(12037):     </p>
D/WebViewActivity(12037): </div>
D/WebViewActivity(12037): 
D/WebViewActivity(12037): <p id="y">
D/WebViewActivity(12037): <a href="http://www.flickr.com/help/privacy-policy/">Your Privacy</a> | <a href="http://www.flickr.com/help/terms/">Terms of Use</a> | <a href="/abuse/">Report Abuse</a> <script>document.write('| <a href="http://m.flickr.com/" onclick="var date = new Date(); date.setTime(date.getTime() + (365 * 24 * 60 * 60 * 1000)); document.cookie = \'flrp=0; expires=Monday, 19-Aug-1996 05:00:00 GMT; path=/; domain=.flickr.com\'; document.cookie = \'flsp=1; expires=\' + date.toUTCString() + \'; path=/; domain=.flickr.com\'; window.location.reload(); return false;">New m.flickr.com</a>');</script>  <br />
D/WebViewActivity(12037): A <a href="http://m.yahoo.com">Yahoo!</a> company
D/WebViewActivity(12037): </p></div>
D/WebViewActivity(12037): </body>
D/WebViewActivity(12037): </html>
D/Finsky  (29803): [1] 5.onFinished: Installation state replication succeeded.
I/ActivityManager(  530): START u0 {cmp=com.example.hashvoice/.CameraMainActivity} from pid 12037
D/dalvikvm(  530): GC_FOR_ALLOC freed 1119K, 22% free 21522K/27288K, paused 94ms, total 94ms
D/dalvikvm(  530): GC_FOR_ALLOC freed 782K, 22% free 21483K/27288K, paused 73ms, total 73ms
I/ActivityManager(  530): START u0 {act=android.media.action.IMAGE_CAPTURE cmp=com.google.android.gallery3d/com.android.camera.CameraActivity (has extras)} from pid 12037
V/StateManager( 9332): startState class com.android.gallery3d.app.FilmstripPage
V/CameraHolder( 9332): open camera 0
I/AwesomePlayer(  176): setDataSource_l(URL suppressed)
I/AwesomePlayer(  176): setDataSource_l(URL suppressed)
D/CameraStorage( 9332): External storage state=mounted
I/CameraClient(  176): Opening camera 0
D/CAM_PhotoModule( 9332): Preview size changed.
I/CAM_ScreenNail( 9332): preview layout size: 768/1184
I/CAM_ScreenNail( 9332): aspect ratio clamping disabled
I/GLRootView( 9332): onSurfaceChanged: 768x1184, gl10: com.google.android.gles_jni.GLImpl@42715228
I/GLRootView( 9332): layout content pane 768x1184 (compensation 0)
D/PhotoView( 9332): compensation = 0, CameraRelativeFrame = Rect(0, 0 - 0, 0), mCameraRect = Rect(0, 0 - 0, 0)
E/mm-camera(  211): sensor_load_chromatix: libchromatix_imx111_preview.so: 30
E/qcom_sensors_hal(  530): hal_process_report_ind: Bad item quality: 11 
I/ActivityManager(  530): Displayed com.google.android.gallery3d/com.android.camera.CameraActivity: +288ms (total +313ms)
W/IInputConnectionWrapper(12037): showStatusIcon on inactive InputConnection
D/dalvikvm( 9332): GC_FOR_ALLOC freed 2423K, 16% free 18339K/21772K, paused 19ms, total 19ms
D/dalvikvm( 9332): GC_FOR_ALLOC freed 5999K, 38% free 13540K/21772K, paused 16ms, total 16ms
D/dalvikvm( 9332): GC_FOR_ALLOC freed 11K, 33% free 14728K/21772K, paused 16ms, total 16ms
E/mm-camera(  211): vfe_ops_init: E
E/mm-camera(  211): vfe_legacy_stats_buffer_init: AEC_STATS_BUFNUM
E/mm-camera(  211): vfe_legacy_stats_buffer_init: AEC_STATS_BUFNUM
E/mm-camera(  211): mctl_init_stats_proc_info: snap_max_line_cnt =30096
V/CAM_PhotoModule( 9332): Preview size is 640x480
V/CAM_PhotoModule( 9332): Preview size is 640x480
I/CAM_ScreenNail( 9332): aspect ratio clamping disabled
I/CAM_ScreenNail( 9332): aspect ratio clamping enabled, surfaceTexture scale: 0.8648649, 1.0
I/GLRootView( 9332): layout content pane 768x1184 (compensation 0)
D/PhotoView( 9332): compensation = 0, CameraRelativeFrame = Rect(0, 0 - 0, 0), mCameraRect = Rect(0, 0 - 0, 0)
I/CAM_ScreenNail( 9332): preview layout size: 768/1184
I/CAM_ScreenNail( 9332): aspect ratio clamping enabled, surfaceTexture scale: 0.8648649, 1.0
V/CAM_PhotoModule( 9332): startPreview
E/QCameraHWI(  176): android::status_t android::QCameraHardwareInterface::setPreviewWindow(preview_stream_ops_t*): mPreviewWindow = 0x0xb76c7510, mStreamDisplay = 0x0xb76f13f0
D/QCameraHWI(  176): android::status_t android::QCameraHardwareInterface::startPreview():  start preview now
I/QCameraHWI(  176): android::status_t android::QCameraHardwareInterface::startPreview2():Setting ZSL mode
E/mm-camera(  211): config_proc_CAMERA_SET_INFORM_STARTPREVIEW
E/mm-camera(  211): config_proc_CAMERA_SET_INFORM_STARTPREVIEW : AF_SET_INFORM_STARTPREVIEW!
E/mm-camera(  211): config_update_stream_info Storing stream parameters for video inst 1 as : width = 640, height 480, format = 1 inst_handle = 810081 cid = 0
D/dalvikvm( 9332): GC_CONCURRENT freed 272K, 25% free 16414K/21772K, paused 1ms+4ms, total 24ms
D/dalvikvm( 9332): WAIT_FOR_CONCURRENT_GC blocked 10ms
E/mm-camera(  211): config_update_stream_info Storing stream parameters for video inst 3 as : width = 3264, height 2448, format = 1 inst_handle = 830083 cid = 0
E/mm-camera(  211): config_update_stream_info Storing stream parameters for video inst 4 as : width = 512, height 384, format = 1 inst_handle = 840084 cid = 0
E/mm-camera(  211): config_decide_vfe_outputs: Ports Used 3, Op mode 1
E/mm-camera(  211): config_decide_vfe_outputs Current mode 0 Full size streaming : Disabled
E/mm-camera(  211): config_decide_vfe_outputs: Primary: 3264x2448, extra_pad: 0x0, Fmt: 1, Type: 3, Path: 4
E/mm-camera(  211): config_decide_vfe_outputs: Secondary: 640x480, extra_pad: 0x0, Fmt: 1, Type: 1, Path: 1
E/mm-camera(  211): config_update_inst_handles Updated the inst handles as 830083, 810081, 0, 0 
E/mm-camera(  211): sensor_load_chromatix: libchromatix_imx111_zsl.so: 26
E/mm-camera(  211): camif_client_set_params: camif has associated with obj mask 0x1
E/mm-camera(  211): config_v2_CAMERA_START_common CAMIF_PARAMS_ADD_OBJ_ID failed -1 
E/mm-camera(  211): vfe_operation_config: format 3
E/mm-camera(  211): vfe_operation_config:vfe_op_mode=5
E/mm-camera(  211): Invalid ASD Set Params Type
E/mm-camera(  211): vfe_set_bestshot: Bestshot mode not changed
E/mm-libcamera2(  176): PROFILE HAL: First preview frame received: 1380447995.222268277
E/QCameraHWI_Preview(  176): processPreviewFrameWithDisplay: buffer to be enqueued is not locked
E/QCameraHWI_Preview(  176): processPreviewFrameWithDisplay: buffer to be enqueued is not locked
V/CAM_FocusManager( 9332): Start autofocus.
E/mm-camera(  211): PROFILE set_parm_AF: : 1380447996.564706854
E/mm-camera(  211): af_lg_caf_status 7, af_lg_caf_fv_status 0, first_af 0
E/mm-camera(  211): NO ADDITIONAL af HERE!
V/CAM_PhotoModule( 9332): onShutterButtonClick: mCameraState=2
V/CAM_PhotoModule( 9332): mAutoFocusTime = 636ms
E/mm-camera(  211): config_proc_CAMERA_SET_LG_CAF_LOCK : TAKE PICTURE!
E/mm-libcamera2(  176): mm_camera_dispatch_buffered_frames: mframe 0x0, sframe = 0x0
D/morpho_NoiseReduction_Version (  176): = Morpho Denoiser for LGE mako Ver.1.0.3   2012/10/23
D/morpho_NoiseReduction_getBufferSize = (  176): 195292
D/morpho_NoiseReduction_getBufferSize buffer malloc = (  176): b770e940
D/morpho_NoiseReduction_initialize (  176): EngineVersion= Morpho Denoiser for LGE mako Ver.1.0.3   2012/10/23
D/Version info :(  176): Morpho Denoiser for LGE mako Ver.1.0.3   2012/10/23
D/morpho_NoiseReduction_initialize ret = (  176): 0
D/morpho_NoiseReduction_initialize IMAGE_FORMAT = (  176): YVU420_SEMIPLANAR
D/morpho_NoiseReduction_setLumaNoiseReductionLevel y_level for LGE = (  176): 0
D/morpho_NoiseReduction_setChromaNoiseReductionLevel c_level = (  176): 1
D/morpho_NoiseReduction_setRemoveSpikeNoise SpikeNoise = (  176): 1
D/morpho_NoiseReduction allocateImage c_level = (  176): 0
D/morpho_NoiseReduction_start  ret = (  176): 0
D/morpho_NoiseReduction_reduceNoise  ret = (  176): 0
D/morpho_NoiseReduction_finalize  ret = (  176): 0
D/audio_hw_primary(  176): start_output_stream: enter: usecase(1: low-latency-playback) devices(0x2)
D/audio_hw_primary(  176): select_devices: out_snd_device(2: speaker) in_snd_device(0: none)
D/audio_hw_primary(  176): enable_snd_device: sending audio calibration for snd_device(2) acdb_id(14)
D/ACDB-LOADER(  176): ACDB -> send_afe_cal
D/audio_hw_primary(  176): enable_snd_device: snd_device(2: speaker)
V/CAM_PhotoModule( 9332): mShutterLag = 497ms
V/CAM_PhotoModule( 9332): mShutterToRawCallbackTime = 0ms
D/audio_hw_primary(  176): enable_audio_route: apply mixer path: low-latency-playback
D/audio_hw_primary(  176): start_output_stream: exit
E/mm-camera-DENOISE(  211): wavelet_denoise_process: Wavelet Denoise Success
E/mm-camera-DENOISE(  211): wavelet_denoise_process: Wavelet Denoise Success
D/dalvikvm( 9332): GC_FOR_ALLOC freed 165K, 25% free 16381K/21772K, paused 22ms, total 22ms
I/dalvikvm-heap( 9332): Grow heap (frag case) to 18.401MB for 2485116-byte allocation
D/dalvikvm( 9332): GC_CONCURRENT freed <1K, 23% free 18807K/24200K, paused 7ms+5ms, total 52ms
D/dalvikvm( 9332): WAIT_FOR_CONCURRENT_GC blocked 45ms
D/dalvikvm( 9332): WAIT_FOR_CONCURRENT_GC blocked 45ms
V/CAM_PhotoModule( 9332): mPictureDisplayedToJpegCallbackTime = 367ms
D/CameraStorage( 9332): External storage state=mounted
V/CAM_PhotoModule( 9332): mJpegCallbackFinishTime = 3ms
D/dalvikvm(  530): GC_FOR_ALLOC freed 835K, 22% free 21508K/27288K, paused 80ms, total 82ms
I/WindowManager(  530): Screenshot Window{427646f0 u0 com.google.android.gallery3d/com.android.camera.CameraActivity} was all black! mSurfaceLayer=21025 minLayer=21025 maxLayer=21025
V/CAM_PhotoModule( 9332): stopPreview
E/mm-libcamera2(  176): PROFILE HAL: stopPreview(): E: 1380447999.412715400
E/mm-camera(  211): config_MSG_ID_STOP_ACK: streamon_mask is not clear. Should not call PP_Release_HW
E/mm-libcamera2(  176): PROFILE HAL: stopPreview(): E: 1380447999.423367010
E/QCameraHWI(  176): android::status_t android::QCameraHardwareInterface::setPreviewWindow(preview_stream_ops_t*):Received Setting NULL preview window
E/QCameraHWI(  176): android::status_t android::QCameraHardwareInterface::setPreviewWindow(preview_stream_ops_t*): mPreviewWindow = 0x0x0, mStreamDisplay = 0x0xb76f13f0
W/QCameraHWI_Preview(  176):  Setting NULL preview window 
I/CameraClient(  176): Destroying camera 0
E/mm-camera(  211): config_shutdown_pp Camera not in streaming mode. Returning. 
E/mm-camera(  211): vfe_ops_deinit: E
E/qcom_sensors_hal(  530): hal_process_report_ind: Bad item quality: 11 
W/AudioFlinger(  176): session id 910 not found for pid 176
W/AudioFlinger(  176): session id 911 not found for pid 176
D/dalvikvm(12037): GC_FOR_ALLOC freed 236K, 12% free 9410K/10632K, paused 14ms, total 14ms
I/dalvikvm-heap(12037): Grow heap (frag case) to 39.703MB for 31961104-byte allocation
D/dalvikvm(12037): GC_FOR_ALLOC freed 36K, 4% free 40585K/41848K, paused 17ms, total 17ms
I/ActivityManager(  530): Displayed com.example.hashvoice/.CameraMainActivity: +6s61ms
V/StateManager( 9332): destroy
D/audio_hw_primary(  176): out_standby: enter: usecase(1: low-latency-playback)
D/audio_hw_primary(  176): stop_output_stream: enter: usecase(1: low-latency-playback)
D/audio_hw_primary(  176): disable_audio_route: reset mixer path: low-latency-playback
D/audio_hw_primary(  176): disable_snd_device: snd_device(2: speaker)
D/audio_hw_primary(  176): stop_output_stream: exit: status(0)
D/audio_hw_primary(  176): out_standby: exit
I/ActivityManager(  530): START u0 {cmp=com.example.hashvoice/.VoiceRecognitionActivity} from pid 12037
D/audio_hw_primary(  176): start_output_stream: enter: usecase(1: low-latency-playback) devices(0x2)
D/audio_hw_primary(  176): select_devices: out_snd_device(2: speaker) in_snd_device(0: none)
D/audio_hw_primary(  176): enable_snd_device: sending audio calibration for snd_device(2) acdb_id(14)
D/ACDB-LOADER(  176): ACDB -> send_afe_cal
D/audio_hw_primary(  176): enable_snd_device: snd_device(2: speaker)
D/audio_hw_primary(  176): enable_audio_route: apply mixer path: low-latency-playback
D/audio_hw_primary(  176): start_output_stream: exit
D/dalvikvm(  530): GC_FOR_ALLOC freed 858K, 22% free 21489K/27288K, paused 80ms, total 80ms
D/dalvikvm(  530): GC_FOR_ALLOC freed 761K, 22% free 21471K/27288K, paused 72ms, total 72ms
I/ActivityManager(  530): START u0 {act=android.speech.action.RECOGNIZE_SPEECH cmp=com.google.android.googlequicksearchbox/com.google.android.voicesearch.intentapi.IntentApiActivity (has extras)} from pid 12037
D/dalvikvm(11978): GC_CONCURRENT freed 290K, 4% free 9332K/9660K, paused 4ms+10ms, total 34ms
D/dalvikvm(11978): WAIT_FOR_CONCURRENT_GC blocked 18ms
D/dalvikvm(11978): GC_FOR_ALLOC freed 15K, 4% free 9535K/9876K, paused 13ms, total 15ms
W/IntentApiParams(11978): The audio format is not supported [requested=null supported=audio/AMR]
I/VS.Container(11978): create_speech_recognizer
D/dalvikvm(11978): GC_CONCURRENT freed 361K, 4% free 9611K/10012K, paused 2ms+2ms, total 17ms
D/dalvikvm(11978): GC_FOR_ALLOC freed <1K, 5% free 9611K/10012K, paused 15ms, total 15ms
I/dalvikvm-heap(11978): Grow heap (frag case) to 9.724MB for 320016-byte allocation
D/dalvikvm(11978): GC_FOR_ALLOC freed <1K, 4% free 9923K/10328K, paused 15ms, total 15ms
D/dalvikvm(11978): GC_FOR_ALLOC freed 2K, 4% free 9923K/10328K, paused 14ms, total 15ms
I/dalvikvm-heap(11978): Grow heap (frag case) to 9.876MB for 160016-byte allocation
D/dalvikvm(11978): GC_FOR_ALLOC freed <1K, 4% free 10079K/10488K, paused 13ms, total 13ms
D/audio_hw_primary(  176): adev_open_input_stream: enter
D/audio_hw_primary(  176): adev_open_input_stream: exit
D/audio_hw_primary(  176): in_standby: enter
D/audio_hw_primary(  176): in_standby: exit:  status(0)
I/AudioService(  530):  AudioFocus  requestAudioFocus() from android.media.AudioManager@41e2f398com.google.android.voicesearch.audio.AudioRouterImpl$1@41e32850
D/audio_hw_primary(  176): in_standby: enter
D/audio_hw_primary(  176): in_standby: exit:  status(0)
D/audio_hw_primary(  176): in_set_parameters: enter: kvpairs=input_source=6;routing=-2147483644
D/audio_hw_primary(  176): in_set_parameters: exit: status(11)
D/dalvikvm(11978): Trying to load lib /data/app-lib/com.google.android.googlequicksearchbox-1/libgoogle_recognizer_jni_l.so 0x41dab6d8
D/audio_hw_primary(  176): start_input_stream: enter: usecase(3)
D/audio_hw_primary(  176): select_devices: out_snd_device(0: none) in_snd_device(34: voice-rec-mic)
D/audio_hw_primary(  176): enable_snd_device: sending audio calibration for snd_device(34) acdb_id(62)
E/ACDB-LOADER(  176): Error: ACDB AudProc vol returned = -8
D/audio_hw_primary(  176): enable_snd_device: snd_device(34: voice-rec-mic)
D/audio_hw_primary(  176): enable_audio_route: apply mixer path: audio-record
D/audio_hw_primary(  176): start_input_stream: exit
I/ActivityManager(  530): Start proc com.google.android.gsf.login for service com.google.android.gms/.auth.GetToken: pid=12359 uid=10023 gids={50023, 3003, 1007, 1028, 1015, 1006, 2001, 3006}
D/dalvikvm(11978): Added shared lib /data/app-lib/com.google.android.googlequicksearchbox-1/libgoogle_recognizer_jni_l.so 0x41dab6d8
D/libEGL  (11978): loaded /system/lib/egl/libEGL_adreno200.so
D/libEGL  (11978): loaded /system/lib/egl/libGLESv1_CM_adreno200.so
D/libEGL  (11978): loaded /system/lib/egl/libGLESv2_adreno200.so
I/Adreno200-EGL(11978): <qeglDrvAPI_eglInitialize:265>: EGL 1.4 QUALCOMM Build: Iabe52cfaeae4c5fab1acacfe6f056ba15fa93274
I/VS.G3EngineManager(11978): create_rm: m=DICTATION,l=en-US
I/Recovery(28364): Received: Intent { act=com.google.android.gms.INITIALIZE flg=0x10 pkg=com.google.android.gms cmp=com.google.android.gms/.auth.be.recovery.AccountRecoveryBackgroundService$Receiver }
D/GCM     (  846): GcmService start Intent { act=com.google.android.gms.INITIALIZE flg=0x10 pkg=com.google.android.gms cmp=com.google.android.gms/.gcm.GcmService } com.google.android.gms.INITIALIZE
D/OpenGLRenderer(11978): Enabling debug mode 0
I/VS.G3EngineManager(11978): Brought up new g3 instance :/system/usr/srec/en-US/dictation.config for: en-USin: 69 ms
I/ActivityManager(  530): Displayed com.example.hashvoice/.VoiceRecognitionActivity: +523ms
I/ActivityManager(  530): Displayed com.google.android.googlequicksearchbox/com.google.android.voicesearch.intentapi.IntentApiActivity: +475ms
I/NotificationStore(12359): file does not exist: /data/data/com.google.android.gms/files/notification_data.dat
W/Sidekick_LocationOracleImpl(11978): Best location was null
W/Sidekick_LocationOracleImpl(11978): Best location was null
D/dalvikvm(12359): GC_CONCURRENT freed 252K, 4% free 9003K/9292K, paused 4ms+3ms, total 36ms
D/dalvikvm(11978): GC_CONCURRENT freed 300K, 4% free 10221K/10560K, paused 2ms+3ms, total 17ms
D/dalvikvm(11978): GC_CONCURRENT freed 357K, 4% free 10347K/10764K, paused 2ms+2ms, total 17ms
D/dalvikvm(11978): WAIT_FOR_CONCURRENT_GC blocked 15ms
D/dalvikvm(11978): WAIT_FOR_CONCURRENT_GC blocked 14ms
D/dalvikvm(11978): GC_FOR_ALLOC freed 278K, 5% free 10443K/10896K, paused 14ms, total 14ms
D/dalvikvm(11978): GC_FOR_ALLOC freed 368K, 5% free 10479K/11004K, paused 16ms, total 16ms
D/dalvikvm(11978): GC_CONCURRENT freed 455K, 6% free 10464K/11056K, paused 1ms+2ms, total 18ms
D/dalvikvm(11978): WAIT_FOR_CONCURRENT_GC blocked 17ms
D/dalvikvm(11978): WAIT_FOR_CONCURRENT_GC blocked 17ms
D/dalvikvm(11978): GC_CONCURRENT freed 428K, 6% free 10477K/11056K, paused 2ms+2ms, total 17ms
D/dalvikvm(11978): WAIT_FOR_CONCURRENT_GC blocked 15ms
D/dalvikvm(11978): WAIT_FOR_CONCURRENT_GC blocked 15ms
D/dalvikvm(11978): GC_CONCURRENT freed 406K, 5% free 10554K/11056K, paused 2ms+2ms, total 20ms
D/dalvikvm(11978): WAIT_FOR_CONCURRENT_GC blocked 11ms
W/RecognitionDispatcher(11978): Could not stop engine 3
I/MicrophoneInputStream(11978): mic_close
D/audio_hw_primary(  176): in_standby: enter
D/audio_hw_primary(  176): stop_input_stream: enter: usecase(3: audio-record)
D/audio_hw_primary(  176): disable_audio_route: reset mixer path: audio-record
D/audio_hw_primary(  176): disable_snd_device: snd_device(34: voice-rec-mic)
D/audio_hw_primary(  176): stop_input_stream: exit: status(0)
D/audio_hw_primary(  176): in_standby: exit:  status(0)
D/dalvikvm(11978): threadid=30: thread exiting, not yet detached (count=0)
I/AudioService(  530):  AudioFocus  abandonAudioFocus() from android.media.AudioManager@41e2f398com.google.android.voicesearch.audio.AudioRouterImpl$1@41e32850
D/audio_hw_primary(  176): adev_close_input_stream
D/audio_hw_primary(  176): in_standby: enter
D/audio_hw_primary(  176): in_standby: exit:  status(0)
D/dalvikvm(11978): threadid=35: thread exiting, not yet detached (count=0)
D/dalvikvm(11978): GC_FOR_ALLOC freed 555K, 7% free 10422K/11124K, paused 14ms, total 14ms
D/dalvikvm(11978): threadid=36: thread exiting, not yet detached (count=0)
I/decoder (11978): INFO: recognition time wall: 2.73688 sec user: 1.81 sec sys: 0.26 sec 
D/audio_hw_primary(  176): out_standby: enter: usecase(1: low-latency-playback)
D/audio_hw_primary(  176): stop_output_stream: enter: usecase(1: low-latency-playback)
D/audio_hw_primary(  176): disable_audio_route: reset mixer path: low-latency-playback
D/audio_hw_primary(  176): disable_snd_device: snd_device(2: speaker)
D/audio_hw_primary(  176): stop_output_stream: exit: status(0)
D/audio_hw_primary(  176): out_standby: exit
D/dalvikvm(  530): GC_FOR_ALLOC freed 1008K, 22% free 21506K/27288K, paused 92ms, total 92ms
D/audio_hw_primary(  176): start_output_stream: enter: usecase(1: low-latency-playback) devices(0x2)
D/audio_hw_primary(  176): select_devices: out_snd_device(2: speaker) in_snd_device(0: none)
D/audio_hw_primary(  176): enable_snd_device: sending audio calibration for snd_device(2) acdb_id(14)
D/ACDB-LOADER(  176): ACDB -> send_afe_cal
D/audio_hw_primary(  176): enable_snd_device: snd_device(2: speaker)
D/audio_hw_primary(  176): enable_audio_route: apply mixer path: low-latency-playback
D/audio_hw_primary(  176): start_output_stream: exit
I/ActivityManager(  530): No longer want com.android.mms (pid 11646): empty #17
D/CountryDetector(  530): No listener is left
D/dalvikvm(  530): GC_FOR_ALLOC freed 813K, 22% free 21481K/27288K, paused 77ms, total 77ms
D/dalvikvm(  530): GC_FOR_ALLOC freed 756K, 22% free 21468K/27288K, paused 72ms, total 72ms
D/AndroidRuntime(12037): Shutting down VM
W/dalvikvm(12037): threadid=1: thread exiting with uncaught exception (group=0x414f8700)
E/AndroidRuntime(12037): FATAL EXCEPTION: main
E/AndroidRuntime(12037): java.lang.RuntimeException: Failure delivering result ResultInfo{who=null, request=2, result=0, data=null} to activity {com.example.hashvoice/com.example.hashvoice.CameraMainActivity}: java.lang.NullPointerException
E/AndroidRuntime(12037): 	at android.app.ActivityThread.deliverResults(ActivityThread.java:3367)
E/AndroidRuntime(12037): 	at android.app.ActivityThread.handleSendResult(ActivityThread.java:3410)
E/AndroidRuntime(12037): 	at android.app.ActivityThread.access$1100(ActivityThread.java:141)
E/AndroidRuntime(12037): 	at android.app.ActivityThread$H.handleMessage(ActivityThread.java:1304)
E/AndroidRuntime(12037): 	at android.os.Handler.dispatchMessage(Handler.java:99)
E/AndroidRuntime(12037): 	at android.os.Looper.loop(Looper.java:137)
E/AndroidRuntime(12037): 	at android.app.ActivityThread.main(ActivityThread.java:5103)
E/AndroidRuntime(12037): 	at java.lang.reflect.Method.invokeNative(Native Method)
E/AndroidRuntime(12037): 	at java.lang.reflect.Method.invoke(Method.java:525)
E/AndroidRuntime(12037): 	at com.android.internal.os.ZygoteInit$MethodAndArgsCaller.run(ZygoteInit.java:737)
E/AndroidRuntime(12037): 	at com.android.internal.os.ZygoteInit.main(ZygoteInit.java:553)
E/AndroidRuntime(12037): 	at dalvik.system.NativeStart.main(Native Method)
E/AndroidRuntime(12037): Caused by: java.lang.NullPointerException
E/AndroidRuntime(12037): 	at com.example.hashvoice.CameraMainActivity.onActivityResult(CameraMainActivity.java:93)
E/AndroidRuntime(12037): 	at android.app.Activity.dispatchActivityResult(Activity.java:5322)
E/AndroidRuntime(12037): 	at android.app.ActivityThread.deliverResults(ActivityThread.java:3363)
E/AndroidRuntime(12037): 	... 11 more
W/ActivityManager(  530):   Force finishing activity com.example.hashvoice/.CameraMainActivity
W/ActivityManager(  530): Activity pause timeout for ActivityRecord{41dd5eb8 u0 com.example.hashvoice/.CameraMainActivity}
I/Process (12037): Sending signal. PID: 12037 SIG: 9
I/ActivityManager(  530): Process com.example.hashvoice (pid 12037) has died.
I/WindowState(  530): WIN DEATH: Window{41e352b8 u0 com.example.hashvoice/com.example.hashvoice.HashVoice}
W/InputDispatcher(  530): channel '42918bc8 com.example.hashvoice/com.example.hashvoice.CameraMainActivity (server)' ~ Consumer closed input channel or an error occurred.  events=0x9
E/InputDispatcher(  530): channel '42918bc8 com.example.hashvoice/com.example.hashvoice.CameraMainActivity (server)' ~ Channel is unrecoverably broken and will be disposed!
W/InputDispatcher(  530): Attempted to unregister already unregistered input channel '42918bc8 com.example.hashvoice/com.example.hashvoice.CameraMainActivity (server)'
I/WindowState(  530): WIN DEATH: Window{423ec720 u0 com.example.hashvoice/com.example.hashvoice.WebViewActivity}
I/WindowState(  530): WIN DEATH: Window{423fe2e0 u0 com.example.hashvoice/com.example.hashvoice.VoiceRecognitionActivity}
I/WindowState(  530): WIN DEATH: Window{42918bc8 u0 com.example.hashvoice/com.example.hashvoice.CameraMainActivity}
D/dalvikvm(12445): Late-enabling CheckJNI
I/ActivityManager(  530): Start proc com.example.hashvoice for activity com.example.hashvoice/.WebViewActivity: pid=12445 uid=10117 gids={50117, 3003, 1028}
E/jdwp    (12445): Failed writing handshake bytes: Broken pipe (-1 of 14)
D/dalvikvm(12445): Debugger has detached; object registry had 0 entries
D/libEGL  (12445): loaded /system/lib/egl/libEGL_adreno200.so
D/libEGL  (12445): loaded /system/lib/egl/libGLESv1_CM_adreno200.so
D/libEGL  (12445): loaded /system/lib/egl/libGLESv2_adreno200.so
I/Adreno200-EGL(12445): <qeglDrvAPI_eglInitialize:265>: EGL 1.4 QUALCOMM Build: Iabe52cfaeae4c5fab1acacfe6f056ba15fa93274
D/OpenGLRenderer(12445): Enabling debug mode 0
W/InputMethodManagerService(  530): Got RemoteException sending setActive(false) notification to pid 12037 uid 10117
I/ActivityManager(  530): Displayed com.example.hashvoice/.WebViewActivity: +206ms
D/dalvikvm(12445): GC_CONCURRENT freed 248K, 4% free 9016K/9304K, paused 5ms+3ms, total 27ms
D/dalvikvm(  530): GC_FOR_ALLOC freed 820K, 22% free 21545K/27288K, paused 82ms, total 82ms
D/dalvikvm(  530): GC_FOR_ALLOC freed 789K, 22% free 21508K/27288K, paused 78ms, total 79ms
D/dalvikvm(  633): GC_FOR_ALLOC freed 2047K, 56% free 14444K/32312K, paused 22ms, total 22ms
I/ActivityManager(  530): START u0 {act=com.android.systemui.recent.action.TOGGLE_RECENTS flg=0x10800000 cmp=com.android.systemui/.recent.RecentsActivity (has extras)} from pid 633
D/dalvikvm(  530): GC_FOR_ALLOC freed 749K, 22% free 21509K/27288K, paused 71ms, total 71ms
W/ActivityManager(  530): Activity pause timeout for ActivityRecord{42567340 u0 com.example.hashvoice/.WebViewActivity}
I/ActivityManager(  530): Displayed com.android.systemui/.recent.RecentsActivity: +134ms
D/dalvikvm(12445): GC_FOR_ALLOC freed 361K, 5% free 9151K/9556K, paused 20ms, total 20ms
D/dalvikvm(12445): GC_FOR_ALLOC freed 373K, 5% free 9227K/9692K, paused 22ms, total 22ms
I/dalvikvm-heap(12445): Grow heap (frag case) to 9.136MB for 95956-byte allocation
D/dalvikvm(12445): GC_FOR_ALLOC freed 0K, 5% free 9321K/9788K, paused 13ms, total 13ms
D/dalvikvm(12445): GC_FOR_ALLOC freed 173K, 6% free 9261K/9788K, paused 20ms, total 20ms
I/dalvikvm-heap(12445): Grow heap (frag case) to 9.214MB for 143930-byte allocation
D/dalvikvm(12445): GC_FOR_ALLOC freed 0K, 6% free 9401K/9932K, paused 15ms, total 15ms
D/dalvikvm(12445): GC_FOR_ALLOC freed 263K, 7% free 9306K/9932K, paused 12ms, total 12ms
D/dalvikvm(12445): GC_FOR_ALLOC freed 391K, 6% free 9376K/9932K, paused 16ms, total 16ms
I/dalvikvm-heap(12445): Grow heap (frag case) to 9.499MB for 323830-byte allocation
D/dalvikvm(12445): GC_FOR_ALLOC freed 0K, 6% free 9692K/10252K, paused 16ms, total 16ms
D/dalvikvm(12445): GC_FOR_ALLOC freed 404K, 8% free 9481K/10252K, paused 16ms, total 16ms
I/dalvikvm-heap(12445): Grow heap (frag case) to 9.543MB for 262788-byte allocation
D/dalvikvm(12445): GC_FOR_ALLOC freed 0K, 8% free 9738K/10512K, paused 18ms, total 18ms
D/WebViewActivity(12445): 
D/WebViewActivity(12445): 
D/WebViewActivity(12445): 
D/WebViewActivity(12445): 
D/WebViewActivity(12445): 
D/WebViewActivity(12445): 
D/WebViewActivity(12445):     
D/WebViewActivity(12445): 
D/WebViewActivity(12445): 
D/WebViewActivity(12445): 
D/WebViewActivity(12445): 
D/WebViewActivity(12445): <!DOCTYPE HTML PUBLIC "-//W3C//DTD HTML 4.01//EN" "http://www.w3.org/TR/html4/strict.dtd">
D/WebViewActivity(12445): <html>
D/WebViewActivity(12445): <head>
D/WebViewActivity(12445): <meta http-equiv="Content-Type" content="text/html; charset=utf-8">
D/WebViewActivity(12445): <title>Sign in to Yahoo!</title>
D/WebViewActivity(12445): 
D/WebViewActivity(12445): <meta http-equiv="Pragma" content="no-cache">
D/WebViewActivity(12445): <meta http-equiv="Expires" content="0">
D/WebViewActivity(12445): <script type='text/javascript'>
D/WebViewActivity(12445): var startTime = new Date().getTime();
D/WebViewActivity(12445): var loadTime = null;
D/WebViewActivity(12445): </script>
D/WebViewActivity(12445): 
D/WebViewActivity(12445): <link rel="stylesheet" type="text/css" href="https://s.yimg.com/lq/i/reg/css/yregbase_sec_ui_1_9.css">
D/WebViewActivity(12445): <style type="text/css">
D/WebViewActivity(12445): .clear{clear:both}
D/WebViewActivity(12445): .primaryCta {background:none; background-color: #6E329D; background-image: -moz-linear-gradient(center center , #6E329D 0%, #6E329D 100%); border: 1px solid #522675; border-radius: 2px 2px 2px 2px; color:#fff;}
D/WebViewActivity(12445): #yreglg select, #yreglg input, #yreglg p, #yreglgtb td, #yreglgtb th{font-size:93%}
D/WebViewActivity(12445): div.yregdsilu h2.yregdnt, div.yregdsilu p.yregsueasy{width:110px}
D/WebViewActivity(12445): /*popup template css */
D/WebViewActivity(12445): #yregtpopup #yregtxt {width:260px;margin:0 0 10px} /* popup template */
D/WebViewActivity(12445): #yregtpopup #yregwp, #yregtpopup #yregmst{width:525px}
D/WebViewActivity(12445): #yregtpopup #yregmst{margin-bottom:5px}
D/WebViewActivity(12445): #yregtpopup #yreglg{margin-bottom:0}
D/WebViewActivity(12445): #yregtpopup #yregft{padding-top:5px}
D/WebViewActivity(12445): 
D/WebViewActivity(12445): #yregtgen #yregtxt h2, #yregtpopup #yregtxt h2, #yregpmtxt h3{font:bold 152%/152% arial;color:#333;margin:0}
D/WebViewActivity(12445): #yregtgen #yregtxt p.yregpti, #yregtpopup #yregtxt p.yregpti {color:#666;margin:0 0 2px;font:bold 100%/100% arial}
D/WebViewActivity(12445): #yregtgen #yregtxt, #yregtpopup #yregtxt{margin-bottom:20px}
D/WebViewActivity(12445): #yregtgen #yregtxt #yreghtxt h3, #yregtpopup #yregtxt #yreghtxt h3{margin:0;font:bold 107%/114% arial;color:#8C57A1}
D/WebViewActivity(12445): #yregtgen #yregtxt li h3, #yregtpopup #yregtxt li h3{font:bold 114%/122% arial}
D/WebViewActivity(12445): #yregtgen #yregtxt p, #yregtpopup #yregtxt p{margin:0 0 0.8em;line-height:129%}
D/WebViewActivity(12445): #yregtgen #yregtxt .yregbpt li, #yregtpopup #yregtxt .yregbpt li{margin:0 0 10px 4px;padding:0 0 10px 22px;background:url(https://s.yimg.com/lq/i/reg/purple_arrow.gif) no-repeat 1px 4px}
D/WebViewActivity(12445): 
D/WebViewActivity(12445): #yregtgen.yregab #yregtxt{width:auto;}
D/WebViewActivity(12445): #yregtgen.yregab #yreghtxt{margin-right:60px;}
D/WebViewActivity(12445): #yregtpopup.yregab #yregtxt{width:180px}
D/WebViewActivity(12445): #yregtgen #yregtxt #yreghtxt h2, #yregtpopup #yregtxt #yreghtxt h2{color:#7A067F}
D/WebViewActivity(12445): .yregbx{z-index:3;margin-right:0!important}
D/WebViewActivity(12445): .flicker h3 span {color:#ff0084;font-weight:bold}
D/WebViewActivity(12445): .flicker h3 a {text-decoration:underline;}
D/WebViewActivity(12445): 
D/WebViewActivity(12445): /* persistency message right above "sign in" bottom */
D/WebViewActivity(12445): .kmsibold {font-weight:bold; font-size: 114%;}
D/WebViewActivity(12445): input#persistent {margin-bottom: -0em;}
D/WebViewActivity(12445): .subperstxt {line-height:1.75em;}
D/WebViewActivity(12445): .subperstxt2 {margin: 0 0 0 2em; display:block;}
D/WebViewActivity(12445): .ftrMailLnk {padding-bottom: 10px;}
D/WebViewActivity(12445): .yreglgsb{margin-top:0}
D/WebViewActivity(12445): 
D/WebViewActivity(12445): #yregwp #yregct #yreglg .yregbxi #yreglgmd {margin-top:1.75em}
D/WebViewActivity(12445): #yregtgen fieldset {margin-bottom:2.5em}
D/WebViewActivity(12445): p#sigcopys {text-align: left; font-size: 85%; padding: .4em; margin: .6em .0em 1em 0; border-bottom: 1px dotted #9D9C9D; border-top: 1px dotted #9D9C9D;}
D/WebViewActivity(12445): #sigcopys label{display:block; margin:-1.5em 0 0 2em;}
D/WebViewActivity(12445): 
D/WebViewActivity(12445): 
D/WebViewActivity(12445): #yregtgen #yregct {margin-right: 0px;}
D/WebViewActivity(12445): #yregtgen #yregtxt { margin-left: 5px; margin-right: 255px;}
D/WebViewActivity(12445): #inputs p#usernameP{color:#252525;font-weight:bold;font-size:14px;padding-top:0;padding-bottom:18px;}
D/WebViewActivity(12445): th#thun, th#thpw {text-align:left;}
D/WebViewActivity(12445): 
D/WebViewActivity(12445): #yreglgtb #fun {
D/WebViewActivity(12445):   display:none;
D/WebViewActivity(12445):   margin-top:-10px;
D/WebViewActivity(12445):   padding-bottom:7px;
D/WebViewActivity(12445):   width:100%;
D/WebViewActivity(12445): }
D/WebViewActivity(12445): #fun .b{
D/WebViewActivity(12445):   font-weight:bold;
D/WebViewActivity(12445): }
D/WebViewActivity(12445): #fun .b, #fun .n, #fun a{
D/WebViewActivity(12445):   vertical-align:top;
D/WebViewActivity(12445): }
D/WebViewActivity(12445): #fun #caution {
D/WebViewActivity(12445):   height:16px;
D/WebViewActivity(12445):   width:16px;
D/WebViewActivity(12445):   padding-right:3px;
D/WebViewActivity(12445): }
D/WebViewActivity(12445): 
D/WebViewActivity(12445): p, form, fieldset, h1, h2, h3, h4, h5, h6{margin:0;padding:0}
D/WebViewActivity(12445): fieldset{padding:10px 0}
D/WebViewActivity(12445): img, fieldset{border:0}
D/WebViewActivity(12445): legend{display:none}
D/WebViewActivity(12445): label{font-weight:normal;cursor:pointer;cursor:hand}
D/WebViewActivity(12445): a{color:#053799;text-decoration:none}
D/WebViewActivity(12445): a:hover{text-decoration:underline}
D/WebViewActivity(12445): .yregclb:after{content:".";display:block;font-size:0px;line-height:0;height:0;clear:both;visibility:hidden}
D/WebViewActivity(12445): body{text-align:center;color:#333;margin:5px 0 0;padding:0}
D/WebViewActivity(12445): #yregwp{text-align:left;margin:0 auto;width:750px}
D/WebViewActivity(12445): #yregmst{margin:0 0 10px}
D/WebViewActivity(12445): #yreglg{float:right;width:240px;margin:0 0 20px;}
D/WebViewActivity(12445): #yregtxt{margin:0 270px 0 20px}
D/WebViewActivity(12445): #yregtml #yregtxt{margin:0}
D/WebViewActivity(12445): #yregft{text-align:center;font-size:77%;padding:10px 0 0;border-top:1px solid #777}
W/IInputConnectionWrapper(12445): showStatusIcon on inactive InputConnection
D/dalvikvm(  530): GC_FOR_ALLOC freed 1195K, 23% free 21153K/27288K, paused 88ms, total 88ms
D/audio_hw_primary(  176): out_standby: enter: usecase(1: low-latency-playback)
D/audio_hw_primary(  176): stop_output_stream: enter: usecase(1: low-latency-playback)
D/audio_hw_primary(  176): disable_audio_route: reset mixer path: low-latency-playback
D/audio_hw_primary(  176): disable_snd_device: snd_device(2: speaker)
D/audio_hw_primary(  176): stop_output_stream: exit: status(0)
D/audio_hw_primary(  176): out_standby: exit
D/dalvikvm(12445): GC_FOR_ALLOC freed 999K, 13% free 9234K/10512K, paused 18ms, total 18ms
D/dalvikvm(12445): GC_FOR_ALLOC freed 416K, 12% free 9273K/10512K, paused 19ms, total 19ms
I/ActivityManager(  530): Killing 12445:com.example.hashvoice/u0a10117: remove task
I/WindowState(  530): WIN DEATH: Window{428b85d0 u0 com.example.hashvoice/com.example.hashvoice.WebViewActivity}
I/WindowState(  530): WIN DEATH: Window{425b2be8 u0 Toast}
D/dalvikvm( 9929): GC_CONCURRENT freed 393K, 5% free 9619K/10056K, paused 6ms+1ms, total 56ms
I/PowerManagerService(  530): Going to sleep due to screen timeout...
D/dalvikvm(  530): GC_FOR_ALLOC freed 1722K, 23% free 21154K/27288K, paused 80ms, total 80ms
D/SurfaceFlinger(  173): Screen released, type=0 flinger=0xb70b6478
D/audio_hw_primary(  176): adev_set_parameters: enter: screen_state=off
D/audio_hw_primary(  176): adev_set_parameters: exit with code(-2)
D/NfcService(  802): NFC-C OFF
D/SurfaceControl(  530): Excessive delay in blankDisplay() while turning screen off: 163ms
W/IdleConnectionHandler(11431): Removing a connection that never existed!
V/KeyguardHostView(  530): hide transport, gen:86
V/KeyguardHostView(  530): music state changed: 0
D/PhoneStatusBar(  633): disable: < expand icons alerts ticker system_info back home RECENT* clock search >
V/TAG     (  530): bug 7643792: fitSystemWindows([0,50][0,0])
D/PhoneStatusBar(  633): disable: < expand icons alerts ticker system_info BACK* HOME* RECENT CLOCK* search >
D/dalvikvm(30039): GC_CONCURRENT freed 420K, 5% free 10517K/11024K, paused 7ms+2ms, total 63ms
W/Settings(11431): Setting wifi_sleep_policy has moved from android.provider.Settings.System to android.provider.Settings.Global, returning read-only value.
D/dalvikvm( 9929): GC_CONCURRENT freed 393K, 5% free 9619K/10056K, paused 6ms+1ms, total 54ms
D/AndroidRuntime(12568): 
D/AndroidRuntime(12568): >>>>>> AndroidRuntime START com.android.internal.os.RuntimeInit <<<<<<
D/AndroidRuntime(12568): CheckJNI is OFF
D/dalvikvm(12568): Trying to load lib libjavacore.so 0x0
D/dalvikvm(12568): Added shared lib libjavacore.so 0x0
D/dalvikvm(12568): Trying to load lib libnativehelper.so 0x0
D/dalvikvm(12568): Added shared lib libnativehelper.so 0x0
D/AndroidRuntime(12568): Calling main entry com.android.commands.pm.Pm
W/ActivityManager(  530): No content provider found for permission revoke: file:///data/local/tmp/HashVoice.apk
D/Finsky  (29803): [1] PackageVerificationReceiver.onReceive: Verification requested, id = 83
D/Finsky  (29803): [1] WorkerTask.onPreExecute: Verification Requested for id = 83, data=file:///data/local/tmp/HashVoice.apk flags=114 fromVerificationActivity=false
D/dalvikvm(29803): GC_CONCURRENT freed 857K, 10% free 11797K/13100K, paused 3ms+4ms, total 36ms
I/qtaguid (29803): Failed write_ctrl(u 65) res=-1 errno=22
I/qtaguid (29803): Untagging socket 65 failed errno=-22
W/NetworkManagementSocketTagger(29803): untagSocket(65) failed with errno -22
I/ElegantRequestDirector(29803): I/O exception (org.apache.http.NoHttpResponseException) caught when processing request: The target server failed to respond
I/ElegantRequestDirector(29803): Retrying request
D/Finsky  (29803): [1] 2.onResponse: Verification id=83 response=0
D/Finsky  (29803): [1] PackageVerificationReceiver.onReceive: Verification requested, id = 83
W/ActivityManager(  530): No content provider found for permission revoke: file:///data/local/tmp/HashVoice.apk
I/PackageManager(  530): Copying native libraries to /data/app-lib/vmdl1997291947
I/ActivityManager(  530): Force stopping package com.example.hashvoice appid=10117 user=-1
D/dalvikvm(  530): GC_CONCURRENT freed 2595K, 21% free 21638K/27288K, paused 4ms+8ms, total 109ms
D/dalvikvm(  530): WAIT_FOR_CONCURRENT_GC blocked 36ms
I/PackageManager(  530): Running dexopt on: com.example.hashvoice
I/PackageManager(  530): Package com.example.hashvoice codePath changed from /data/app/com.example.hashvoice-2.apk to /data/app/com.example.hashvoice-1.apk; Retaining data and using new
D/dalvikvm(12596): DexOpt: load 45ms, verify+opt 182ms, 1025620 bytes
I/ActivityManager(  530): Force stopping package com.example.hashvoice appid=10117 user=-1
W/PackageManager(  530): Code path for pkg : com.example.hashvoice changing from /data/app/com.example.hashvoice-2.apk to /data/app/com.example.hashvoice-1.apk
W/PackageManager(  530): Resource path for pkg : com.example.hashvoice changing from /data/app/com.example.hashvoice-2.apk to /data/app/com.example.hashvoice-1.apk
I/ActivityManager(  530): Force stopping package com.example.hashvoice appid=10117 user=0
D/dalvikvm(  819): GC_EXPLICIT freed 1274K, 27% free 15413K/20832K, paused 1ms+7ms, total 34ms
D/dalvikvm(  633): GC_EXPLICIT freed 427K, 54% free 14893K/32312K, paused 7ms+8ms, total 70ms
D/dalvikvm(11978): GC_EXPLICIT freed 861K, 12% free 9891K/11120K, paused 2ms+3ms, total 31ms
D/dalvikvm( 6820): GC_EXPLICIT freed 490K, 8% free 9246K/10016K, paused 2ms+4ms, total 26ms
I/InputReader(  530): Reconfiguring input devices.  changes=0x00000010
I/InputReader(  530): Reconfiguring input devices.  changes=0x00000010
I/Launcher(  819): Deferring update until onResume
W/ContextImpl(11931): Calling a method in the system process without a qualified user: android.app.ContextImpl.startService:1385 android.content.ContextWrapper.startService:473 android.content.ContextWrapper.startService:473 com.android.keychain.KeyChainBroadcastReceiver.onReceive:12 android.app.ActivityThread.handleReceiver:2424 
I/Launcher(  819): Deferring update until onResume
D/dalvikvm(  802): GC_CONCURRENT freed 415K, 5% free 9181K/9632K, paused 1ms+2ms, total 16ms
D/dalvikvm(  530): GC_EXPLICIT freed 1327K, 22% free 21520K/27288K, paused 4ms+10ms, total 157ms
D/AndroidRuntime(12568): Shutting down VM
D/jdwp    (12568): Got wake-up signal, bailing out of select
D/dalvikvm(12568): Debugger has detached; object registry had 1 entries
D/PackageAddedReceiver(28364): package added com.example.hashvoice
I/Icing.InternalIcingCorporaProvider(11978): Updating corpora: A: com.example.hashvoice, C: MAYBE
D/BackupManagerService(  530): Received broadcast Intent { act=android.intent.action.PACKAGE_REMOVED dat=package:com.example.hashvoice flg=0x8000010 (has extras) }
I/AutosyncReceiver(12113): [main] got broadcast intent: Intent { act=android.intent.action.PACKAGE_REPLACED dat=package:com.example.hashvoice flg=0x8000010 cmp=de.schildbach.wallet/.service.AutosyncReceiver (has extras) }
I/CompanionService( 6714): onStartCommand: null
D/BackupManagerService(  530): Received broadcast Intent { act=android.intent.action.PACKAGE_ADDED dat=package:com.example.hashvoice flg=0x8000010 (has extras) }
V/BackupManagerService(  530): removePackageParticipantsLocked: uid=10117 #1
V/BackupManagerService(  530): addPackageParticipantsLocked: #1
I/GCoreUlr(  758): Ensuring that reporting is stopped because of reasons: {account#-8#=[InactiveReason{mVersionCode=0, mIdentifier=6, mName='ReportingNotSelected'}]}
D/GCoreFlp(  758): Unknown pending intent to remove.
I/GCoreUlr(  758): Unbound from all location providers
D/AndroidRuntime(12629): 
D/AndroidRuntime(12629): >>>>>> AndroidRuntime START com.android.internal.os.RuntimeInit <<<<<<
D/AndroidRuntime(12629): CheckJNI is OFF
D/dalvikvm(12629): Trying to load lib libjavacore.so 0x0
D/dalvikvm(12629): Added shared lib libjavacore.so 0x0
D/dalvikvm(12629): Trying to load lib libnativehelper.so 0x0
D/dalvikvm(12629): Added shared lib libnativehelper.so 0x0
D/AndroidRuntime(12629): Calling main entry com.android.commands.am.Am
D/dalvikvm(12629): Note: class Landroid/app/ActivityManagerNative; has 163 unimplemented (abstract) methods
I/ActivityManager(  530): START u0 {act=android.intent.action.MAIN cat=[android.intent.category.LAUNCHER] flg=0x10000000 cmp=com.example.hashvoice/.HashVoice} from pid 12629
D/AndroidRuntime(12629): Shutting down VM
D/jdwp    (12629): Got wake-up signal, bailing out of select
D/dalvikvm(12629): Debugger has detached; object registry had 1 entries
I/ActivityManager(  530): Start proc com.example.hashvoice for activity com.example.hashvoice/.HashVoice: pid=12644 uid=10117 gids={50117, 3003, 1028}
D/dalvikvm(12644): Late-enabling CheckJNI
D/libEGL  (12644): loaded /system/lib/egl/libEGL_adreno200.so
D/libEGL  (12644): loaded /system/lib/egl/libGLESv1_CM_adreno200.so
D/libEGL  (12644): loaded /system/lib/egl/libGLESv2_adreno200.so
I/Adreno200-EGL(12644): <qeglDrvAPI_eglInitialize:265>: EGL 1.4 QUALCOMM Build: Iabe52cfaeae4c5fab1acacfe6f056ba15fa93274
D/dalvikvm( 6820): GC_CONCURRENT freed 208K, 6% free 9465K/10016K, paused 2ms+2ms, total 28ms
D/OpenGLRenderer(12644): Enabling debug mode 0
I/ActivityManager(  530): Displayed com.example.hashvoice/.HashVoice: +306ms
W/ActivityManager(  530): Permission denied: checkComponentPermission() owningUid=10059
W/ActivityManager(  530): Permission denied: checkComponentPermission() owningUid=10059
W/ActivityManager(  530): Permission denied: checkComponentPermission() owningUid=10059
W/ActivityManager(  530): Permission denied: checkComponentPermission() owningUid=10059
W/ActivityManager(  530): Permission denied: checkComponentPermission() owningUid=10059
W/ActivityManager(  530): Permission denied: checkComponentPermission() owningUid=10059
W/ActivityManager(  530): Permission denied: checkComponentPermission() owningUid=10059
