D/WebViewActivity(13632): #yregtgen.yregab #yregtxt{width:auto;}
D/WebViewActivity(13632): #yregtgen.yregab #yreghtxt{margin-right:60px;}
D/WebViewActivity(13632): #yregtpopup.yregab #yregtxt{width:180px}
D/WebViewActivity(13632): #yregtgen #yregtxt #yreghtxt h2, #yregtpopup #yregtxt #yreghtxt h2{color:#7A067F}
D/WebViewActivity(13632): .yregbx{z-index:3;margin-right:0!important}
D/WebViewActivity(13632): .flicker h3 span {color:#ff0084;font-weight:bold}
D/WebViewActivity(13632): .flicker h3 a {text-decoration:underline;}
D/WebViewActivity(13632): 
D/WebViewActivity(13632): /* persistency message right above "sign in" bottom */
D/WebViewActivity(13632): .kmsibold {font-weight:bold; font-size: 114%;}
D/WebViewActivity(13632): input#persistent {margin-bottom: -0em;}
D/WebViewActivity(13632): .subperstxt {line-height:1.75em;}
D/WebViewActivity(13632): .subperstxt2 {margin: 0 0 0 2em; display:block;}
D/WebViewActivity(13632): .ftrMailLnk {padding-bottom: 10px;}
D/WebViewActivity(13632): .yreglgsb{margin-top:0}
D/WebViewActivity(13632): 
D/WebViewActivity(13632): #yregwp #yregct #yreglg .yregbxi #yreglgmd {margin-top:1.75em}
D/WebViewActivity(13632): #yregtgen fieldset {margin-bottom:2.5em}
D/WebViewActivity(13632): p#sigcopys {text-align: left; font-size: 85%; padding: .4em; margin: .6em .0em 1em 0; border-bottom: 1px dotted #9D9C9D; border-top: 1px dotted #9D9C9D;}
D/WebViewActivity(13632): #sigcopys label{display:block; margin:-1.5em 0 0 2em;}
D/WebViewActivity(13632): 
D/WebViewActivity(13632): 
D/WebViewActivity(13632): #yregtgen #yregct {margin-right: 0px;}
D/WebViewActivity(13632): #yregtgen #yregtxt { margin-left: 5px; margin-right: 255px;}
D/WebViewActivity(13632): #inputs p#usernameP{color:#252525;font-weight:bold;font-size:14px;padding-top:0;padding-bottom:18px;}
D/WebViewActivity(13632): th#thun, th#thpw {text-align:left;}
D/WebViewActivity(13632): 
D/WebViewActivity(13632): #yreglgtb #fun {
D/WebViewActivity(13632):   display:none;
D/WebViewActivity(13632):   margin-top:-10px;
D/WebViewActivity(13632):   padding-bottom:7px;
D/WebViewActivity(13632):   width:100%;
D/WebViewActivity(13632): }
D/WebViewActivity(13632): #fun .b{
D/WebViewActivity(13632):   font-weight:bold;
D/WebViewActivity(13632): }
D/WebViewActivity(13632): #fun .b, #fun .n, #fun a{
D/WebViewActivity(13632):   vertical-align:top;
D/WebViewActivity(13632): }
D/WebViewActivity(13632): #fun #caution {
D/WebViewActivity(13632):   height:16px;
D/WebViewActivity(13632):   width:16px;
D/WebViewActivity(13632):   padding-right:3px;
D/WebViewActivity(13632): }
D/WebViewActivity(13632): 
D/WebViewActivity(13632): p, form, fieldset, h1, h2, h3, h4, h5, h6{margin:0;padding:0}
D/WebViewActivity(13632): fieldset{padding:10px 0}
D/WebViewActivity(13632): img, fieldset{border:0}
D/WebViewActivity(13632): legend{display:none}
D/WebViewActivity(13632): label{font-weight:normal;cursor:pointer;cursor:hand}
D/WebViewActivity(13632): a{color:#053799;text-decoration:none}
D/WebViewActivity(13632): a:hover{text-decoration:underline}
D/WebViewActivity(13632): .yregclb:after{content:".";display:block;font-size:0px;line-height:0;height:0;clear:both;visibility:hidden}
D/WebViewActivity(13632): body{text-align:center;color:#333;margin:5px 0 0;padding:0}
D/WebViewActivity(13632): #yregwp{text-align:left;margin:0 auto;width:750px}
D/WebViewActivity(13632): #yregmst{margin:0 0 10px}
D/WebViewActivity(13632): #yreglg{float:right;width:240px;margin:0 0 20px;}
D/WebViewActivity(13632): #yregtxt{margin:0 270px 0 20px}
D/WebViewActivity(13632): #yregtml #yregtxt{margin:0}
D/WebViewActivity(13632): #yregft{text-align:center;font-size:77%;padding:10px 0 0;border-top:1px solid #777}
D/dalvikvm( 9929): GC_CONCURRENT freed 396K, 5% free 9619K/10060K, paused 21ms+2ms, total 56ms
D/Finsky  (29803): [1] 5.onFinished: Installation state replication succeeded.
D/dalvikvm(13632): GC_FOR_ALLOC freed 803K, 12% free 9304K/10464K, paused 33ms, total 33ms
D/dalvikvm(13632): GC_FOR_ALLOC freed 439K, 11% free 9354K/10464K, paused 14ms, total 14ms
D/dalvikvm(13632): GC_FOR_ALLOC freed 434K, 10% free 9432K/10464K, paused 13ms, total 13ms
D/dalvikvm(13632): GC_FOR_ALLOC freed 392K, 10% free 9502K/10464K, paused 12ms, total 12ms
D/dalvikvm(13632): GC_FOR_ALLOC freed 403K, 9% free 9608K/10464K, paused 12ms, total 12ms
D/WebViewActivity(13632): 
D/WebViewActivity(13632): 
D/WebViewActivity(13632): 
D/WebViewActivity(13632): 
D/WebViewActivity(13632): 
D/WebViewActivity(13632): 
D/WebViewActivity(13632):     
D/WebViewActivity(13632): 
D/WebViewActivity(13632): 
D/WebViewActivity(13632): 
D/WebViewActivity(13632): 
D/WebViewActivity(13632): <!DOCTYPE HTML PUBLIC "-//W3C//DTD HTML 4.01//EN" "http://www.w3.org/TR/html4/strict.dtd">
D/WebViewActivity(13632): <html>
D/WebViewActivity(13632): <head>
D/WebViewActivity(13632): <meta http-equiv="Content-Type" content="text/html; charset=utf-8">
D/WebViewActivity(13632): <title>Sign in to Yahoo!</title>
D/WebViewActivity(13632): 
D/WebViewActivity(13632): <meta http-equiv="Pragma" content="no-cache">
D/WebViewActivity(13632): <meta http-equiv="Expires" content="0">
D/WebViewActivity(13632): <script type='text/javascript'>
D/WebViewActivity(13632): var startTime = new Date().getTime();
D/WebViewActivity(13632): var loadTime = null;
D/WebViewActivity(13632): </script>
D/WebViewActivity(13632): 
D/WebViewActivity(13632): <link rel="stylesheet" type="text/css" href="https://s.yimg.com/lq/i/reg/css/yregbase_sec_ui_1_9.css">
D/WebViewActivity(13632): <style type="text/css">
D/WebViewActivity(13632): .clear{clear:both}
D/WebViewActivity(13632): .primaryCta {background:none; background-color: #6E329D; background-image: -moz-linear-gradient(center center , #6E329D 0%, #6E329D 100%); border: 1px solid #522675; border-radius: 2px 2px 2px 2px; color:#fff;}
D/WebViewActivity(13632): #yreglg select, #yreglg input, #yreglg p, #yreglgtb td, #yreglgtb th{font-size:93%}
D/WebViewActivity(13632): div.yregdsilu h2.yregdnt, div.yregdsilu p.yregsueasy{width:110px}
D/WebViewActivity(13632): /*popup template css */
D/WebViewActivity(13632): #yregtpopup #yregtxt {width:260px;margin:0 0 10px} /* popup template */
D/WebViewActivity(13632): #yregtpopup #yregwp, #yregtpopup #yregmst{width:525px}
D/WebViewActivity(13632): #yregtpopup #yregmst{margin-bottom:5px}
D/WebViewActivity(13632): #yregtpopup #yreglg{margin-bottom:0}
D/WebViewActivity(13632): #yregtpopup #yregft{padding-top:5px}
D/WebViewActivity(13632): 
D/WebViewActivity(13632): #yregtgen #yregtxt h2, #yregtpopup #yregtxt h2, #yregpmtxt h3{font:bold 152%/152% arial;color:#333;margin:0}
D/WebViewActivity(13632): #yregtgen #yregtxt p.yregpti, #yregtpopup #yregtxt p.yregpti {color:#666;margin:0 0 2px;font:bold 100%/100% arial}
D/WebViewActivity(13632): #yregtgen #yregtxt, #yregtpopup #yregtxt{margin-bottom:20px}
D/WebViewActivity(13632): #yregtgen #yregtxt #yreghtxt h3, #yregtpopup #yregtxt #yreghtxt h3{margin:0;font:bold 107%/114% arial;color:#8C57A1}
D/WebViewActivity(13632): #yregtgen #yregtxt li h3, #yregtpopup #yregtxt li h3{font:bold 114%/122% arial}
D/WebViewActivity(13632): #yregtgen #yregtxt p, #yregtpopup #yregtxt p{margin:0 0 0.8em;line-height:129%}
D/WebViewActivity(13632): #yregtgen #yregtxt .yregbpt li, #yregtpopup #yregtxt .yregbpt li{margin:0 0 10px 4px;padding:0 0 10px 22px;background:url(https://s.yimg.com/lq/i/reg/purple_arrow.gif) no-repeat 1px 4px}
D/WebViewActivity(13632): 
D/WebViewActivity(13632): #yregtgen.yregab #yregtxt{width:auto;}
D/WebViewActivity(13632): #yregtgen.yregab #yreghtxt{margin-right:60px;}
D/WebViewActivity(13632): #yregtpopup.yregab #yregtxt{width:180px}
D/WebViewActivity(13632): #yregtgen #yregtxt #yreghtxt h2, #yregtpopup #yregtxt #yreghtxt h2{color:#7A067F}
D/WebViewActivity(13632): .yregbx{z-index:3;margin-right:0!important}
D/WebViewActivity(13632): .flicker h3 span {color:#ff0084;font-weight:bold}
D/WebViewActivity(13632): .flicker h3 a {text-decoration:underline;}
D/WebViewActivity(13632): 
D/WebViewActivity(13632): /* persistency message right above "sign in" bottom */
D/WebViewActivity(13632): .kmsibold {font-weight:bold; font-size: 114%;}
D/WebViewActivity(13632): input#persistent {margin-bottom: -0em;}
D/WebViewActivity(13632): .subperstxt {line-height:1.75em;}
D/WebViewActivity(13632): .subperstxt2 {margin: 0 0 0 2em; display:block;}
D/WebViewActivity(13632): .ftrMailLnk {padding-bottom: 10px;}
D/WebViewActivity(13632): .yreglgsb{margin-top:0}
D/WebViewActivity(13632): 
D/WebViewActivity(13632): #yregwp #yregct #yreglg .yregbxi #yreglgmd {margin-top:1.75em}
D/WebViewActivity(13632): #yregtgen fieldset {margin-bottom:2.5em}
D/WebViewActivity(13632): p#sigcopys {text-align: left; font-size: 85%; padding: .4em; margin: .6em .0em 1em 0; border-bottom: 1px dotted #9D9C9D; border-top: 1px dotted #9D9C9D;}
D/WebViewActivity(13632): #sigcopys label{display:block; margin:-1.5em 0 0 2em;}
D/WebViewActivity(13632): 
D/WebViewActivity(13632): 
D/WebViewActivity(13632): #yregtgen #yregct {margin-right: 0px;}
D/WebViewActivity(13632): #yregtgen #yregtxt { margin-left: 5px; margin-right: 255px;}
D/WebViewActivity(13632): #inputs p#usernameP{color:#252525;font-weight:bold;font-size:14px;padding-top:0;padding-bottom:18px;}
D/WebViewActivity(13632): th#thun, th#thpw {text-align:left;}
D/WebViewActivity(13632): 
D/WebViewActivity(13632): #yreglgtb #fun {
D/WebViewActivity(13632):   display:none;
D/WebViewActivity(13632):   margin-top:-10px;
D/WebViewActivity(13632):   padding-bottom:7px;
D/WebViewActivity(13632):   width:100%;
D/WebViewActivity(13632): }
D/WebViewActivity(13632): #fun .b{
D/WebViewActivity(13632):   font-weight:bold;
D/WebViewActivity(13632): }
D/WebViewActivity(13632): #fun .b, #fun .n, #fun a{
D/WebViewActivity(13632):   vertical-align:top;
D/WebViewActivity(13632): }
D/WebViewActivity(13632): #fun #caution {
D/WebViewActivity(13632):   height:16px;
D/WebViewActivity(13632):   width:16px;
D/WebViewActivity(13632):   padding-right:3px;
D/WebViewActivity(13632): }
D/WebViewActivity(13632): 
D/WebViewActivity(13632): p, form, fieldset, h1, h2, h3, h4, h5, h6{margin:0;padding:0}
D/WebViewActivity(13632): fieldset{padding:10px 0}
D/WebViewActivity(13632): img, fieldset{border:0}
D/WebViewActivity(13632): legend{display:none}
D/WebViewActivity(13632): label{font-weight:normal;cursor:pointer;cursor:hand}
D/WebViewActivity(13632): a{color:#053799;text-decoration:none}
D/WebViewActivity(13632): a:hover{text-decoration:underline}
D/WebViewActivity(13632): .yregclb:after{content:".";display:block;font-size:0px;line-height:0;height:0;clear:both;visibility:hidden}
D/WebViewActivity(13632): body{text-align:center;color:#333;margin:5px 0 0;padding:0}
D/WebViewActivity(13632): #yregwp{text-align:left;margin:0 auto;width:750px}
D/WebViewActivity(13632): #yregmst{margin:0 0 10px}
D/WebViewActivity(13632): #yreglg{float:right;width:240px;margin:0 0 20px;}
D/WebViewActivity(13632): #yregtxt{margin:0 270px 0 20px}
D/WebViewActivity(13632): #yregtml #yregtxt{margin:0}
D/WebViewActivity(13632): #yregft{text-align:center;font-size:77%;padding:10px 0 0;border-top:1px solid #777}
D/dalvikvm(13425): GC_CONCURRENT freed 605K, 6% free 11309K/11952K, paused 4ms+10ms, total 54ms
D/dalvikvm(13632): GC_FOR_ALLOC freed 760K, 11% free 9350K/10464K, paused 41ms, total 43ms
D/WebViewActivity(13632): <?xml version="1.0" encoding="UTF-8" ?><!DOCTYPE html PUBLIC "-//WAPFORUM//DTD XHTML Mobile 1.0//EN" "http://www.wapforum.org/DTD/xhtml-mobile10.dtd"><html xmlns="http://www.w3.org/1999/xhtml" lang="en" xml:lang="en"><head><title>Login</title><meta http-equiv="Content-Type" content="text/html; charset=utf-8"/><style type="text/css">body{color:#353535;background:#ffffff;font-family:Sans-serif}a{color:#006ec2;text-decoration:none}a.z, a.y, a.x, a.w, a.v, .u a{text-decoration:none}body,div,dl,dt,dd,ul,ol,li,h1,h2,h3,h4,h5,h6{padding:0;margin:0}img{border:0}#page{background:#ffffff;color:#353535}.t, .s{color:#8d8c8d}.r .t, .r .s{color:#8d8c8d}.q{font-size:90%}.s{font-size:90%}.w{font-size:110%}#pageHeader{background-color:#ffffff}#titlebar{padding:1px 0 3px 0}#titlebar img, #titlebar div, #titlebar span{vertical-align:middle}#titlebar .p{padding-top:.3em;padding-bottom:.3em}#titlebar .o img{margin-right:4px}div.n{padding-top:.3em;font-size:85%}.r .m{background:#ffffff;color:#353535}.r a{color:#006ec2}.l{border-top:1px solid #eae8db;padding-bottom:0.3em;padding-top:0.2em}.l.k{border-top:none}.l .p, .l .j, .r .l .p, .r .l .j{border-top:none;padding-top:0;padding-bottom:0}.l .p.k{padding-top:0.3em;padding-bottom:0}.j{padding-top:0;padding-bottom:0}.r .m .j{border-top:1px solid #eae8db;clear:both}.r .j.k{border-top:0}.j .p{padding:2px 0}.r .m .j .p, .i .m .j .p, .h .m .j .p{padding:0}div.g{padding:0.3em 0;clear:both}div.g img{vertical-align:middle;margin-right:2px}.p{padding-top:0.3em;padding-bottom:0.3em}.p, .j{word-wrap:break-word}form{margin:0}form.x, form.x .f{display:inline}.f input, .f textarea, .f select, .f button{font-size:inherit;font-weight:inherit;margin-top:0;margin-bottom:0.3em;vertical-align:middle}.f textarea, input.e{margin-top:.3em;width:89%}.f{padding:0}.d{padding-bottom:0.3em;color:#353535}input.c{font-weight:bold}.f.c{display:inline}div#defaultFooter{text-align:center;padding-top:1em;font-size:85%;background-color:transparent}div#defaultFooter div.m{background-color:transparent;border:none}div#defaultFooter div.p{background-color:transparent;margin:0;padding:0;border:none;color:#353535}div#defaultFooter div.p span{font-weight:bold}div#defaultFooter a{font-weight:bold;color:#006ec2;border-bottom:none}</style></head><body><div id="page"><div id="pageHeader"><div id="titlebar"><div class="p"><div class="o" align="center"><img src="/_ycs/l/jg/api/res/1.2/3yCe.3ui9ZZqWCTj1C.IbA--/YW49MTtiZz1mZmZmZmY7Zmk9Zml0O2g9MTU7dz03NQ--/resource:/brand/yahoo/web/1.0.89/image/B/icon/yahoo.cf.gif" alt="" border="0"/></div></div><div class="n" align="center">[ <span ><a href="http://m.yahoo.com/w/ygo-frontpage%3B_ylt=A2KIOeN7.kdSKiAAtQLo4tw4?.lang=en&amp;.ysid=UgCmhjzAaixF08ckaPdx09B2&amp;.intl=US">Home</a></span> ]</div></div></div></div><div id="content"><div class="r"><div class="m"><div class="l k"><div class="j k"><div class="g "><img src="/_ycs/l/jg/api/res/1.2/5DbDkbU6oph.eD6DshBPTA--/YW49MTtiZz1mZmZmZmY7Zmk9Zml0O2g9MjY7dz0yNg--/resource:/widget/login/1.2.2/image/flickr.cf.gif" alt="" border="0" align="left"/><div class="p "><b>Flickr is part of Yahoo!</b></div><div class="p ">Use your Yahoo! ID to sign-in</div><br clear="all"/></div></div><form class="x" action="http://mlogin.yahoo.com/w/login/auth?.ts=1380448891&amp;.lang=en&amp;.ysid=UgCmhjzAaixF08ckaPdx09B2&amp;.intl=US" method="post" id="LoginModel"><input type="hidden" name="_authurl" value="auth"/><input type="hidden" name="_done" value="http://m.flickr.com/signin/yahoo/?redir=%2Fservices%2Foauth%2Fauthorize%3Foauth_token%3D72157636004417666-cfda485a4862848c%26perms%3Ddelete"/><input type="hidden" name="_sig" value=""/><input type="hidden" name="_src" value="sushi"/><input type="hidden" name="_ts" value="1380448891"/><input type="hidden" name="_crumb" value="gdxjaQ4a3W13M_teU7KJ0A--"/><input type="hidden" name="_pc" value="5135"/><input type="hidden" name="_send_userhash" value="0"/><input type="hidden" name="_appdata" value=""/><input type="hidden" name="_partner_ts" value=""/><input type="hidden" name="_is_ysid" value="0"/><i
D/TilesManager(13632): Starting TG #0, 0x73a35fd8
D/TilesManager(13632): new EGLContext from framework: 739d2708 
D/GLWebViewState(13632): Reinit shader
D/GLWebViewState(13632): Reinit transferQueue
D/WebViewActivity(13632): <?xml version="1.0"?>
D/WebViewActivity(13632): <!DOCTYPE html PUBLIC "-//WAPFORUM//DTD XHTML Mobile 1.0//EN" "http://www.wapforum.org/DTD/xhtml-mobile10.dtd">
D/WebViewActivity(13632): <html>
D/WebViewActivity(13632): <head>
D/WebViewActivity(13632): 	<title>Welcome to Flickr!</title>
D/WebViewActivity(13632): 	   <meta http-equiv="Pragma" content="no-cache">
D/WebViewActivity(13632):    <meta http-equiv="Expires" content="-1">
D/WebViewActivity(13632):    	
D/WebViewActivity(13632):    <meta http-equiv="Content-Type" content="text/html; charset=UTF-8" />
D/WebViewActivity(13632): 			<link href="http://l.yimg.com/g/css/mobile.css" rel="stylesheet" type="text/css" />
D/WebViewActivity(13632): 		<meta name="viewport" content="width = 320" />
D/WebViewActivity(13632): </head>
D/WebViewActivity(13632): <body>
D/WebViewActivity(13632): <img src="http://geo.yahoo.com/f?s=954010544&t=8873220711e31ea19dd6fb391d40f0ff&fl_ev=0&lang=en&intl=us" width="0" height="0" alt="" />
D/WebViewActivity(13632): 	<p id="logo">
D/WebViewActivity(13632): 		<a href="http://m.flickr.com/?"><img src="http://l.yimg.com/g/images/iphone/en-us/flickr-from-yahoo-logo.png" alt="Flickr" width="116" height="15" border="0" /></a>
D/WebViewActivity(13632): 			<span class="signin"><span>|</span> <a href="/signin/">Sign in</a></span>
D/WebViewActivity(13632): 		</p>
D/WebViewActivity(13632): <div class="main">
D/WebViewActivity(13632): 	</div>
D/WebViewActivity(13632): <div class="body">
D/WebViewActivity(13632):     <p>
D/WebViewActivity(13632):         <i>1</i> <a href="/all_recent_photos.gne?" accesskey="1">Recent Uploads</a><br />
D/WebViewActivity(13632):         <i>2</i> <a href="/explore/?" accesskey="2">Explore recent uploads</a>
D/WebViewActivity(13632):     </p>
D/WebViewActivity(13632): </div>
D/WebViewActivity(13632): 
D/WebViewActivity(13632): <form action="/search/" method="get" class="search">
D/WebViewActivity(13632): <p>       
D/WebViewActivity(13632):     
D/WebViewActivity(13632):     <label for="standard_q">Search for photos:</label><br />
D/WebViewActivity(13632): 	<input type="text" name="q" id="standard_q" tabindex="1" size="8" value="">
D/WebViewActivity(13632):         <input type="hidden" name="sig" value="" />
D/WebViewActivity(13632):         <input type="hidden" name="s" value="" />
D/WebViewActivity(13632): 	<input type="submit" value="text" name="m" class="Butt" />
D/WebViewActivity(13632): 	<input type="submit" value="tags" name="m" class="Butt" />
D/WebViewActivity(13632): </p>
D/WebViewActivity(13632): </form>
D/WebViewActivity(13632): 
D/WebViewActivity(13632): <div id="foot">
D/WebViewActivity(13632):     <hr />
D/WebViewActivity(13632): <div class="main">
D/WebViewActivity(13632):     <p>
D/WebViewActivity(13632):     
D/WebViewActivity(13632):     
D/WebViewActivity(13632):     </p>
D/WebViewActivity(13632): </div>
D/WebViewActivity(13632): 
D/WebViewActivity(13632): <p id="y">
D/WebViewActivity(13632): <a href="http://www.flickr.com/help/privacy-policy/">Your Privacy</a> | <a href="http://www.flickr.com/help/terms/">Terms of Use</a> | <a href="/abuse/">Report Abuse</a> <script>document.write('| <a href="http://m.flickr.com/" onclick="var date = new Date(); date.setTime(date.getTime() + (365 * 24 * 60 * 60 * 1000)); document.cookie = \'flrp=0; expires=Monday, 19-Aug-1996 05:00:00 GMT; path=/; domain=.flickr.com\'; document.cookie = \'flsp=1; expires=\' + date.toUTCString() + \'; path=/; domain=.flickr.com\'; window.location.reload(); return false;">New m.flickr.com</a>');</script>  <br />
D/WebViewActivity(13632): A <a href="http://m.yahoo.com">Yahoo!</a> company
D/WebViewActivity(13632): </p></div>
D/WebViewActivity(13632): </body>
D/WebViewActivity(13632): </html>
I/ActivityManager(  530): START u0 {cmp=com.example.hashvoice/.CameraMainActivity} from pid 13632
D/dalvikvm(  530): GC_FOR_ALLOC freed 1942K, 20% free 21703K/26916K, paused 107ms, total 108ms
D/dalvikvm(  530): GC_FOR_ALLOC freed 26K, 19% free 22049K/26916K, paused 73ms, total 73ms
I/dalvikvm-heap(  530): Grow heap (frag case) to 21.934MB for 380496-byte allocation
D/dalvikvm(  530): GC_FOR_ALLOC freed 17K, 18% free 22402K/27288K, paused 75ms, total 75ms
D/dalvikvm(  530): GC_FOR_ALLOC freed 747K, 21% free 21655K/27288K, paused 74ms, total 74ms
I/ActivityManager(  530): START u0 {act=android.media.action.IMAGE_CAPTURE cmp=com.google.android.gallery3d/com.android.camera.CameraActivity (has extras)} from pid 13632
V/StateManager( 9332): startState class com.android.gallery3d.app.FilmstripPage
V/CameraHolder( 9332): open camera 0
I/AwesomePlayer(  176): setDataSource_l(URL suppressed)
I/AwesomePlayer(  176): setDataSource_l(URL suppressed)
D/CameraStorage( 9332): External storage state=mounted
I/CameraClient(  176): Opening camera 0
D/CAM_PhotoModule( 9332): Preview size changed.
I/CAM_ScreenNail( 9332): preview layout size: 768/1184
I/CAM_ScreenNail( 9332): aspect ratio clamping disabled
E/qcom_sensors_hal(  530): hal_process_report_ind: Bad item quality: 11 
I/ActivityManager(  530): Displayed com.google.android.gallery3d/com.android.camera.CameraActivity: +222ms (total +256ms)
I/GLRootView( 9332): onSurfaceChanged: 768x1184, gl10: com.google.android.gles_jni.GLImpl@4233cdd8
E/mm-camera(  211): sensor_load_chromatix: libchromatix_imx111_preview.so: 30
I/GLRootView( 9332): layout content pane 768x1184 (compensation 0)
D/PhotoView( 9332): compensation = 0, CameraRelativeFrame = Rect(0, 0 - 0, 0), mCameraRect = Rect(0, 0 - 0, 0)
D/dalvikvm( 9332): GC_FOR_ALLOC freed 3207K, 23% free 18381K/23580K, paused 18ms, total 18ms
D/dalvikvm( 9332): GC_FOR_ALLOC freed 5970K, 38% free 14810K/23580K, paused 17ms, total 17ms
E/mm-camera(  211): vfe_ops_init: E
E/mm-camera(  211): vfe_legacy_stats_buffer_init: AEC_STATS_BUFNUM
E/mm-camera(  211): vfe_legacy_stats_buffer_init: AEC_STATS_BUFNUM
E/mm-camera(  211): mctl_init_stats_proc_info: snap_max_line_cnt =30096
V/CAM_PhotoModule( 9332): Preview size is 640x480
I/CAM_ScreenNail( 9332): preview layout size: 768/1184
I/CAM_ScreenNail( 9332): aspect ratio clamping disabled
V/CAM_PhotoModule( 9332): Preview size is 640x480
I/CAM_ScreenNail( 9332): aspect ratio clamping disabled
I/CAM_ScreenNail( 9332): aspect ratio clamping enabled, surfaceTexture scale: 0.8648649, 1.0
I/GLRootView( 9332): layout content pane 768x1184 (compensation 0)
D/PhotoView( 9332): compensation = 0, CameraRelativeFrame = Rect(0, 0 - 0, 0), mCameraRect = Rect(0, 0 - 0, 0)
V/CAM_PhotoModule( 9332): startPreview
E/QCameraHWI(  176): android::status_t android::QCameraHardwareInterface::setPreviewWindow(preview_stream_ops_t*): mPreviewWindow = 0x0xb76f9800, mStreamDisplay = 0x0xb76f86a8
D/QCameraHWI(  176): android::status_t android::QCameraHardwareInterface::startPreview():  start preview now
I/QCameraHWI(  176): android::status_t android::QCameraHardwareInterface::startPreview2():Setting ZSL mode
E/mm-camera(  211): config_proc_CAMERA_SET_INFORM_STARTPREVIEW
E/mm-camera(  211): config_proc_CAMERA_SET_INFORM_STARTPREVIEW : AF_SET_INFORM_STARTPREVIEW!
E/mm-camera(  211): config_update_stream_info Storing stream parameters for video inst 1 as : width = 640, height 480, format = 1 inst_handle = 810081 cid = 0
E/mm-camera(  211): config_update_stream_info Storing stream parameters for video inst 3 as : width = 3264, height 2448, format = 1 inst_handle = 830083 cid = 0
E/mm-camera(  211): config_update_stream_info Storing stream parameters for video inst 4 as : width = 512, height 384, format = 1 inst_handle = 840084 cid = 0
E/mm-camera(  211): config_decide_vfe_outputs: Ports Used 3, Op mode 1
E/mm-camera(  211): config_decide_vfe_outputs Current mode 0 Full size streaming : Disabled
E/mm-camera(  211): config_decide_vfe_outputs: Primary: 3264x2448, extra_pad: 0x0, Fmt: 1, Type: 3, Path: 4
E/mm-camera(  211): config_decide_vfe_outputs: Secondary: 640x480, extra_pad: 0x0, Fmt: 1, Type: 1, Path: 1
E/mm-camera(  211): config_update_inst_handles Updated the inst handles as 830083, 810081, 0, 0 
D/dalvikvm( 9332): GC_CONCURRENT freed 269K, 31% free 16494K/23580K, paused 2ms+2ms, total 28ms
E/mm-camera(  211): sensor_load_chromatix: libchromatix_imx111_zsl.so: 26
E/mm-camera(  211): camif_client_set_params: camif has associated with obj mask 0x1
E/mm-camera(  211): config_v2_CAMERA_START_common CAMIF_PARAMS_ADD_OBJ_ID failed -1 
E/mm-camera(  211): vfe_operation_config: format 3
E/mm-camera(  211): vfe_operation_config:vfe_op_mode=5
E/mm-camera(  211): Invalid ASD Set Params Type
E/mm-camera(  211): vfe_set_bestshot: Bestshot mode not changed
E/mm-libcamera2(  176): PROFILE HAL: First preview frame received: 1380448894.847996846
E/QCameraHWI_Preview(  176): processPreviewFrameWithDisplay: buffer to be enqueued is not locked
E/QCameraHWI_Preview(  176): processPreviewFrameWithDisplay: buffer to be enqueued is not locked
V/CAM_FocusManager( 9332): Start autofocus.
E/mm-camera(  211): PROFILE set_parm_AF: : 1380448897.167331501
E/mm-camera(  211): af_lg_caf_status 1, af_lg_caf_fv_status 1, first_af 0
V/CAM_PhotoModule( 9332): onShutterButtonClick: mCameraState=2
V/CAM_PhotoModule( 9332): mAutoFocusTime = 655ms
E/mm-camera(  211): config_proc_CAMERA_SET_LG_CAF_LOCK : TAKE PICTURE!
E/mm-libcamera2(  176): mm_camera_dispatch_buffered_frames: mframe 0x0, sframe = 0x0
W/CameraClient(  176): lockIfMessageWanted(2): dropped unwanted message
D/audio_hw_primary(  176): start_output_stream: enter: usecase(1: low-latency-playback) devices(0x2)
D/audio_hw_primary(  176): select_devices: out_snd_device(2: speaker) in_snd_device(0: none)
D/audio_hw_primary(  176): enable_snd_device: sending audio calibration for snd_device(2) acdb_id(14)
D/ACDB-LOADER(  176): ACDB -> send_afe_cal
D/audio_hw_primary(  176): enable_snd_device: snd_device(2: speaker)
D/audio_hw_primary(  176): enable_audio_route: apply mixer path: low-latency-playback
V/CAM_PhotoModule( 9332): mShutterLag = 231ms
V/CAM_PhotoModule( 9332): mShutterToRawCallbackTime = 1ms
D/audio_hw_primary(  176): start_output_stream: exit
E/mm-camera-DENOISE(  211): wavelet_denoise_process: Wavelet Denoise Success
E/mm-camera-DENOISE(  211): wavelet_denoise_process: Wavelet Denoise Success
D/dalvikvm( 9332): GC_FOR_ALLOC freed 233K, 30% free 16506K/23580K, paused 22ms, total 22ms
V/CAM_PhotoModule( 9332): mPictureDisplayedToJpegCallbackTime = 319ms
D/CameraStorage( 9332): External storage state=mounted
V/CAM_PhotoModule( 9332): mJpegCallbackFinishTime = 3ms
D/dalvikvm( 9332): GC_CONCURRENT freed 7K, 20% free 19038K/23580K, paused 8ms+6ms, total 57ms
D/dalvikvm(  530): GC_FOR_ALLOC freed 1046K, 22% free 21473K/27288K, paused 78ms, total 79ms
I/WindowManager(  530): Screenshot Window{41e35d00 u0 com.google.android.gallery3d/com.android.camera.CameraActivity} was all black! mSurfaceLayer=21025 minLayer=21025 maxLayer=21025
V/CAM_PhotoModule( 9332): stopPreview
E/mm-libcamera2(  176): PROFILE HAL: stopPreview(): E: 1380448899.501407496
E/mm-camera(  211): config_MSG_ID_STOP_ACK: streamon_mask is not clear. Should not call PP_Release_HW
E/mm-libcamera2(  176): PROFILE HAL: stopPreview(): E: 1380448899.511601300
E/QCameraHWI(  176): android::status_t android::QCameraHardwareInterface::setPreviewWindow(preview_stream_ops_t*):Received Setting NULL preview window
E/QCameraHWI(  176): android::status_t android::QCameraHardwareInterface::setPreviewWindow(preview_stream_ops_t*): mPreviewWindow = 0x0x0, mStreamDisplay = 0x0xb76f86a8
W/QCameraHWI_Preview(  176):  Setting NULL preview window 
I/CameraClient(  176): Destroying camera 0
E/mm-camera(  211): config_shutdown_pp Camera not in streaming mode. Returning. 
E/mm-camera(  211): vfe_ops_deinit: E
E/qcom_sensors_hal(  530): hal_process_report_ind: Bad item quality: 11 
W/AudioFlinger(  176): session id 941 not found for pid 176
W/AudioFlinger(  176): session id 942 not found for pid 176
D/dalvikvm(13632): GC_FOR_ALLOC freed 240K, 11% free 9403K/10464K, paused 23ms, total 23ms
I/dalvikvm-heap(13632): Grow heap (frag case) to 39.697MB for 31961104-byte allocation
D/dalvikvm(13632): GC_FOR_ALLOC freed 36K, 3% free 40579K/41680K, paused 14ms, total 14ms
I/ActivityManager(  530): Displayed com.example.hashvoice/.CameraMainActivity: +6s421ms
V/StateManager( 9332): destroy
I/ActivityManager(  530): START u0 {cmp=com.example.hashvoice/.VoiceRecognitionActivity} from pid 13632
D/dalvikvm(  530): GC_FOR_ALLOC freed 823K, 22% free 21455K/27288K, paused 74ms, total 74ms
D/dalvikvm(  530): GC_FOR_ALLOC freed 757K, 22% free 21442K/27288K, paused 71ms, total 71ms
I/ActivityManager(  530): START u0 {act=android.speech.action.RECOGNIZE_SPEECH cmp=com.google.android.googlequicksearchbox/com.google.android.voicesearch.intentapi.IntentApiActivity (has extras)} from pid 13632
W/IntentApiParams(11978): The audio format is not supported [requested=null supported=audio/AMR]
D/dalvikvm(11978): GC_CONCURRENT freed 84K, 14% free 9837K/11344K, paused 4ms+3ms, total 24ms
D/dalvikvm(11978): GC_CONCURRENT freed 146K, 12% free 10087K/11344K, paused 2ms+2ms, total 40ms
D/dalvikvm(11978): WAIT_FOR_CONCURRENT_GC blocked 22ms
I/AudioService(  530):  AudioFocus  requestAudioFocus() from android.media.AudioManager@41e2f398com.google.android.voicesearch.audio.AudioRouterImpl$1@41e32850
D/audio_hw_primary(  176): adev_open_input_stream: enter
D/audio_hw_primary(  176): adev_open_input_stream: exit
D/audio_hw_primary(  176): in_standby: enter
D/audio_hw_primary(  176): in_standby: exit:  status(0)
D/audio_hw_primary(  176): in_standby: enter
D/audio_hw_primary(  176): in_standby: exit:  status(0)
D/audio_hw_primary(  176): in_set_parameters: enter: kvpairs=input_source=6;routing=-2147483644
D/audio_hw_primary(  176): in_set_parameters: exit: status(11)
D/audio_hw_primary(  176): start_input_stream: enter: usecase(3)
D/audio_hw_primary(  176): select_devices: out_snd_device(0: none) in_snd_device(34: voice-rec-mic)
D/audio_hw_primary(  176): enable_snd_device: sending audio calibration for snd_device(34) acdb_id(62)
E/ACDB-LOADER(  176): Error: ACDB AudProc vol returned = -8
D/audio_hw_primary(  176): enable_snd_device: snd_device(34: voice-rec-mic)
D/audio_hw_primary(  176): enable_audio_route: apply mixer path: audio-record
D/audio_hw_primary(  176): start_input_stream: exit
I/ActivityManager(  530): Start proc com.google.android.gsf.login for service com.google.android.gms/.auth.GetToken: pid=13897 uid=10023 gids={50023, 3003, 1007, 1028, 1015, 1006, 2001, 3006}
I/Recovery(28364): Received: Intent { act=com.google.android.gms.INITIALIZE flg=0x10 pkg=com.google.android.gms cmp=com.google.android.gms/.auth.be.recovery.AccountRecoveryBackgroundService$Receiver }
D/GCM     (  846): GcmService start Intent { act=com.google.android.gms.INITIALIZE flg=0x10 pkg=com.google.android.gms cmp=com.google.android.gms/.gcm.GcmService } com.google.android.gms.INITIALIZE
I/ActivityManager(  530): Displayed com.example.hashvoice/.VoiceRecognitionActivity: +280ms
I/ActivityManager(  530): Displayed com.google.android.googlequicksearchbox/com.google.android.voicesearch.intentapi.IntentApiActivity: +222ms
I/NotificationStore(13897): file does not exist: /data/data/com.google.android.gms/files/notification_data.dat
W/Sidekick_LocationOracleImpl(11978): Best location was null
W/Sidekick_LocationOracleImpl(11978): Best location was null
D/dalvikvm(13897): GC_CONCURRENT freed 249K, 4% free 9003K/9292K, paused 2ms+1ms, total 22ms
D/dalvikvm(11978): GC_CONCURRENT freed 262K, 9% free 10337K/11344K, paused 3ms+6ms, total 41ms
D/dalvikvm(11978): WAIT_FOR_CONCURRENT_GC blocked 32ms
D/dalvikvm(11978): WAIT_FOR_CONCURRENT_GC blocked 12ms
D/dalvikvm(11978): GC_CONCURRENT freed 499K, 9% free 10348K/11344K, paused 2ms+2ms, total 18ms
D/dalvikvm(11978): WAIT_FOR_CONCURRENT_GC blocked 9ms
D/dalvikvm(11978): WAIT_FOR_CONCURRENT_GC blocked 9ms
D/dalvikvm(11978): GC_CONCURRENT freed 525K, 9% free 10342K/11344K, paused 3ms+2ms, total 22ms
D/dalvikvm(11978): WAIT_FOR_CONCURRENT_GC blocked 15ms
D/dalvikvm(11978): WAIT_FOR_CONCURRENT_GC blocked 15ms
D/dalvikvm(11978): GC_CONCURRENT freed 519K, 9% free 10339K/11344K, paused 2ms+2ms, total 18ms
D/dalvikvm(11978): WAIT_FOR_CONCURRENT_GC blocked 11ms
D/dalvikvm(11978): WAIT_FOR_CONCURRENT_GC blocked 11ms
D/dalvikvm(11978): GC_CONCURRENT freed 438K, 9% free 10414K/11344K, paused 3ms+2ms, total 18ms
D/dalvikvm(11978): WAIT_FOR_CONCURRENT_GC blocked 11ms
D/audio_hw_primary(  176): out_standby: enter: usecase(1: low-latency-playback)
D/audio_hw_primary(  176): stop_output_stream: enter: usecase(1: low-latency-playback)
D/audio_hw_primary(  176): disable_audio_route: reset mixer path: low-latency-playback
D/audio_hw_primary(  176): disable_snd_device: snd_device(2: speaker)
D/audio_hw_primary(  176): stop_output_stream: exit: status(0)
D/audio_hw_primary(  176): out_standby: exit
W/RecognitionDispatcher(11978): Could not stop engine 3
D/dalvikvm(11978): GC_CONCURRENT freed 383K, 8% free 10477K/11344K, paused 25ms+9ms, total 101ms
I/MicrophoneInputStream(11978): mic_close
D/audio_hw_primary(  176): in_standby: enter
D/audio_hw_primary(  176): stop_input_stream: enter: usecase(3: audio-record)
D/audio_hw_primary(  176): disable_audio_route: reset mixer path: audio-record
D/audio_hw_primary(  176): disable_snd_device: snd_device(34: voice-rec-mic)
D/audio_hw_primary(  176): stop_input_stream: exit: status(0)
D/audio_hw_primary(  176): in_standby: exit:  status(0)
D/dalvikvm(11978): threadid=32: thread exiting, not yet detached (count=0)
D/audio_hw_primary(  176): adev_close_input_stream
D/audio_hw_primary(  176): in_standby: enter
D/audio_hw_primary(  176): in_standby: exit:  status(0)
I/AudioService(  530):  AudioFocus  abandonAudioFocus() from android.media.AudioManager@41e2f398com.google.android.voicesearch.audio.AudioRouterImpl$1@41e32850
D/dalvikvm(11978): threadid=36: thread exiting, not yet detached (count=0)
D/dalvikvm(11978): threadid=37: thread exiting, not yet detached (count=0)
I/decoder (11978): INFO: recognition time wall: 4.72516 sec user: 2.59 sec sys: 0.44 sec 
D/audio_hw_primary(  176): start_output_stream: enter: usecase(1: low-latency-playback) devices(0x2)
D/audio_hw_primary(  176): select_devices: out_snd_device(2: speaker) in_snd_device(0: none)
D/audio_hw_primary(  176): enable_snd_device: sending audio calibration for snd_device(2) acdb_id(14)
D/ACDB-LOADER(  176): ACDB -> send_afe_cal
D/audio_hw_primary(  176): enable_snd_device: snd_device(2: speaker)
D/audio_hw_primary(  176): enable_audio_route: apply mixer path: low-latency-playback
D/audio_hw_primary(  176): start_output_stream: exit
D/dalvikvm(  530): GC_FOR_ALLOC freed 894K, 22% free 21471K/27288K, paused 71ms, total 73ms
I/ActivityManager(  530): No longer want com.gogii.textplus (pid 9929): empty #17
W/ActivityManager(  530): Scheduling restart of crashed service com.gogii.textplus/.service.BackgroundPullService in 5000ms
D/audio_hw_primary(  176): out_standby: enter: usecase(1: low-latency-playback)
D/audio_hw_primary(  176): stop_output_stream: enter: usecase(1: low-latency-playback)
D/audio_hw_primary(  176): disable_audio_route: reset mixer path: low-latency-playback
D/audio_hw_primary(  176): disable_snd_device: snd_device(2: speaker)
D/audio_hw_primary(  176): stop_output_stream: exit: status(0)
D/audio_hw_primary(  176): out_standby: exit
D/audio_hw_primary(  176): start_output_stream: enter: usecase(1: low-latency-playback) devices(0x2)
D/audio_hw_primary(  176): select_devices: out_snd_device(2: speaker) in_snd_device(0: none)
D/audio_hw_primary(  176): enable_snd_device: sending audio calibration for snd_device(2) acdb_id(14)
D/ACDB-LOADER(  176): ACDB -> send_afe_cal
D/audio_hw_primary(  176): enable_snd_device: snd_device(2: speaker)
D/audio_hw_primary(  176): enable_audio_route: apply mixer path: low-latency-playback
D/audio_hw_primary(  176): start_output_stream: exit
D/dalvikvm(  530): GC_FOR_ALLOC freed 809K, 22% free 21444K/27288K, paused 101ms, total 101ms
D/dalvikvm(  530): GC_FOR_ALLOC freed 751K, 22% free 21436K/27288K, paused 76ms, total 76ms
W/Bundle  (13632): Key android.speech.extra.RESULTS expected ArrayList<String> but value was a android.content.Intent.  The default value <null> was returned.
W/Bundle  (13632): Attempt to cast generated internal exception:
W/Bundle  (13632): java.lang.ClassCastException: android.content.Intent cannot be cast to java.util.ArrayList
W/Bundle  (13632): 	at android.os.Bundle.getStringArrayList(Bundle.java:1309)
W/Bundle  (13632): 	at android.content.Intent.getStringArrayListExtra(Intent.java:4571)
W/Bundle  (13632): 	at com.example.hashvoice.CameraMainActivity.onActivityResult(CameraMainActivity.java:88)
W/Bundle  (13632): 	at android.app.Activity.dispatchActivityResult(Activity.java:5322)
W/Bundle  (13632): 	at android.app.ActivityThread.deliverResults(ActivityThread.java:3363)
W/Bundle  (13632): 	at android.app.ActivityThread.handleSendResult(ActivityThread.java:3410)
W/Bundle  (13632): 	at android.app.ActivityThread.access$1100(ActivityThread.java:141)
W/Bundle  (13632): 	at android.app.ActivityThread$H.handleMessage(ActivityThread.java:1304)
W/Bundle  (13632): 	at android.os.Handler.dispatchMessage(Handler.java:99)
W/Bundle  (13632): 	at android.os.Looper.loop(Looper.java:137)
W/Bundle  (13632): 	at android.app.ActivityThread.main(ActivityThread.java:5103)
W/Bundle  (13632): 	at java.lang.reflect.Method.invokeNative(Native Method)
W/Bundle  (13632): 	at java.lang.reflect.Method.invoke(Method.java:525)
W/Bundle  (13632): 	at com.android.internal.os.ZygoteInit$MethodAndArgsCaller.run(ZygoteInit.java:737)
W/Bundle  (13632): 	at com.android.internal.os.ZygoteInit.main(ZygoteInit.java:553)
W/Bundle  (13632): 	at dalvik.system.NativeStart.main(Native Method)
D/AndroidRuntime(13632): Shutting down VM
W/dalvikvm(13632): threadid=1: thread exiting with uncaught exception (group=0x414f8700)
E/AndroidRuntime(13632): FATAL EXCEPTION: main
E/AndroidRuntime(13632): java.lang.RuntimeException: Failure delivering result ResultInfo{who=null, request=2, result=-1, data=Intent { (has extras) }} to activity {com.example.hashvoice/com.example.hashvoice.CameraMainActivity}: java.lang.NullPointerException
E/AndroidRuntime(13632): 	at android.app.ActivityThread.deliverResults(ActivityThread.java:3367)
E/AndroidRuntime(13632): 	at android.app.ActivityThread.handleSendResult(ActivityThread.java:3410)
E/AndroidRuntime(13632): 	at android.app.ActivityThread.access$1100(ActivityThread.java:141)
E/AndroidRuntime(13632): 	at android.app.ActivityThread$H.handleMessage(ActivityThread.java:1304)
E/AndroidRuntime(13632): 	at android.os.Handler.dispatchMessage(Handler.java:99)
E/AndroidRuntime(13632): 	at android.os.Looper.loop(Looper.java:137)
E/AndroidRuntime(13632): 	at android.app.ActivityThread.main(ActivityThread.java:5103)
E/AndroidRuntime(13632): 	at java.lang.reflect.Method.invokeNative(Native Method)
E/AndroidRuntime(13632): 	at java.lang.reflect.Method.invoke(Method.java:525)
E/AndroidRuntime(13632): 	at com.android.internal.os.ZygoteInit$MethodAndArgsCaller.run(ZygoteInit.java:737)
E/AndroidRuntime(13632): 	at com.android.internal.os.ZygoteInit.main(ZygoteInit.java:553)
E/AndroidRuntime(13632): 	at dalvik.system.NativeStart.main(Native Method)
E/AndroidRuntime(13632): Caused by: java.lang.NullPointerException
E/AndroidRuntime(13632): 	at com.example.hashvoice.CameraMainActivity.onActivityResult(CameraMainActivity.java:89)
E/AndroidRuntime(13632): 	at android.app.Activity.dispatchActivityResult(Activity.java:5322)
E/AndroidRuntime(13632): 	at android.app.ActivityThread.deliverResults(ActivityThread.java:3363)
E/AndroidRuntime(13632): 	... 11 more
I/ActivityManager(  530): Start proc com.gogii.textplus for service com.gogii.textplus/.service.BackgroundPullService: pid=13970 uid=10105 gids={50105, 3003, 1015, 3002, 1028}
W/ActivityManager(  530):   Force finishing activity com.example.hashvoice/.CameraMainActivity
D/dalvikvm(13970): GC_CONCURRENT freed 169K, 3% free 9161K/9368K, paused 5ms+2ms, total 28ms
E/FiksuTracking(13970): THE FIKSU INSTALL TRACKING CODE ISN'T INSTALLED CORRECTLY!
E/FiksuTracking(13970): Unexpected receiver: com.gogii.textplus.service.InstallReferrerReceiver
W/System.err(13970): java.lang.reflect.InvocationTargetException
W/System.err(13970): 	at java.lang.reflect.Method.invokeNative(Native Method)
W/System.err(13970): 	at java.lang.reflect.Method.invoke(Method.java:525)
W/System.err(13970): 	at com.gogii.tplib.BaseApp.initializeFiksu(BaseApp.java:729)
W/System.err(13970): 	at com.gogii.tplib.BaseApp.initializeFiksu(BaseApp.java:710)
W/System.err(13970): 	at com.gogii.tplib.BaseApp.onCreate(BaseApp.java:562)
D/dalvikvm(13970): GC_CONCURRENT freed 549K, 7% free 9112K/9700K, paused 1ms+1ms, total 17ms
W/System.err(13970): 	at com.gogii.textplus.App.onCreate(App.java:112)
W/System.err(13970): 	at android.app.Instrumentation.callApplicationOnCreate(Instrumentation.java:1007)
W/System.err(13970): 	at android.app.ActivityThread.handleBindApplication(ActivityThread.java:4444)
W/System.err(13970): 	at android.app.ActivityThread.access$1300(ActivityThread.java:141)
W/System.err(13970): 	at android.app.ActivityThread$H.handleMessage(ActivityThread.java:1316)
W/System.err(13970): 	at android.os.Handler.dispatchMessage(Handler.java:99)
W/System.err(13970): 	at android.os.Looper.loop(Looper.java:137)
W/System.err(13970): 	at android.app.ActivityThread.main(ActivityThread.java:5103)
W/System.err(13970): 	at java.lang.reflect.Method.invokeNative(Native Method)
W/System.err(13970): 	at java.lang.reflect.Method.invoke(Method.java:525)
W/System.err(13970): 	at com.android.internal.os.ZygoteInit$MethodAndArgsCaller.run(ZygoteInit.java:737)
W/System.err(13970): 	at com.android.internal.os.ZygoteInit.main(ZygoteInit.java:553)
W/System.err(13970): 	at dalvik.system.NativeStart.main(Native Method)
W/System.err(13970): Caused by: com.fiksu.asotracking.FiksuIntegrationError: The Fiksu BroadcastReceiver must be installed as the only receiver for the INSTALL_REFERRER Intent in AndroidManifest.xml.
W/System.err(13970): 	at com.fiksu.asotracking.InstallTracking.checkForFiksuReceiver(InstallTracking.java:163)
W/System.err(13970): 	at com.fiksu.asotracking.FiksuTrackingManager.initialize(FiksuTrackingManager.java:24)
W/System.err(13970): 	... 18 more
D/FiksuTracking(13970): ForegroundTester thread started, process: 13970
W/Ads     (13970): No Google Analytics: Library Incompatible.
W/GAV2    (13970): Thread[main,5,main]: Need to call initialize() and be in fallback mode to start dispatch.
D/Burstly SDK v.1.24.0.38159 FeatureFactory(13970): 29-09-13 03:01:53:031 Initilizing feature factory...
I/ClassPathXmlApplicationContext(13970): Start Document
D/ClassPathXmlApplicationContext(13970): Created: Bean: currency CurrencyManager com.burstly.lib.currency.CurrencyManager
D/ClassPathXmlApplicationContext(13970): Created: Bean: dtracker DownloadTrackingManager com.burstly.lib.downloadtracker.DownloadTrackingManager
D/ClassPathXmlApplicationContext(13970): Created: Bean: debug BurstlyDebugBridge com.burstly.lib.debugging.BurstlyDebugBridge
D/ClassPathXmlApplicationContext(13970): Created: Bean: burstly BurstlyAdaptorFactory com.burstly.lib.component.networkcomponent.burstly.BurstlyAdaptorFactory
D/ClassPathXmlApplicationContext(13970): Created: Bean: apptracking AppTrackingManager com.burstly.lib.apptracking.AppTrackingManager
D/ClassPathXmlApplicationContext(13970): Created: Bean: admob AdmobAdaptorFactory com.burstly.lib.component.networkcomponent.admob.AdmobAdaptorFactory
D/ClassPathXmlApplicationContext(13970): Created: Bean: amazon AmazonAdaptorFactory com.burstly.lib.component.networkcomponent.amazon.AmazonAdaptorFactory
D/ClassPathXmlApplicationContext(13970): Created: Bean: inmobi InmobiAdaptorFactory com.burstly.lib.component.networkcomponent.inmobi.InmobiAdaptorFactory
D/ClassPathXmlApplicationContext(13970): Created: Bean: millennial MillennialAdaptorFactory com.burstly.lib.component.networkcomponent.millennial.MillennialAdaptorFactory
D/Burstly SDK v.1.24.0.38159 FeatureFactory(13970): 29-09-13 03:01:53:039 Initilizing feature factory completed.
D/dalvikvm(13970): GC_CONCURRENT freed 365K, 5% free 9223K/9700K, paused 3ms+3ms, total 18ms
D/Burstly SDK v.1.24.0.38159 JsonProcessorFactory(13970): 29-09-13 03:01:53:076 JSON Processor successfully instantiated for the Jackson library
D/dalvikvm(13970): GC_CONCURRENT freed 330K, 4% free 9390K/9760K, paused 4ms+1ms, total 18ms
I/Burstly SDK v.1.24.0.38159 ManifestValidator(13970): 29-09-13 03:01:53:181 Optional amazon permission is missing in AndroidManifest.xml: android.permission.ACCESS_COARSE_LOCATION
I/Burstly SDK v.1.24.0.38159 ManifestValidator(13970): 29-09-13 03:01:53:182 Optional amazon permission is missing in AndroidManifest.xml: android.permission.ACCESS_FINE_LOCATION
I/Burstly SDK v.1.24.0.38159 ManifestValidator(13970): 29-09-13 03:01:53:183 Optional inmobi permission is missing in AndroidManifest.xml: android.permission.ACCESS_COARSE_LOCATION
I/Burstly SDK v.1.24.0.38159 ManifestValidator(13970): 29-09-13 03:01:53:184 Optional inmobi permission is missing in AndroidManifest.xml: android.permission.ACCESS_FINE_LOCATION
D/Burstly SDK v.1.24.0.38159 CookieManager(13970): 29-09-13 03:01:53:188 Starting CookieManager initialization process...
D/Burstly SDK v.1.24.0.38159 Utils(13970): 29-09-13 03:01:53:195 TelephonyManager: deviceID - 353918051754311
D/Burstly SDK v.1.24.0.38159 BurstlySdk(13970): 29-09-13 03:01:53:197 Burstly SDK was successfully initilaized.
I/Logger  (13970): Log level has been set to Logger.NONE_LEVEL
D/dalvikvm(13970): GC_CONCURRENT freed 534K, 6% free 9368K/9940K, paused 1ms+3ms, total 23ms
D/dalvikvm(13970): WAIT_FOR_CONCURRENT_GC blocked 2ms
D/dalvikvm(13970): WAIT_FOR_CONCURRENT_GC blocked 2ms
D/dalvikvm(13970): WAIT_FOR_CONCURRENT_GC blocked 2ms
D/HockeyApp(13970): Current handler class = com.google.analytics.tracking.android.ExceptionReporter
W/ActivityManager(  530): Activity pause timeout for ActivityRecord{427630f0 u0 com.example.hashvoice/.CameraMainActivity}
D/dalvikvm(13970): GC_CONCURRENT freed 355K, 6% free 9418K/9940K, paused 2ms+2ms, total 23ms
D/webviewglue(13970): nativeDestroy view: 0x7419ded8
D/dalvikvm(13970): GC_CONCURRENT freed 322K, 4% free 9544K/9940K, paused 3ms+3ms, total 25ms
I/Process (13632): Sending signal. PID: 13632 SIG: 9
I/ActivityManager(  530): Process com.example.hashvoice (pid 13632) has died.
I/WindowState(  530): WIN DEATH: Window{42bfef38 u0 com.example.hashvoice/com.example.hashvoice.HashVoice}
I/WindowState(  530): WIN DEATH: Window{42a3e958 u0 com.example.hashvoice/com.example.hashvoice.WebViewActivity}
I/WindowState(  530): WIN DEATH: Window{423e6458 u0 com.example.hashvoice/com.example.hashvoice.CameraMainActivity}
I/WindowState(  530): WIN DEATH: Window{4247cdb0 u0 com.example.hashvoice/com.example.hashvoice.VoiceRecognitionActivity}
I/ActivityManager(  530): Start proc com.example.hashvoice for activity com.example.hashvoice/.WebViewActivity: pid=14020 uid=10117 gids={50117, 3003, 1028}
D/dalvikvm(14020): Late-enabling CheckJNI
D/libEGL  (14020): loaded /system/lib/egl/libEGL_adreno200.so
D/libEGL  (14020): loaded /system/lib/egl/libGLESv1_CM_adreno200.so
D/libEGL  (14020): loaded /system/lib/egl/libGLESv2_adreno200.so
I/Adreno200-EGL(14020): <qeglDrvAPI_eglInitialize:265>: EGL 1.4 QUALCOMM Build: Iabe52cfaeae4c5fab1acacfe6f056ba15fa93274
D/OpenGLRenderer(14020): Enabling debug mode 0
W/InputMethodManagerService(  530): Got RemoteException sending setActive(false) notification to pid 13632 uid 10117
I/ActivityManager(  530): Displayed com.example.hashvoice/.WebViewActivity: +214ms
D/dalvikvm(13970): GC_CONCURRENT freed 380K, 5% free 9570K/10020K, paused 2ms+1ms, total 17ms
D/dalvikvm(14020): GC_FOR_ALLOC freed 310K, 4% free 9060K/9408K, paused 21ms, total 21ms
D/dalvikvm( 1027): GC_CONCURRENT freed 389K, 5% free 9017K/9444K, paused 2ms+2ms, total 21ms
D/dalvikvm(14020): GC_FOR_ALLOC freed 386K, 5% free 9186K/9608K, paused 19ms, total 20ms
D/dalvikvm(14020): GC_FOR_ALLOC freed 287K, 5% free 9227K/9672K, paused 19ms, total 19ms
D/dalvikvm(14020): GC_FOR_ALLOC freed 173K, 5% free 9260K/9672K, paused 12ms, total 12ms
I/dalvikvm-heap(14020): Grow heap (frag case) to 9.214MB for 143930-byte allocation
D/dalvikvm(14020): GC_FOR_ALLOC freed 93K, 6% free 9307K/9816K, paused 13ms, total 13ms
D/dalvikvm(14020): GC_FOR_ALLOC freed 169K, 6% free 9305K/9816K, paused 15ms, total 15ms
I/dalvikvm-heap(14020): Grow heap (frag case) to 9.327MB for 215890-byte allocation
D/dalvikvm(14020): GC_FOR_ALLOC freed 140K, 7% free 9376K/10028K, paused 14ms, total 14ms
D/dalvikvm(14020): GC_FOR_ALLOC freed 250K, 7% free 9376K/10028K, paused 15ms, total 15ms
I/dalvikvm-heap(14020): Grow heap (frag case) to 9.499MB for 323830-byte allocation
D/dalvikvm(14020): GC_FOR_ALLOC freed 210K, 9% free 9481K/10348K, paused 12ms, total 12ms
D/WebViewActivity(14020): 
D/WebViewActivity(14020): 
D/WebViewActivity(14020): 
D/WebViewActivity(14020): 
D/WebViewActivity(14020): 
D/WebViewActivity(14020): 
D/WebViewActivity(14020):     
D/WebViewActivity(14020): 
D/WebViewActivity(14020): 
D/WebViewActivity(14020): 
D/WebViewActivity(14020): 
D/WebViewActivity(14020): <!DOCTYPE HTML PUBLIC "-//W3C//DTD HTML 4.01//EN" "http://www.w3.org/TR/html4/strict.dtd">
D/WebViewActivity(14020): <html>
D/WebViewActivity(14020): <head>
D/WebViewActivity(14020): <meta http-equiv="Content-Type" content="text/html; charset=utf-8">
D/WebViewActivity(14020): <title>Sign in to Yahoo!</title>
D/WebViewActivity(14020): 
D/WebViewActivity(14020): <meta http-equiv="Pragma" content="no-cache">
D/WebViewActivity(14020): <meta http-equiv="Expires" content="0">
D/WebViewActivity(14020): <script type='text/javascript'>
D/WebViewActivity(14020): var startTime = new Date().getTime();
D/WebViewActivity(14020): var loadTime = null;
D/WebViewActivity(14020): </script>
D/WebViewActivity(14020): 
D/WebViewActivity(14020): <link rel="stylesheet" type="text/css" href="https://s.yimg.com/lq/i/reg/css/yregbase_sec_ui_1_9.css">
D/WebViewActivity(14020): <style type="text/css">
D/WebViewActivity(14020): .clear{clear:both}
D/WebViewActivity(14020): .primaryCta {background:none; background-color: #6E329D; background-image: -moz-linear-gradient(center center , #6E329D 0%, #6E329D 100%); border: 1px solid #522675; border-radius: 2px 2px 2px 2px; color:#fff;}
