W/nalizableReferenceQueue( 3070): 	at com.google.inject.spi.Elements.getElements(Elements.java:101)
W/nalizableReferenceQueue( 3070): 	at com.google.inject.spi.Elements.getElements(Elements.java:78)
W/nalizableReferenceQueue( 3070): 	at roboguice.RoboGuice.setBaseApplicationInjector(RoboGuice.java:83)
W/nalizableReferenceQueue( 3070): 	at com.groupon.GrouponApplication.setGrouponApplicationInjector(GrouponApplication.java:103)
W/nalizableReferenceQueue( 3070): 	at com.groupon.GrouponApplication.onCreate(GrouponApplication.java:73)
W/nalizableReferenceQueue( 3070): 	at android.app.Instrumentation.callApplicationOnCreate(Instrumentation.java:1007)
W/nalizableReferenceQueue( 3070): 	at android.app.ActivityThread.handleBindApplication(ActivityThread.java:4444)
W/nalizableReferenceQueue( 3070): 	at android.app.ActivityThread.access$1300(ActivityThread.java:141)
W/nalizableReferenceQueue( 3070): 	at android.app.ActivityThread$H.handleMessage(ActivityThread.java:1316)
W/nalizableReferenceQueue( 3070): 	at android.os.Handler.dispatchMessage(Handler.java:99)
W/nalizableReferenceQueue( 3070): 	at android.os.Looper.loop(Looper.java:137)
W/nalizableReferenceQueue( 3070): 	at android.app.ActivityThread.main(ActivityThread.java:5103)
W/nalizableReferenceQueue( 3070): 	at java.lang.reflect.Method.invokeNative(Native Method)
W/nalizableReferenceQueue( 3070): 	at java.lang.reflect.Method.invoke(Method.java:525)
W/nalizableReferenceQueue( 3070): 	at com.android.internal.os.ZygoteInit$MethodAndArgsCaller.run(ZygoteInit.java:737)
W/nalizableReferenceQueue( 3070): 	at com.android.internal.os.ZygoteInit.main(ZygoteInit.java:553)
W/nalizableReferenceQueue( 3070): 	at dalvik.system.NativeStart.main(Native Method)
D/dalvikvm( 3070): GC_CONCURRENT freed 487K, 6% free 9468K/9996K, paused 2ms+2ms, total 20ms
D/dalvikvm( 3070): WAIT_FOR_CONCURRENT_GC blocked 9ms
D/dalvikvm( 3070): GC_CONCURRENT freed 464K, 6% free 9509K/10016K, paused 4ms+1ms, total 61ms
D/dalvikvm( 3070): WAIT_FOR_CONCURRENT_GC blocked 45ms
D/dalvikvm( 3070): GC_CONCURRENT freed 472K, 6% free 9546K/10060K, paused 2ms+1ms, total 19ms
D/dalvikvm( 3070): WAIT_FOR_CONCURRENT_GC blocked 8ms
D/dalvikvm( 3070): GC_CONCURRENT freed 432K, 5% free 9621K/10096K, paused 1ms+2ms, total 21ms
D/dalvikvm( 3070): WAIT_FOR_CONCURRENT_GC blocked 13ms
D/dalvikvm( 3070): GC_CONCURRENT freed 473K, 6% free 9651K/10168K, paused 2ms+3ms, total 25ms
D/dalvikvm( 3070): WAIT_FOR_CONCURRENT_GC blocked 7ms
D/dalvikvm( 3070): GC_CONCURRENT freed 478K, 6% free 9679K/10200K, paused 2ms+1ms, total 25ms
D/dalvikvm( 3070): WAIT_FOR_CONCURRENT_GC blocked 9ms
D/dalvikvm( 3070): GC_CONCURRENT freed 475K, 6% free 9707K/10228K, paused 1ms+1ms, total 20ms
D/dalvikvm( 3070): WAIT_FOR_CONCURRENT_GC blocked 8ms
D/dalvikvm( 3070): GC_CONCURRENT freed 506K, 6% free 9705K/10256K, paused 1ms+1ms, total 20ms
D/dalvikvm( 3070): WAIT_FOR_CONCURRENT_GC blocked 3ms
D/dalvikvm( 3070): GC_CONCURRENT freed 478K, 6% free 9732K/10256K, paused 2ms+2ms, total 21ms
D/dalvikvm( 3070): WAIT_FOR_CONCURRENT_GC blocked 14ms
D/dalvikvm( 3070): GC_CONCURRENT freed 439K, 5% free 9791K/10272K, paused 2ms+3ms, total 21ms
D/dalvikvm( 3070): GC_CONCURRENT freed 443K, 5% free 9841K/10328K, paused 2ms+1ms, total 19ms
D/dalvikvm( 3070): GC_CONCURRENT freed 449K, 5% free 9897K/10388K, paused 2ms+2ms, total 22ms
D/dalvikvm( 3070): WAIT_FOR_CONCURRENT_GC blocked 5ms
D/dalvikvm( 3070): GC_CONCURRENT freed 469K, 5% free 9936K/10448K, paused 2ms+2ms, total 25ms
D/dalvikvm( 3070): WAIT_FOR_CONCURRENT_GC blocked 8ms
D/dalvikvm( 3070): GC_CONCURRENT freed 445K, 5% free 9995K/10484K, paused 4ms+5ms, total 53ms
D/dalvikvm( 3070): WAIT_FOR_CONCURRENT_GC blocked 38ms
D/dalvikvm( 3070): GC_CONCURRENT freed 468K, 5% free 10032K/10544K, paused 2ms+2ms, total 34ms
D/dalvikvm( 3070): WAIT_FOR_CONCURRENT_GC blocked 9ms
D/dalvikvm( 3070): GC_CONCURRENT freed 459K, 5% free 10074K/10580K, paused 3ms+2ms, total 48ms
D/dalvikvm( 3070): WAIT_FOR_CONCURRENT_GC blocked 37ms
D/dalvikvm( 3070): GC_CONCURRENT freed 480K, 5% free 10097K/10624K, paused 1ms+2ms, total 26ms
D/dalvikvm( 3070): WAIT_FOR_CONCURRENT_GC blocked 17ms
D/dalvikvm( 3070): GC_CONCURRENT freed 504K, 6% free 10096K/10648K, paused 2ms+2ms, total 26ms
D/dalvikvm( 3070): WAIT_FOR_CONCURRENT_GC blocked 15ms
D//Ln.java:218( 3070): main Configuring Logging, minimum log level is INFO
I/dalvikvm( 3070): Could not find method org.json.JSONTokener.<init>, referenced from method com.groupon.http.synchronous.SyncHttp.getResultFromStream
W/dalvikvm( 3070): VFY: unable to resolve direct method 44506: Lorg/json/JSONTokener;.<init> (Ljava/io/Reader;)V
D/dalvikvm( 3070): VFY: replacing opcode 0x70 at 0x004b
I/dalvikvm( 3070): Could not find method org.json.JSONTokener.<init>, referenced from method com.groupon.http.synchronous.SyncHttp.getResultFromStream
W/dalvikvm( 3070): VFY: unable to resolve direct method 44506: Lorg/json/JSONTokener;.<init> (Ljava/io/Reader;)V
D/dalvikvm( 3070): VFY: replacing opcode 0x70 at 0x0060
D/dalvikvm( 3070): GC_CONCURRENT freed 392K, 5% free 10216K/10648K, paused 4ms+3ms, total 75ms
D/dalvikvm( 3070): WAIT_FOR_CONCURRENT_GC blocked 17ms
D/com.groupon.tracking.mobile.internal.LogClient( 3070): Creating new file mobile-event1380462371591_293.log.tmp
D/com.groupon.tracking.mobile.sdk.LoggerClientListener( 3070): Writing header
D/dalvikvm( 3070): GC_CONCURRENT freed 537K, 6% free 10187K/10764K, paused 2ms+4ms, total 27ms
D/dalvikvm( 3070): WAIT_FOR_CONCURRENT_GC blocked 5ms
D/dalvikvm( 3070): WAIT_FOR_CONCURRENT_GC blocked 5ms
D/dalvikvm( 3070): GC_CONCURRENT freed 414K, 5% free 10284K/10764K, paused 1ms+3ms, total 24ms
D/dalvikvm( 3070): WAIT_FOR_CONCURRENT_GC blocked 13ms
D/dalvikvm( 3070): WAIT_FOR_CONCURRENT_GC blocked 16ms
D/LoggerClientListener( 3070): package number293
D/dalvikvm( 3070): GC_FOR_ALLOC freed 243K, 5% free 10350K/10828K, paused 37ms, total 37ms
D/AlertService( 1938): Beginning updateAlertNotification
D/AlertService( 1938): No fired or scheduled alerts
D/AlertService( 1938): Scheduling next alarm with AlarmScheduler. sEventReminderReceived: null
D/Groupon APID( 3070): null
I/Crittercism( 3070): Crittercism APM is currently only allowed for api levels 4 to 17.  APM will not be installed
D/AlarmScheduler( 1938): No events found starting within 1 week.
I/CrittercismInstance( 3070): Crittercism Initialized.
D/FiksuTracking( 3070): ForegroundTester thread started, process: 3070
D/dalvikvm( 3070): GC_FOR_ALLOC freed 208K, 4% free 10504K/10888K, paused 22ms, total 22ms
I/ActivityManager(  524): No longer want com.google.android.youtube (pid 2495): empty #17
D/dalvikvm( 3070): GC_CONCURRENT freed 475K, 5% free 10565K/11092K, paused 2ms+3ms, total 40ms
D/dalvikvm( 3070): WAIT_FOR_CONCURRENT_GC blocked 7ms
D/dalvikvm( 3070): GC_CONCURRENT freed 467K, 5% free 10592K/11096K, paused 1ms+2ms, total 26ms
W/CompanionService( 2284): Connecting to Glass device Romann Baumgaertner's Glass @ [F8:8F:CA:24:3A:DE] BONDEDfailed; retry attempt 2
I/CompanionService( 2284): Attempting to connect to Romann Baumgaertner's Glass @ [F8:8F:CA:24:3A:DE] BONDED
I/CompanionService( 2284): Clear old connection.
I/GlassConnection( 2284): Creating connection to Romann Baumgaertner's Glass @ [F8:8F:CA:24:3A:DE] BONDED
I/GlassConnection( 2284): Opening companion socket to Glass
W/BluetoothAdapter( 2284): getBluetoothService() called with no BluetoothManagerCallback
D/BTIF_SOCK( 1026): service_uuid: f15cc914-e4bc-45ce-9930-cb7695385850
D/BluetoothSocket( 2284): connect(), SocketState: INIT, mPfd: {ParcelFileDescriptor: FileDescriptor[41]}
I/CompanionService( 2284): No headset already connected, initiating connection to Glass.
D/BluetoothHeadset( 2284): connect(F8:8F:CA:24:3A:DE)
I/BluetoothHeadsetServiceJni( 1026): connectHfpNative: sBluetoothHfpInterface: 0x73161468
D/BluetoothAdapterProperties( 1026): CONNECTION_STATE_CHANGE: F8:8F:CA:24:3A:DE: 0 -> 1
D/dalvikvm( 2284): GC_CONCURRENT freed 276K, 4% free 8975K/9288K, paused 4ms+1ms, total 22ms
D/BluetoothAdapterService(1108711792)( 1026): Get Bonded Devices being called
D/BluetoothAdapterProperties( 1026): getBondedDevices: length=2
D/dalvikvm(  774): GC_CONCURRENT freed 457K, 5% free 10973K/11540K, paused 18ms+3ms, total 46ms
D/dalvikvm(  774): WAIT_FOR_CONCURRENT_GC blocked 19ms
E/fb4a(:<default>):MmsConfig( 1339): MmsConfig.loadMmsSettings mms_config.xml missing uaProfUrl setting
D/dalvikvm( 1339): GC_CONCURRENT freed 1335K, 13% free 13513K/15440K, paused 4ms+4ms, total 72ms
D/dalvikvm( 1339): WAIT_FOR_CONCURRENT_GC blocked 31ms
D/dalvikvm( 1339): WAIT_FOR_CONCURRENT_GC blocked 31ms
D/dalvikvm( 1339): WAIT_FOR_CONCURRENT_GC blocked 33ms
I/dalvikvm( 1339): Could not find method com.android.internal.widget.ILockSettings$Stub.a, referenced from method com.facebook.keyguardtype.LockSettingsServiceKeyguardTypeResolver.b
W/dalvikvm( 1339): VFY: unable to resolve static method 2126: Lcom/android/internal/widget/ILockSettings$Stub;.a (Landroid/os/IBinder;)Lcom/android/internal/widget/ILockSettings;
D/dalvikvm( 1339): VFY: replacing opcode 0x71 at 0x0023
D/dalvikvm( 1339): GC_CONCURRENT freed 1291K, 11% free 13775K/15440K, paused 11ms+6ms, total 90ms
D/dalvikvm( 1339): WAIT_FOR_CONCURRENT_GC blocked 65ms
D/dalvikvm( 2675): GC_CONCURRENT freed 560K, 6% free 11293K/11892K, paused 8ms+3ms, total 74ms
D/dalvikvm( 1339): GC_CONCURRENT freed 1558K, 11% free 13857K/15452K, paused 5ms+4ms, total 73ms
D/dalvikvm( 1339): WAIT_FOR_CONCURRENT_GC blocked 28ms
D/dalvikvm( 1339): WAIT_FOR_CONCURRENT_GC blocked 20ms
D/InitAlarmsService( 1938): Clearing and rescheduling alarms.
I/ActivityManager(  524): No longer want com.google.android.apps.walletnfcrel (pid 1840): empty #17
D/dalvikvm( 1862): GC_CONCURRENT freed 298K, 4% free 9593K/9928K, paused 3ms+5ms, total 34ms
D/dalvikvm( 1862): GC_CONCURRENT freed 239K, 3% free 9868K/10144K, paused 4ms+5ms, total 44ms
D/dalvikvm( 1862): WAIT_FOR_CONCURRENT_GC blocked 28ms
D/dalvikvm( 1862): GC_CONCURRENT freed 177K, 3% free 10188K/10416K, paused 4ms+2ms, total 31ms
D/dalvikvm( 1862): WAIT_FOR_CONCURRENT_GC blocked 16ms
D/dalvikvm( 1862): GC_FOR_ALLOC freed 192K, 4% free 10312K/10640K, paused 16ms, total 16ms
D/dalvikvm( 1862): GC_FOR_ALLOC freed 183K, 4% free 10351K/10736K, paused 16ms, total 16ms
D/dalvikvm( 1862): GC_FOR_ALLOC freed 211K, 4% free 10421K/10840K, paused 16ms, total 16ms
D/dalvikvm( 1862): GC_CONCURRENT freed 269K, 3% free 10675K/10980K, paused 2ms+8ms, total 47ms
D/dalvikvm( 1862): WAIT_FOR_CONCURRENT_GC blocked 28ms
D/dalvikvm( 1862): GC_CONCURRENT freed 130K, 2% free 11153K/11320K, paused 1ms+2ms, total 22ms
D/dalvikvm( 1862): WAIT_FOR_CONCURRENT_GC blocked 8ms
D/dalvikvm( 1862): GC_CONCURRENT freed 383K, 4% free 11536K/11956K, paused 2ms+2ms, total 34ms
D/dalvikvm( 1862): WAIT_FOR_CONCURRENT_GC blocked 20ms
D/Finsky  ( 1862): [1] CheckWifiAndAutoUpdate.cancelCheck: Cancelling auto-update wifi check.
D/dalvikvm( 1862): GC_CONCURRENT freed 486K, 5% free 11829K/12360K, paused 2ms+2ms, total 33ms
D/dalvikvm( 1339): GC_CONCURRENT freed 1497K, 10% free 13913K/15452K, paused 9ms+12ms, total 68ms
W/bt-sdp  ( 1026): SDP - Rcvd conn cnf with error: 0x4  CID 0x48
E/bt-btif ( 1026): DISCOVERY_COMP_EVT slot id:6, failed to find channle,                                       status:1, scn:0
W/bt-sdp  ( 1026): SDP - Rcvd conn cnf with error: 0x4  CID 0x49
W/bt-btif ( 1026): invalid rfc slot id: 6
I/BluetoothHeadsetServiceJni( 1026): connection_state_callback
D/BluetoothAdapterProperties( 1026): CONNECTION_STATE_CHANGE: F8:8F:CA:24:3A:DE: 1 -> 0
D/BluetoothAdapterService(1108711792)( 1026): Get Bonded Devices being called
D/BluetoothAdapterProperties( 1026): getBondedDevices: length=2
E/GlassConnection( 2284): Failed to establish connection to Romann Baumgaertner's Glass @ [F8:8F:CA:24:3A:DE] BONDED
E/GlassConnection( 2284): java.io.IOException: read failed, socket might closed or timeout, read ret: -1
E/GlassConnection( 2284): 	at android.bluetooth.BluetoothSocket.readAll(BluetoothSocket.java:504)
E/GlassConnection( 2284): 	at android.bluetooth.BluetoothSocket.readInt(BluetoothSocket.java:515)
E/GlassConnection( 2284): 	at android.bluetooth.BluetoothSocket.connect(BluetoothSocket.java:319)
E/GlassConnection( 2284): 	at com.google.glass.bluetooth.i.run(Unknown Source)
I/GlassConnection( 2284): closing Connections...
I/CompanionService( 2284): Failed to establish connection to Glass device: Romann Baumgaertner's Glass @ [F8:8F:CA:24:3A:DE] BONDED
I/qtaguid ( 1862): Failed write_ctrl(u 53) res=-1 errno=22
I/qtaguid ( 1862): Untagging socket 53 failed errno=-22
W/NetworkManagementSocketTagger( 1862): untagSocket(53) failed with errno -22
W/Finsky  ( 1862): [1] 1.onResponse: No document details for app: pkg=com.google.android.inputmethod.latin
W/Finsky  ( 1862): [1] 1.onResponse: No document details for app: pkg=com.google.android.apps.maps
D/Finsky  ( 1862): [1] DailyHygiene.flushEventLogs: Flushing event logs for [Bcqq84OB9rjrDmHsaQCHO7466Ts]
D/dalvikvm( 1862): GC_CONCURRENT freed 789K, 7% free 11911K/12756K, paused 3ms+2ms, total 31ms
I/CheckinService(  845): Preparing to send checkin request
I/EventLogService(  845): Accumulating logs since 1380462359675
I/Adreno200-EGL(  845): <qeglDrvAPI_eglInitialize:265>: EGL 1.4 QUALCOMM Build: Iabe52cfaeae4c5fab1acacfe6f056ba15fa93274
I/dalvikvm( 1339): Jit: resizing JitTable from 4096 to 8192
D/dalvikvm(  845): GC_FOR_ALLOC freed 428K, 7% free 9537K/10224K, paused 15ms, total 15ms
D/dalvikvm(  845): GC_FOR_ALLOC freed 126K, 8% free 9501K/10224K, paused 13ms, total 13ms
I/dalvikvm-heap(  845): Grow heap (frag case) to 9.418MB for 47724-byte allocation
D/dalvikvm(  845): GC_FOR_ALLOC freed 22K, 8% free 9525K/10272K, paused 18ms, total 18ms
D/dalvikvm(  845): GC_FOR_ALLOC freed 1K, 8% free 9524K/10272K, paused 14ms, total 14ms
I/dalvikvm-heap(  845): Grow heap (frag case) to 9.491MB for 99576-byte allocation
D/dalvikvm(  845): GC_FOR_ALLOC freed 46K, 8% free 9575K/10372K, paused 19ms, total 19ms
D/dalvikvm(  845): GC_FOR_ALLOC freed <1K, 8% free 9575K/10372K, paused 13ms, total 13ms
I/dalvikvm-heap(  845): Grow heap (frag case) to 9.508MB for 65876-byte allocation
D/dalvikvm(  845): GC_FOR_ALLOC freed <1K, 8% free 9638K/10440K, paused 20ms, total 20ms
D/dalvikvm(  845): GC_FOR_ALLOC freed <1K, 8% free 9638K/10440K, paused 15ms, total 15ms
I/dalvikvm-heap(  845): Grow heap (frag case) to 9.633MB for 131736-byte allocation
D/dalvikvm(  845): GC_FOR_ALLOC freed 0K, 8% free 9767K/10572K, paused 22ms, total 22ms
D/dalvikvm(  845): GC_FOR_ALLOC freed <1K, 8% free 9767K/10572K, paused 14ms, total 14ms
I/dalvikvm-heap(  845): Grow heap (frag case) to 9.696MB for 65876-byte allocation
D/dalvikvm(  845): GC_FOR_ALLOC freed 0K, 8% free 9831K/10640K, paused 24ms, total 24ms
D/dalvikvm(  845): GC_FOR_ALLOC freed 250K, 10% free 9591K/10640K, paused 14ms, total 14ms
I/CheckinTask(  845): Sending checkin request (15614 bytes)
D/dalvikvm(  845): GC_CONCURRENT freed 341K, 10% free 9674K/10640K, paused 16ms+3ms, total 72ms
I/Adreno200-EGL(  845): <qeglDrvAPI_eglInitialize:265>: EGL 1.4 QUALCOMM Build: Iabe52cfaeae4c5fab1acacfe6f056ba15fa93274
D/dalvikvm( 2165): GC_CONCURRENT freed 323K, 4% free 10421K/10780K, paused 1ms+1ms, total 26ms
I/CheckinTask(  845): Checkin success: https://android.clients.google.com/checkin (1 requests sent)
I/dalvikvm(  774): Jit: resizing JitTable from 4096 to 8192
D/dalvikvm(  774): GC_CONCURRENT freed 776K, 8% free 10912K/11800K, paused 3ms+2ms, total 33ms
D/dalvikvm(  774): WAIT_FOR_CONCURRENT_GC blocked 16ms
D/dalvikvm(  845): GC_CONCURRENT freed 532K, 11% free 9538K/10640K, paused 7ms+3ms, total 66ms
D/dalvikvm(  524): GC_EXPLICIT freed 956K, 10% free 18895K/20828K, paused 3ms+8ms, total 91ms
D/ConnectivityService(  524): handleInetConditionHoldEnd: net=1, condition=100, published condition=0
D/dalvikvm(  524): GC_FOR_ALLOC freed 175K, 10% free 19164K/21200K, paused 64ms, total 64ms
D/dalvikvm(  524): GC_FOR_ALLOC freed 747K, 13% free 18788K/21572K, paused 62ms, total 63ms
D/audio_hw_primary(  174): start_output_stream: enter: usecase(1: low-latency-playback) devices(0x2)
D/audio_hw_primary(  174): select_devices: out_snd_device(2: speaker) in_snd_device(0: none)
D/audio_hw_primary(  174): enable_snd_device: sending audio calibration for snd_device(2) acdb_id(14)
D/ACDB-LOADER(  174): ACDB -> send_afe_cal
D/audio_hw_primary(  174): enable_snd_device: snd_device(2: speaker)
D/audio_hw_primary(  174): enable_audio_route: apply mixer path: low-latency-playback
I/dalvikvm(  524): Jit: resizing JitTable from 8192 to 16384
I/ActivityManager(  524): START u0 {act=android.intent.action.MAIN cat=[android.intent.category.HOME] flg=0x10200000 cmp=com.android.launcher/com.android.launcher2.Launcher} from pid 524
D/audio_hw_primary(  174): start_output_stream: exit
D/dalvikvm(  524): GC_FOR_ALLOC freed 759K, 13% free 18794K/21572K, paused 68ms, total 69ms
W/IInputConnectionWrapper( 2757): showStatusIcon on inactive InputConnection
W/CompanionService( 2284): Connecting to Glass device Romann Baumgaertner's Glass @ [F8:8F:CA:24:3A:DE] BONDEDfailed; retry attempt 3
I/CompanionService( 2284): Attempting to connect to Romann Baumgaertner's Glass @ [F8:8F:CA:24:3A:DE] BONDED
I/CompanionService( 2284): Clear old connection.
I/GlassConnection( 2284): Creating connection to Romann Baumgaertner's Glass @ [F8:8F:CA:24:3A:DE] BONDED
I/GlassConnection( 2284): Opening companion socket to Glass
W/BluetoothAdapter( 2284): getBluetoothService() called with no BluetoothManagerCallback
I/CompanionService( 2284): No headset already connected, initiating connection to Glass.
D/BluetoothHeadset( 2284): connect(F8:8F:CA:24:3A:DE)
D/BTIF_SOCK( 1026): service_uuid: f15cc914-e4bc-45ce-9930-cb7695385850
D/BluetoothSocket( 2284): connect(), SocketState: INIT, mPfd: {ParcelFileDescriptor: FileDescriptor[41]}
I/BluetoothHeadsetServiceJni( 1026): connectHfpNative: sBluetoothHfpInterface: 0x73161468
D/BluetoothAdapterProperties( 1026): CONNECTION_STATE_CHANGE: F8:8F:CA:24:3A:DE: 0 -> 1
D/BluetoothAdapterService(1108711792)( 1026): Get Bonded Devices being called
D/BluetoothAdapterProperties( 1026): getBondedDevices: length=2
D/audio_hw_primary(  174): out_standby: enter: usecase(1: low-latency-playback)
D/audio_hw_primary(  174): stop_output_stream: enter: usecase(1: low-latency-playback)
D/audio_hw_primary(  174): disable_audio_route: reset mixer path: low-latency-playback
D/audio_hw_primary(  174): disable_snd_device: snd_device(2: speaker)
D/audio_hw_primary(  174): stop_output_stream: exit: status(0)
D/audio_hw_primary(  174): out_standby: exit
D/Finsky  ( 1862): [1] 5.onFinished: Installation state replication succeeded.
W/bt-sdp  ( 1026): SDP - Rcvd conn cnf with error: 0x4  CID 0x4a
E/bt-btif ( 1026): DISCOVERY_COMP_EVT slot id:7, failed to find channle,                                       status:1, scn:0
W/bt-sdp  ( 1026): SDP - Rcvd conn cnf with error: 0x4  CID 0x4b
W/bt-btif ( 1026): invalid rfc slot id: 7
I/BluetoothHeadsetServiceJni( 1026): connection_state_callback
D/BluetoothAdapterProperties( 1026): CONNECTION_STATE_CHANGE: F8:8F:CA:24:3A:DE: 1 -> 0
D/BluetoothAdapterService(1108711792)( 1026): Get Bonded Devices being called
D/BluetoothAdapterProperties( 1026): getBondedDevices: length=2
E/GlassConnection( 2284): Failed to establish connection to Romann Baumgaertner's Glass @ [F8:8F:CA:24:3A:DE] BONDED
E/GlassConnection( 2284): java.io.IOException: read failed, socket might closed or timeout, read ret: -1
E/GlassConnection( 2284): 	at android.bluetooth.BluetoothSocket.readAll(BluetoothSocket.java:504)
E/GlassConnection( 2284): 	at android.bluetooth.BluetoothSocket.readInt(BluetoothSocket.java:515)
E/GlassConnection( 2284): 	at android.bluetooth.BluetoothSocket.connect(BluetoothSocket.java:319)
E/GlassConnection( 2284): 	at com.google.glass.bluetooth.i.run(Unknown Source)
I/GlassConnection( 2284): closing Connections...
I/CompanionService( 2284): Failed to establish connection to Glass device: Romann Baumgaertner's Glass @ [F8:8F:CA:24:3A:DE] BONDED
E/CompanionService( 2284): Unable to connect to Glass device Romann Baumgaertner's Glass @ [F8:8F:CA:24:3A:DE] BONDED. Giving up.
I/ActivityManager(  524): Start proc com.google.android.keep for service com.google.android.keep/.syncadapter.MemorySyncAdapterService: pid=3315 uid=10110 gids={50110, 3003, 1015, 1028}
E/KeepSync( 3315): Try to add invalid account
E/KeepSync( 3315): Try to force sync on a null account
D/dalvikvm( 3315): GC_CONCURRENT freed 222K, 3% free 9083K/9344K, paused 2ms+6ms, total 26ms
D/dalvikvm( 3315): GC_CONCURRENT freed 342K, 4% free 9178K/9556K, paused 3ms+3ms, total 28ms
I/NotificationStore( 1283): file does not exist: /data/data/com.google.android.gms/files/notification_data.dat
D/dalvikvm( 3315): GC_CONCURRENT freed 312K, 4% free 9253K/9604K, paused 2ms+1ms, total 16ms
I/ActivityManager(  524): No longer want com.azeus.anywherepad (pid 2349): empty #17
D/dalvikvm( 2235): GC_CONCURRENT freed 338K, 5% free 9592K/10072K, paused 9ms+9ms, total 68ms
E/kickstart(  553): Wrote to /sys/power/wake_lock
E/kickstart(  553): Received file "/dev/block/platform/msm_sdcc.1/by-name/m9kefs1"
E/kickstart(  553): 786432 bytes transferred in 0.156s (4.79 MBps)
E/kickstart(  553): Successfully downloaded files from target 
E/kickstart(  553): Wrote to /sys/power/wake_unlock
E/kickstart(  553): Sahara protocol completed
I/BlockchainServiceImpl( 2165): [main] History of transactions/blocks: 0/1
D/dalvikvm( 2165): GC_CONCURRENT freed 397K, 5% free 10420K/10856K, paused 1ms+2ms, total 19ms
D/dalvikvm( 3070): GC_CONCURRENT freed 563K, 6% free 10485K/11096K, paused 10ms+2ms, total 68ms
D/dalvikvm( 2165): GC_CONCURRENT freed 399K, 5% free 10419K/10856K, paused 4ms+1ms, total 66ms
I/ActivityManager(  524): Start proc com.google.android.gallery3d for broadcast com.google.android.gallery3d/com.google.android.picasasync.BatteryReceiver: pid=3364 uid=10020 gids={50020, 1006, 3003, 1015, 1028}
D/dalvikvm( 3364): GC_CONCURRENT freed 331K, 4% free 9002K/9372K, paused 2ms+3ms, total 20ms
I/ActivityManager(  524): Start proc com.google.android.apps.uploader for broadcast com.google.android.apps.uploader/com.google.android.picasasync.BatteryReceiver: pid=3399 uid=10040 gids={50040, 3003, 1015, 1028}
I/ActivityManager(  524): No longer want android.process.acore (pid 2573): empty #17
D/UploadsManager( 3364):    wifiOnlyPhoto changed to true
D/UploadsManager( 3364):    wifiOnlyVideo changed to true
D/UploadsManager( 3364):    syncOnBattery changed to true
D/PicasaSync( 3364): sync account database
D/PicasaSync( 3364): accounts in DB=1
D/PicasaSyncManager( 3364): active network: NetworkInfo: type: WIFI[], state: CONNECTED/CONNECTED, reason: (unspecified), extra: "Y!Guest", roaming: false, failover: false, isAvailable: true
D/PicasaSyncManager( 3364): background data: true
I/ActivityManager(  524): No longer want com.facebook.katana:dash (pid 2675): empty #17
D/PicasaSyncManager( 3364): battery info: false
D/PicasaUploader( 3399):    wifiOnlyPhoto changed to true
D/PicasaUploader( 3399):    wifiOnlyVideo changed to true
D/PicasaUploader( 3399):    syncOnBattery changed to true
D/PicasaUploaderSync( 3399): sync account database
D/PicasaUploaderSync( 3399): accounts in DB=1
D/PicasaUploaderSyncManager( 3399): active network: NetworkInfo: type: WIFI[], state: CONNECTED/CONNECTED, reason: (unspecified), extra: "Y!Guest", roaming: false, failover: false, isAvailable: true
D/PicasaUploaderSyncManager( 3399): background data: true
D/PicasaUploaderSyncManager( 3399): battery info: false
I/EntropyMixer(  524): Writing entropy...
W/PowerUI (  626): unknown intent: Intent { act=android.intent.action.ACTION_POWER_CONNECTED flg=0x8000010 }
D/PicasaSyncManager( 3364): battery info: true
I/ActivityManager(  524): Start proc com.google.android.youtube for broadcast com.google.android.youtube/.app.prefetch.PrefetchService$DeviceStateReceiver: pid=3421 uid=10066 gids={50066, 3003, 1015, 1006, 1028}
D/PicasaUploaderSyncManager( 3399): battery info: true
D/YouTube ( 3421): apps.youtube.core.utils.ay.a:41 HttpClient.UserAgent: com.google.android.youtube/5.1.10(Linux; U; Android 4.3; en_US; Nexus 4 Build/JWR66Y)
D/YouTube ( 3421): apps.youtube.core.utils.ay.a:41 HttpClient.UserAgent: com.google.android.youtube/5.1.10(Linux; U; Android 4.3; en_US; Nexus 4 Build/JWR66Y)
D/dalvikvm( 3421): GC_CONCURRENT freed 306K, 4% free 9001K/9344K, paused 2ms+2ms, total 19ms
D/YouTube ( 3421): apps.youtube.core.client.r.a:114 event [version=5.1.10-s100, action=Startup, label=NORMAL_STARTUP, value=-1]
D/YouTube ( 3421): apps.youtube.core.cache.f.run:163 Cache is below limit, no need to shrink: [size=0, limit=20971520]
D/dalvikvm( 3421): GC_CONCURRENT freed 295K, 4% free 9221K/9552K, paused 3ms+5ms, total 38ms
D/dalvikvm( 3421): WAIT_FOR_CONCURRENT_GC blocked 23ms
D/dalvikvm( 3421): DexOpt: --- BEGIN 'ads-1497241883.jar' (bootstrap=0) ---
D/dalvikvm( 3461): DexOpt: load 3ms, verify+opt 5ms, 153556 bytes
D/dalvikvm( 3421): DexOpt: --- END 'ads-1497241883.jar' (success) ---
D/dalvikvm( 3421): DEX prep '/data/data/com.google.android.youtube/cache/ads-1497241883.jar': unzip in 1ms, rewrite 98ms
D/dalvikvm( 3421): GC_CONCURRENT freed 266K, 4% free 9399K/9704K, paused 1ms+2ms, total 19ms
I/GoogleConversionPing( 3421): Pinging: http://www.googleadservices.com/pagead/conversion/1001680686/?label=4dahCKKczAYQrt7R3QM&value=&muid=4SglYnwSeKVTj5i8tU7SHA&bundleid=com.google.android.youtube&appversion=5.1.10&osversion=4.3&sdkversion=ct-sdk-a-v1.1.0&remarketing_only=1&timestamp=1380462472&data=screen_name%3D%3CAndroid_YT_Open_App%3E
D/YouTube ( 3421): youtube.app.prefetch.PrefetchService$DeviceStateReceiver.onReceive:571 Got device state change intent: android.intent.action.ACTION_POWER_CONNECTED
D/YouTube ( 3421): apps.youtube.core.transfer.TransferService.onCreate:108 creating transfer service
D/YouTube ( 3421): youtube.app.prefetch.PrefetchService.onStartCommand:171 PrefetchService started at 29 Sep 2013 13:47:52 GMT
D/YouTube ( 3421): youtube.app.prefetch.PrefetchService.a:252 Download snapshot restored
D/YouTube ( 3421): youtube.app.prefetch.PrefetchService.onDestroy:222 PrefetchService destroyed at 29 Sep 2013 13:47:52 GMT
I/ActivityManager(  524): No longer want org.mozilla.firefox (pid 2737): empty #17
I/GoogleConversionPing( 3421): Ping responded with response code 200
W/GAV2    ( 3364): Thread[GAThread,5,main]: Service unavailable (code=1), will retry.
W/ActivityManager(  524): Unable to start service Intent { act=com.google.android.gms.analytics.service.START (has extras) } U=0: not found
I/GAV2    ( 3364): Thread[GAThread,5,main]: No campaign data found.
D/audio_hw_primary(  174): start_output_stream: enter: usecase(1: low-latency-playback) devices(0x2)
D/audio_hw_primary(  174): select_devices: out_snd_device(2: speaker) in_snd_device(0: none)
D/audio_hw_primary(  174): enable_snd_device: sending audio calibration for snd_device(2) acdb_id(14)
D/ACDB-LOADER(  174): ACDB -> send_afe_cal
D/audio_hw_primary(  174): enable_snd_device: snd_device(2: speaker)
D/audio_hw_primary(  174): enable_audio_route: apply mixer path: low-latency-playback
D/audio_hw_primary(  174): start_output_stream: exit
D/android.widget.GridLayout(  819): horizontal constraints: x1-x0>=350, x2-x1>=390, x2-x0<=736 are inconsistent; permanently removing: x2-x0<=736. 
D/dalvikvm(  819): GC_CONCURRENT freed 2019K, 25% free 15753K/20788K, paused 4ms+6ms, total 50ms
I/BlockchainServiceImpl( 2165): [main] History of transactions/blocks: 0/0, 0/1
W/GAV2    ( 3364): Thread[Service Reconnect,5,main]: Service unavailable (code=1), using local store.
W/ActivityManager(  524): Unable to start service Intent { act=com.google.android.gms.analytics.service.START (has extras) } U=0: not found
D/dalvikvm( 3364): GC_CONCURRENT freed 173K, 3% free 9234K/9444K, paused 2ms+3ms, total 21ms
D/dalvikvm( 3364): GC_CONCURRENT freed 312K, 4% free 9354K/9704K, paused 4ms+1ms, total 20ms
D/dalvikvm( 3364): GC_CONCURRENT freed 211K, 4% free 9549K/9848K, paused 2ms+7ms, total 30ms
D/audio_hw_primary(  174): out_standby: enter: usecase(1: low-latency-playback)
D/audio_hw_primary(  174): stop_output_stream: enter: usecase(1: low-latency-playback)
D/audio_hw_primary(  174): disable_audio_route: reset mixer path: low-latency-playback
D/audio_hw_primary(  174): disable_snd_device: snd_device(2: speaker)
D/audio_hw_primary(  174): stop_output_stream: exit: status(0)
D/audio_hw_primary(  174): out_standby: exit
D/android.widget.GridLayout(  819): horizontal constraints: x1-x0>=350, x2-x1>=390, x2-x0<=736 are inconsistent; permanently removing: x2-x0<=736. 
I/WalletFiles( 2165): [Wallet autosave thread] Background saving wallet, last seen block is 260754/000000000000000edb964727c108302290911e8b902248ece24314be93ff3902
I/WalletFiles( 2165): [Wallet autosave thread] Save completed in 23msec
D/dalvikvm( 2165): GC_CONCURRENT freed 383K, 4% free 10430K/10856K, paused 2ms+2ms, total 27ms
D/PicasaUploaderSyncManager( 3399): battery info: false
D/PicasaSyncManager( 3364): battery info: false
I/EntropyMixer(  524): Writing entropy...
W/PowerUI (  626): unknown intent: Intent { act=android.intent.action.ACTION_POWER_CONNECTED flg=0x8000010 }
D/PicasaUploaderSyncManager( 3399): battery info: true
D/YouTube ( 3421): youtube.app.prefetch.PrefetchService$DeviceStateReceiver.onReceive:571 Got device state change intent: android.intent.action.ACTION_POWER_CONNECTED
D/PicasaSyncManager( 3364): battery info: true
D/YouTube ( 3421): youtube.app.prefetch.PrefetchService.onStartCommand:171 PrefetchService started at 29 Sep 2013 13:48:17 GMT
D/YouTube ( 3421): youtube.app.prefetch.PrefetchService.a:252 Download snapshot restored
D/YouTube ( 3421): youtube.app.prefetch.PrefetchService.onDestroy:222 PrefetchService destroyed at 29 Sep 2013 13:48:17 GMT
D/MtpService( 2397): updating state; isCurrentUser=true, mMtpLocked=false
D/MtpService( 2397): addStorageLocked 65537 /storage/emulated/0
D/MtpService( 2397): updating state; isCurrentUser=true, mMtpLocked=false
D/MtpService( 2397): starting MTP server in MTP mode
D/MtpService( 2397): addStorageLocked 65537 /storage/emulated/0
D/dalvikvm( 2397): GC_CONCURRENT freed 241K, 3% free 9026K/9304K, paused 1ms+4ms, total 42ms
D/dalvikvm(  524): GC_CONCURRENT freed 1935K, 11% free 19224K/21572K, paused 2ms+5ms, total 72ms
V/PanelView(  626): animationTick called with dtms=0; nothing to do (h=475.5 v=2108.4673)
V/PanelView(  626): animationTick called with dtms=-2; nothing to do (h=475.5 v=2108.4673)
D/AndroidRuntime( 3573): 
D/AndroidRuntime( 3573): >>>>>> AndroidRuntime START com.android.internal.os.RuntimeInit <<<<<<
D/AndroidRuntime( 3573): CheckJNI is OFF
D/dalvikvm( 3573): Trying to load lib libjavacore.so 0x0
D/dalvikvm( 3573): Added shared lib libjavacore.so 0x0
D/dalvikvm( 3573): Trying to load lib libnativehelper.so 0x0
D/dalvikvm( 3573): Added shared lib libnativehelper.so 0x0
D/AndroidRuntime( 3573): Calling main entry com.android.commands.pm.Pm
I/ActivityManager(  524): Start proc com.android.defcontainer for service com.android.defcontainer/.DefaultContainerService: pid=3587 uid=10013 gids={50013, 1015, 1023, 2001, 1028}
D/dalvikvm(  172): GC_EXPLICIT freed 38K, 1% free 8863K/8944K, paused 1ms+2ms, total 21ms
D/dalvikvm(  172): GC_EXPLICIT freed <1K, 1% free 8863K/8944K, paused 4ms+4ms, total 35ms
W/ActivityManager(  524): No content provider found for permission revoke: file:///data/local/tmp/HashVoice.apk
D/Finsky  ( 1862): [1] PackageVerificationReceiver.onReceive: Verification requested, id = 0
D/dalvikvm(  172): GC_EXPLICIT freed <1K, 1% free 8863K/8944K, paused 2ms+2ms, total 17ms
D/Finsky  ( 1862): [1] WorkerTask.onPreExecute: Verification Requested for id = 0, data=file:///data/local/tmp/HashVoice.apk flags=114 fromVerificationActivity=false
D/dalvikvm( 1862): GC_CONCURRENT freed 1095K, 9% free 11718K/12860K, paused 2ms+2ms, total 31ms
D/Finsky  ( 1862): [1] 2.onResponse: Verification id=0 response=0
D/Finsky  ( 1862): [1] PackageVerificationReceiver.onReceive: Verification requested, id = 0
W/ActivityManager(  524): No content provider found for permission revoke: file:///data/local/tmp/HashVoice.apk
I/PackageManager(  524): Copying native libraries to /data/app-lib/vmdl-1959522959
I/PackageManager(  524): Running dexopt on: com.example.hashvoice
D/dalvikvm( 3605): DexOpt: 'Lorg/apache/http/ConnectionClosedException;' has an earlier definition; blocking out
D/dalvikvm( 3605): DexOpt: 'Lorg/apache/http/ConnectionReuseStrategy;' has an earlier definition; blocking out
D/dalvikvm( 3605): DexOpt: 'Lorg/apache/http/Header;' has an earlier definition; blocking out
D/dalvikvm( 3605): DexOpt: 'Lorg/apache/http/HeaderElement;' has an earlier definition; blocking out
D/dalvikvm( 3605): DexOpt: 'Lorg/apache/http/HeaderElementIterator;' has an earlier definition; blocking out
D/dalvikvm( 3605): DexOpt: 'Lorg/apache/http/HeaderIterator;' has an earlier definition; blocking out
D/dalvikvm( 3605): DexOpt: 'Lorg/apache/http/HttpConnection;' has an earlier definition; blocking out
D/dalvikvm( 3605): DexOpt: 'Lorg/apache/http/HttpConnectionMetrics;' has an earlier definition; blocking out
D/dalvikvm( 3605): DexOpt: 'Lorg/apache/http/HttpEntity;' has an earlier definition; blocking out
D/dalvikvm( 3605): DexOpt: 'Lorg/apache/http/HttpException;' has an earlier definition; blocking out
D/dalvikvm( 3605): DexOpt: 'Lorg/apache/http/HttpHost;' has an earlier definition; blocking out
D/dalvikvm( 3605): DexOpt: 'Lorg/apache/http/HttpMessage;' has an earlier definition; blocking out
D/dalvikvm( 3605): DexOpt: 'Lorg/apache/http/HttpRequestFactory;' has an earlier definition; blocking out
D/dalvikvm( 3605): DexOpt: 'Lorg/apache/http/HttpRequestInterceptor;' has an earlier definition; blocking out
D/dalvikvm( 3605): DexOpt: 'Lorg/apache/http/HttpResponseFactory;' has an earlier definition; blocking out
D/dalvikvm( 3605): DexOpt: 'Lorg/apache/http/HttpResponseInterceptor;' has an earlier definition; blocking out
D/dalvikvm( 3605): DexOpt: 'Lorg/apache/http/HttpStatus;' has an earlier definition; blocking out
D/dalvikvm( 3605): DexOpt: 'Lorg/apache/http/MalformedChunkCodingException;' has an earlier definition; blocking out
D/dalvikvm( 3605): DexOpt: 'Lorg/apache/http/NameValuePair;' has an earlier definition; blocking out
D/dalvikvm( 3605): DexOpt: 'Lorg/apache/http/NoHttpResponseException;' has an earlier definition; blocking out
D/dalvikvm( 3605): DexOpt: 'Lorg/apache/http/ParseException;' has an earlier definition; blocking out
D/dalvikvm( 3605): DexOpt: 'Lorg/apache/http/ProtocolVersion;' has an earlier definition; blocking out
D/dalvikvm( 3605): DexOpt: 'Lorg/apache/http/ReasonPhraseCatalog;' has an earlier definition; blocking out
D/dalvikvm( 3605): DexOpt: 'Lorg/apache/http/RequestLine;' has an earlier definition; blocking out
D/dalvikvm( 3605): DexOpt: 'Lorg/apache/http/StatusLine;' has an earlier definition; blocking out
D/dalvikvm( 3605): DexOpt: 'Lorg/apache/http/TokenIterator;' has an earlier definition; blocking out
D/dalvikvm( 3605): DexOpt: 'Lorg/apache/http/entity/ContentLengthStrategy;' has an earlier definition; blocking out
D/dalvikvm( 3605): DexOpt: 'Lorg/apache/http/entity/ContentProducer;' has an earlier definition; blocking out
D/dalvikvm( 3605): DexOpt: 'Lorg/apache/http/impl/entity/EntityDeserializer;' has an earlier definition; blocking out
D/dalvikvm( 3605): DexOpt: 'Lorg/apache/http/impl/entity/EntitySerializer;' has an earlier definition; blocking out
D/dalvikvm( 3605): DexOpt: 'Lorg/apache/http/impl/io/ChunkedInputStream;' has an earlier definition; blocking out
D/dalvikvm( 3605): DexOpt: 'Lorg/apache/http/impl/io/ChunkedOutputStream;' has an earlier definition; blocking out
D/dalvikvm( 3605): DexOpt: 'Lorg/apache/http/impl/io/ContentLengthInputStream;' has an earlier definition; blocking out
D/dalvikvm( 3605): DexOpt: 'Lorg/apache/http/impl/io/ContentLengthOutputStream;' has an earlier definition; blocking out
D/dalvikvm( 3605): DexOpt: 'Lorg/apache/http/impl/io/IdentityInputStream;' has an earlier definition; blocking out
D/dalvikvm( 3605): DexOpt: 'Lorg/apache/http/impl/io/IdentityOutputStream;' has an earlier definition; blocking out
D/dalvikvm( 3605): DexOpt: 'Lorg/apache/http/io/HttpMessageParser;' has an earlier definition; blocking out
D/dalvikvm( 3605): DexOpt: 'Lorg/apache/http/io/HttpMessageWriter;' has an earlier definition; blocking out
D/dalvikvm( 3605): DexOpt: 'Lorg/apache/http/io/HttpTransportMetrics;' has an earlier definition; blocking out
D/dalvikvm( 3605): DexOpt: 'Lorg/apache/http/io/SessionInputBuffer;' has an earlier definition; blocking out
D/dalvikvm( 3605): DexOpt: 'Lorg/apache/http/io/SessionOutputBuffer;' has an earlier definition; blocking out
D/dalvikvm( 3605): DexOpt: 'Lorg/apache/http/message/HeaderGroup;' has an earlier definition; blocking out
D/dalvikvm( 3605): DexOpt: 'Lorg/apache/http/message/HeaderValueFormatter;' has an earlier definition; blocking out
D/dalvikvm( 3605): DexOpt: 'Lorg/apache/http/message/HeaderValueParser;' has an earlier definition; blocking out
D/dalvikvm( 3605): DexOpt: 'Lorg/apache/http/message/LineFormatter;' has an earlier definition; blocking out
D/dalvikvm( 3605): DexOpt: 'Lorg/apache/http/message/LineParser;' has an earlier definition; blocking out
D/dalvikvm( 3605): DexOpt: 'Lorg/apache/http/message/ParserCursor;' has an earlier definition; blocking out
D/dalvikvm( 3605): DexOpt: 'Lorg/apache/http/params/CoreConnectionPNames;' has an earlier definition; blocking out
D/dalvikvm( 3605): DexOpt: 'Lorg/apache/http/params/CoreProtocolPNames;' has an earlier definition; blocking out
D/dalvikvm( 3605): DexOpt: 'Lorg/apache/http/params/HttpAbstractParamBean;' has an earlier definition; blocking out
D/dalvikvm( 3605): DexOpt: 'Lorg/apache/http/params/HttpParams;' has an earlier definition; blocking out
D/dalvikvm( 3605): DexOpt: 'Lorg/apache/http/protocol/ExecutionContext;' has an earlier definition; blocking out
D/dalvikvm( 3605): DexOpt: 'Lorg/apache/http/protocol/HTTP;' has an earlier definition; blocking out
D/dalvikvm( 3605): DexOpt: 'Lorg/apache/http/protocol/HttpContext;' has an earlier definition; blocking out
D/dalvikvm( 3605): DexOpt: 'Lorg/apache/http/protocol/HttpDateGenerator;' has an earlier definition; blocking out
D/dalvikvm( 3605): DexOpt: 'Lorg/apache/http/protocol/HttpExpectationVerifier;' has an earlier definition; blocking out
D/dalvikvm( 3605): DexOpt: 'Lorg/apache/http/protocol/HttpRequestExecutor;' has an earlier definition; blocking out
D/dalvikvm( 3605): DexOpt: 'Lorg/apache/http/protocol/HttpRequestHandler;' has an earlier definition; blocking out
D/dalvikvm( 3605): DexOpt: 'Lorg/apache/http/protocol/HttpRequestHandlerResolver;' has an earlier definition; blocking out
D/dalvikvm( 3605): DexOpt: 'Lorg/apache/http/protocol/HttpRequestInterceptorList;' has an earlier definition; blocking out
D/dalvikvm( 3605): DexOpt: 'Lorg/apache/http/protocol/HttpResponseInterceptorList;' has an earlier definition; blocking out
D/dalvikvm( 3605): DexOpt: 'Lorg/apache/http/protocol/HttpService;' has an earlier definition; blocking out
D/dalvikvm( 3605): DexOpt: 'Lorg/apache/http/protocol/UriPatternMatcher;' has an earlier definition; blocking out
D/dalvikvm( 3605): DexOpt: 'Lorg/apache/http/util/ByteArrayBuffer;' has an earlier definition; blocking out
D/dalvikvm( 3605): DexOpt: 'Lorg/apache/http/util/CharArrayBuffer;' has an earlier definition; blocking out
D/dalvikvm( 3605): DexOpt: 'Lorg/apache/http/util/EncodingUtils;' has an earlier definition; blocking out
D/dalvikvm( 3605): DexOpt: 'Lorg/apache/http/util/EntityUtils;' has an earlier definition; blocking out
D/dalvikvm( 3605): DexOpt: 'Lorg/apache/http/util/ExceptionUtils;' has an earlier definition; blocking out
D/dalvikvm( 3605): DexOpt: 'Lorg/apache/http/util/LangUtils;' has an earlier definition; blocking out
D/dalvikvm( 3605): DexOpt: 'Lorg/apache/http/util/VersionInfo;' has an earlier definition; blocking out
D/dalvikvm( 3605): DexOpt: 'Lorg/apache/http/FormattedHeader;' has an earlier definition; blocking out
D/dalvikvm( 3605): DexOpt: 'Lorg/apache/http/HttpClientConnection;' has an earlier definition; blocking out
D/dalvikvm( 3605): DexOpt: 'Lorg/apache/http/HttpInetConnection;' has an earlier definition; blocking out
D/dalvikvm( 3605): DexOpt: 'Lorg/apache/http/HttpRequest;' has an earlier definition; blocking out
D/dalvikvm( 3605): DexOpt: 'Lorg/apache/http/HttpResponse;' has an earlier definition; blocking out
D/dalvikvm( 3605): DexOpt: 'Lorg/apache/http/HttpServerConnection;' has an earlier definition; blocking out
D/dalvikvm( 3605): DexOpt: 'Lorg/apache/http/HttpVersion;' has an earlier definition; blocking out
D/dalvikvm( 3605): DexOpt: 'Lorg/apache/http/MethodNotSupportedException;' has an earlier definition; blocking out
D/dalvikvm( 3605): DexOpt: 'Lorg/apache/http/ProtocolException;' has an earlier definition; blocking out
D/dalvikvm( 3605): DexOpt: 'Lorg/apache/http/entity/AbstractHttpEntity;' has an earlier definition; blocking out
D/dalvikvm( 3605): DexOpt: 'Lorg/apache/http/entity/HttpEntityWrapper;' has an earlier definition; blocking out
D/dalvikvm( 3605): DexOpt: 'Lorg/apache/http/impl/DefaultConnectionReuseStrategy;' has an earlier definition; blocking out
D/dalvikvm( 3605): DexOpt: 'Lorg/apache/http/impl/DefaultHttpRequestFactory;' has an earlier definition; blocking out
D/dalvikvm( 3605): DexOpt: 'Lorg/apache/http/impl/DefaultHttpResponseFactory;' has an earlier definition; blocking out
D/dalvikvm( 3605): DexOpt: 'Lorg/apache/http/impl/EnglishReasonPhraseCatalog;' has an earlier definition; blocking out
D/dalvikvm( 3605): DexOpt: 'Lorg/apache/http/impl/HttpConnectionMetricsImpl;' has an earlier definition; blocking out
D/dalvikvm( 3605): DexOpt: 'Lorg/apache/http/impl/NoConnectionReuseStrategy;' has an earlier definition; blocking out
D/dalvikvm( 3605): DexOpt: 'Lorg/apache/http/impl/entity/LaxContentLengthStrategy;' has an earlier definition; blocking out
D/dalvikvm( 3605): DexOpt: 'Lorg/apache/http/impl/entity/StrictContentLengthStrategy;' has an earlier definition; blocking out
D/dalvikvm( 3605): DexOpt: 'Lorg/apache/http/impl/io/AbstractMessageParser;' has an earlier definition; blocking out
D/dalvikvm( 3605): DexOpt: 'Lorg/apache/http/impl/io/AbstractMessageWriter;' has an earlier definition; blocking out
D/dalvikvm( 3605): DexOpt: 'Lorg/apache/http/impl/io/AbstractSessionInputBuffer;' has an earlier definition; blocking out
D/dalvikvm( 3605): DexOpt: 'Lorg/apache/http/impl/io/AbstractSessionOutputBuffer;' has an earlier definition; blocking out
D/dalvikvm( 3605): DexOpt: 'Lorg/apache/http/impl/io/HttpTransportMetricsImpl;' has an earlier definition; blocking out
D/dalvikvm( 3605): DexOpt: 'Lorg/apache/http/message/AbstractHttpMessage;' has an earlier definition; blocking out
D/dalvikvm( 3605): DexOpt: 'Lorg/apache/http/message/BasicHeader;' has an earlier definition; blocking out
D/dalvikvm( 3605): DexOpt: 'Lorg/apache/http/message/BasicHeaderElement;' has an earlier definition; blocking out
D/dalvikvm( 3605): DexOpt: 'Lorg/apache/http/message/BasicHeaderElementIterator;' has an earlier definition; blocking out
D/dalvikvm( 3605): DexOpt: 'Lorg/apache/http/message/BasicHeaderIterator;' has an earlier definition; blocking out
D/dalvikvm( 3605): DexOpt: 'Lorg/apache/http/message/BasicHeaderValueFormatter;' has an earlier definition; blocking out
D/dalvikvm( 3605): DexOpt: 'Lorg/apache/http/message/BasicHeaderValueParser;' has an earlier definition; blocking out
D/dalvikvm( 3605): DexOpt: 'Lorg/apache/http/message/BasicLineFormatter;' has an earlier definition; blocking out
D/dalvikvm( 3605): DexOpt: 'Lorg/apache/http/message/BasicLineParser;' has an earlier definition; blocking out
D/dalvikvm( 3605): DexOpt: 'Lorg/apache/http/message/BasicListHeaderIterator;' has an earlier definition; blocking out
D/dalvikvm( 3605): DexOpt: 'Lorg/apache/http/message/BasicNameValuePair;' has an earlier definition; blocking out
D/dalvikvm( 3605): DexOpt: 'Lorg/apache/http/message/BasicRequestLine;' has an earlier definition; blocking out
D/dalvikvm( 3605): DexOpt: 'Lorg/apache/http/message/BasicStatusLine;' has an earlier definition; blocking out
D/dalvikvm( 3605): DexOpt: 'Lorg/apache/http/message/BasicTokenIterator;' has an earlier definition; blocking out
D/dalvikvm( 3605): DexOpt: 'Lorg/apache/http/params/AbstractHttpParams;' has an earlier definition; blocking out
D/dalvikvm( 3605): DexOpt: 'Lorg/apache/http/params/HttpConnectionParamBean;' has an earlier definition; blocking out
D/dalvikvm( 3605): DexOpt: 'Lorg/apache/http/params/HttpConnectionParams;' has an earlier definition; blocking out
D/dalvikvm( 3605): DexOpt: 'Lorg/apache/http/params/HttpProtocolParamBean;' has an earlier definition; blocking out
D/dalvikvm( 3605): DexOpt: 'Lorg/apache/http/params/HttpProtocolParams;' has an earlier definition; blocking out
D/dalvikvm( 3605): DexOpt: 'Lorg/apache/http/protocol/BasicHttpContext;' has an earlier definition; blocking out
D/dalvikvm( 3605): DexOpt: 'Lorg/apache/http/protocol/DefaultedHttpContext;' has an earlier definition; blocking out
D/dalvikvm( 3605): DexOpt: 'Lorg/apache/http/protocol/HttpProcessor;' has an earlier definition; blocking out
D/dalvikvm( 3605): DexOpt: 'Lorg/apache/http/protocol/HttpRequestHandlerRegistry;' has an earlier definition; blocking out
D/dalvikvm( 3605): DexOpt: 'Lorg/apache/http/protocol/RequestConnControl;' has an earlier definition; blocking out
D/dalvikvm( 3605): DexOpt: 'Lorg/apache/http/protocol/RequestContent;' has an earlier definition; blocking out
D/dalvikvm( 3605): DexOpt: 'Lorg/apache/http/protocol/RequestDate;' has an earlier definition; blocking out
D/dalvikvm( 3605): DexOpt: 'Lorg/apache/http/protocol/RequestExpectContinue;' has an earlier definition; blocking out
D/dalvikvm( 3605): DexOpt: 'Lorg/apache/http/protocol/RequestTargetHost;' has an earlier definition; blocking out
D/dalvikvm( 3605): DexOpt: 'Lorg/apache/http/protocol/RequestUserAgent;' has an earlier definition; blocking out
D/dalvikvm( 3605): DexOpt: 'Lorg/apache/http/protocol/ResponseConnControl;' has an earlier definition; blocking out
D/dalvikvm( 3605): DexOpt: 'Lorg/apache/http/protocol/ResponseContent;' has an earlier definition; blocking out
D/dalvikvm( 3605): DexOpt: 'Lorg/apache/http/protocol/ResponseDate;' has an earlier definition; blocking out
D/dalvikvm( 3605): DexOpt: 'Lorg/apache/http/protocol/ResponseServer;' has an earlier definition; blocking out
D/dalvikvm( 3605): DexOpt: 'Lorg/apache/http/HttpEntityEnclosingRequest;' has an earlier definition; blocking out
D/dalvikvm( 3605): DexOpt: 'Lorg/apache/http/UnsupportedHttpVersionException;' has an earlier definition; blocking out
D/dalvikvm( 3605): DexOpt: 'Lorg/apache/http/entity/BasicHttpEntity;' has an earlier definition; blocking out
D/dalvikvm( 3605): DexOpt: 'Lorg/apache/http/entity/BufferedHttpEntity;' has an earlier definition; blocking out
D/dalvikvm( 3605): DexOpt: 'Lorg/apache/http/entity/ByteArrayEntity;' has an earlier definition; blocking out
D/dalvikvm( 3605): DexOpt: 'Lorg/apache/http/entity/EntityTemplate;' has an earlier definition; blocking out
D/dalvikvm( 3605): DexOpt: 'Lorg/apache/http/entity/FileEntity;' has an earlier definition; blocking out
D/dalvikvm( 3605): DexOpt: 'Lorg/apache/http/entity/InputStreamEntity;' has an earlier definition; blocking out
D/dalvikvm( 3605): DexOpt: 'Lorg/apache/http/entity/SerializableEntity;' has an earlier definition; blocking out
D/dalvikvm( 3605): DexOpt: 'Lorg/apache/http/entity/StringEntity;' has an earlier definition; blocking out
D/dalvikvm( 3605): DexOpt: 'Lorg/apache/http/impl/AbstractHttpClientConnection;' has an earlier definition; blocking out
D/dalvikvm( 3605): DexOpt: 'Lorg/apache/http/impl/AbstractHttpServerConnection;' has an earlier definition; blocking out
D/dalvikvm( 3605): DexOpt: 'Lorg/apache/http/impl/io/HttpRequestParser;' has an earlier definition; blocking out
D/dalvikvm( 3605): DexOpt: 'Lorg/apache/http/impl/io/HttpRequestWriter;' has an earlier definition; blocking out
D/dalvikvm( 3605): DexOpt: 'Lorg/apache/http/impl/io/HttpResponseParser;' has an earlier definition; blocking out
D/dalvikvm( 3605): DexOpt: 'Lorg/apache/http/impl/io/HttpResponseWriter;' has an earlier definition; blocking out
D/dalvikvm( 3605): DexOpt: 'Lorg/apache/http/impl/io/SocketInputBuffer;' has an earlier definition; blocking out
D/dalvikvm( 3605): DexOpt: 'Lorg/apache/http/impl/io/SocketOutputBuffer;' has an earlier definition; blocking out
D/dalvikvm( 3605): DexOpt: 'Lorg/apache/http/message/BasicHttpRequest;' has an earlier definition; blocking out
D/dalvikvm( 3605): DexOpt: 'Lorg/apache/http/message/BasicHttpResponse;' has an earlier definition; blocking out
D/dalvikvm( 3605): DexOpt: 'Lorg/apache/http/message/BufferedHeader;' has an earlier definition; blocking out
D/dalvikvm( 3605): DexOpt: 'Lorg/apache/http/params/BasicHttpParams;' has an earlier definition; blocking out
D/dalvikvm( 3605): DexOpt: 'Lorg/apache/http/params/DefaultedHttpParams;' has an earlier definition; blocking out
D/dalvikvm( 3605): DexOpt: 'Lorg/apache/http/protocol/BasicHttpProcessor;' has an earlier definition; blocking out
D/dalvikvm( 3605): DexOpt: 'Lorg/apache/http/protocol/SyncBasicHttpContext;' has an earlier definition; blocking out
D/dalvikvm( 3605): DexOpt: 'Lorg/apache/http/impl/SocketHttpClientConnection;' has an earlier definition; blocking out
D/dalvikvm( 3605): DexOpt: 'Lorg/apache/http/impl/SocketHttpServerConnection;' has an earlier definition; blocking out
D/dalvikvm( 3605): DexOpt: 'Lorg/apache/http/message/BasicHttpEntityEnclosingRequest;' has an earlier definition; blocking out
W/dalvikvm( 3605): Superclass of 'Lorg/apache/http/params/SyncBasicHttpParams;' is final 'Lorg/apache/http/params/BasicHttpParams;'
D/dalvikvm( 3605): DexOpt: 'Lorg/apache/http/impl/DefaultHttpClientConnection;' has an earlier definition; blocking out
