--------- beginning of /dev/log/system
I/Vold    (  166): Vold 2.1 (the revenge) firing up
W/dalvikvm(  172): PR_SET_NO_NEW_PRIVS failed. Is your kernel compiled correctly?: Invalid argument
I/SystemServer(  524): Entered the Android system server!
I/SystemServer(  524): Waiting for installd to be ready.
I/Installer(  524): connecting...
I/SystemServer(  524): Power Manager
I/SystemServer(  524): Activity Manager
I/ActivityManager(  524): Memory class: 192
W/ProcessStats(  524): Skipping unknown process pid 545
I/SystemServer(  524): Display Manager
I/SystemServer(  524): Telephony Registry
I/SystemServer(  524): Scheduling Policy
I/DisplayManagerService(  524): Display device added: DisplayDeviceInfo{"Built-in Screen": 768 x 1280, 60.0 fps, density 320, 319.79 x 318.745 dpi, touch INTERNAL, FLAG_DEFAULT_DISPLAY, FLAG_ROTATES_WITH_CONTENT, FLAG_SECURE, FLAG_SUPPORTS_PROTECTED_BUFFERS, rotation 0, type BUILT_IN, address null}
I/SystemServer(  524): Package Manager
D/SELinuxMMAC(  524): Couldn't find install policy /data/system/mac_permissions.xml
D/SELinuxMMAC(  524): Using install policy file /system/etc/security/mac_permissions.xml
W/PackageParser(  524): No actions in intent filter at /system/app/Bluetooth.apk Binary XML file line #202
W/PackageParser(  524): No actions in intent filter at /system/app/Contacts.apk Binary XML file line #374
W/PackageParser(  524): Unknown element under <application>: permission at /system/app/GalleryGoogle.apk Binary XML file line #224
W/PackageParser(  524): Unknown element under <application>: permission at /system/app/GalleryGoogle.apk Binary XML file line #227
W/PackageParser(  524): Unknown element under <manifest>: supports-gl-texture at /system/app/GoogleEarth.apk Binary XML file line #19
W/PackageParser(  524): No actions in intent filter at /system/app/Dialer.apk Binary XML file line #138
W/PackageParser(  524): No actions in intent filter at /system/app/OccamQuickOffice.apk Binary XML file line #50
W/PackageParser(  524): No actions in intent filter at /data/app/com.example.android.apis-1.apk Binary XML file line #2737
W/PackageParser(  524): No actions in intent filter at /data/app/com.example.android.apis-1.apk Binary XML file line #2743
W/PackageManager(  524): Package com.example.android.apis desires unavailable shared library com.example.will.never.exist; ignoring!
W/PackageParser(  524): No actions in intent filter at /data/app/com.svi3cdt.andinstantconnect-1.apk Binary XML file line #82
W/PackageParser(  524): No actions in intent filter at /data/app/com.svi3cdt.andinstantconnect-1.apk Binary XML file line #138
W/PackageParser(  524): Unknown element under <manifest>: meta-data at /data/app/com.evernote-1.apk Binary XML file line #70
W/PackageParser(  524): Unknown element under <application>: enable-feature at /data/app/com.evernote-1.apk Binary XML file line #80
W/PackageParser(  524): Unknown element under <application>: uses-permission at /data/app/org.mozilla.firefox-1.apk Binary XML file line #1921
W/PackageParser(  524): Unknown element under <application>: uses-permission at /data/app/org.mozilla.firefox-1.apk Binary XML file line #1924
W/PackageParser(  524): Unknown element under <manifest>: supports-gl-texture at /data/app/com.google.earth-2.apk Binary XML file line #19
W/PackageManager(  524): Package com.whatsapp desires unavailable shared library com.sec.android.app.multiwindow; ignoring!
W/PackageParser(  524): Unknown element under <manifest>: supports-gl-texture at /data/app/com.instagram.android-1.apk Binary XML file line #38
W/PackageParser(  524): No actions in intent filter at /data/app/com.bamnetworks.mobile.android.ballpark-2.apk Binary XML file line #65
W/PackageParser(  524): Unknown element under <application>: enable-feature at /data/app/net.slickdeals.android-1.apk Binary XML file line #42
W/PackageParser(  524): Unknown element under <application>: enable-feature at /data/app/net.slickdeals.android-1.apk Binary XML file line #43
W/PackageParser(  524): No actions in intent filter at /data/app/com.svi3cdt.arenaconnect-1.apk Binary XML file line #41
W/PackageParser(  524): No actions in intent filter at /data/app/com.svi3cdt.arenaconnect-1.apk Binary XML file line #48
W/PackageParser(  524): No actions in intent filter at /data/app/com.svi3cdt.arenaconnect-1.apk Binary XML file line #57
W/PackageParser(  524): No actions in intent filter at /data/app/com.svi3cdt.arenaconnect-1.apk Binary XML file line #65
W/PackageParser(  524): No actions in intent filter at /data/app/com.svi3cdt.arenaconnect-1.apk Binary XML file line #74
W/PackageManager(  524): Package com.example.android.apis desires unavailable shared library com.example.will.never.exist; ignoring!
W/PackageManager(  524): Package com.whatsapp desires unavailable shared library com.sec.android.app.multiwindow; ignoring!
I/PackageManager(  524): Time to scan packages: 8.257 seconds
W/PackageManager(  524): Unknown permission android.permission.ADD_SYSTEM_SERVICE in package com.android.phone
W/PackageManager(  524): Unknown permission com.android.smspush.WAPPUSH_MANAGER_BIND in package com.android.phone
W/PackageManager(  524): Unknown permission com.google.android.apps.googlevoice.permission.RECEIVE_SMS in package com.google.glass.companion
W/PackageManager(  524): Unknown permission com.google.android.apps.googlevoice.permission.AUTO_SEND in package com.google.glass.companion
W/PackageManager(  524): Unknown permission com.android.nfc.permission.NFCEE_ADMIN in package com.google.android.apps.walletnfcrel
W/PackageManager(  524): Unknown permission com.android.vending.billing.IBillingAccountService.BIND2 in package com.google.android.gsf.login
W/PackageManager(  524): Unknown permission com.android.gallery3d.permission.GALLERY_PROVIDER in package com.android.bluetooth
W/PackageManager(  524): Not granting permission android.permission.READ_FRAME_BUFFER to package com.instagram.android (protectionLevel=18 flags=0x8be64)
W/PackageManager(  524): Not granting permission android.permission.SET_ORIENTATION to package com.instagram.android (protectionLevel=2 flags=0x8be64)
W/PackageManager(  524): Not granting permission android.permission.BROADCAST_SMS to package com.gogii.textplus (protectionLevel=2 flags=0x8be44)
W/PackageManager(  524): Unknown permission android.permission.CONFIGURE_SIP in package com.gogii.textplus
W/PackageManager(  524): Not granting permission android.permission.DEVICE_POWER to package com.google.android.deskclock (protectionLevel=2 flags=0x48be45)
W/PackageManager(  524): Not granting permission android.permission.GET_APP_OPS_STATS to package com.google.android.gms (protectionLevel=50 flags=0x8bec5)
W/PackageManager(  524): Not granting permission android.permission.UPDATE_APP_OPS_STATS to package com.google.android.gms (protectionLevel=18 flags=0x8bec5)
W/PackageManager(  524): Unknown permission android.permission.READ_OWNER_DATA in package com.google.android.setupwizard
W/PackageManager(  524): Unknown permission android.permission.WRITE_OWNER_DATA in package com.google.android.setupwizard
W/PackageManager(  524): Not granting permission android.permission.READ_LOGS to package com.dhingana.free.app (protectionLevel=50 flags=0x8be44)
W/PackageManager(  524): Unknown permission com.google.android.voicesearch.SHORTCUTS_ACCESS in package com.google.android.googlequicksearchbox
W/PackageManager(  524): Unknown permission com.android.browser.permission.PRELOAD in package com.google.android.googlequicksearchbox
W/PackageManager(  524): Unknown permission com.google.android.apps.googlevoice.permission.AUTO_SEND in package com.google.android.googlequicksearchbox
W/PackageManager(  524): Unknown permission com.facebook.orca.provider.ACCESS in package com.facebook.katana
W/PackageManager(  524): Unknown permission com.sec.android.provider.badge.permission.READ in package com.facebook.katana
W/PackageManager(  524): Unknown permission com.sec.android.provider.badge.permission.WRITE in package com.facebook.katana
W/PackageManager(  524): Unknown permission com.htc.launcher.permission.UPDATE_SHORTCUT in package com.facebook.katana
W/PackageManager(  524): Unknown permission com.sonyericsson.home.permission.BROADCAST_BADGE in package com.facebook.katana
W/PackageManager(  524): Unknown permission com.sec.android.app.launcher.READ_SETTINGS in package com.facebook.katana
W/PackageManager(  524): Unknown permission com.sec.android.app.twlauncher.READ_SETTINGS in package com.facebook.katana
W/PackageManager(  524): Unknown permission com.htc.launcher.permission.READ_SETTINGS in package com.facebook.katana
W/PackageManager(  524): Not granting permission android.permission.ACCOUNT_MANAGER to package com.google.android.music (protectionLevel=2 flags=0x8bee5)
W/PackageManager(  524): Unknown permission com.twitter.android.permission.AUTH_APP in package co.vine.android
W/PackageManager(  524): Unknown permission com.sonyericsson.permission.CAMERA_EXTENDED in package co.vine.android
W/PackageManager(  524): Unknown permission android.permission.ADD_SYSTEM_SERVICE in package com.pandora.android
W/PackageManager(  524): Unknown permission com.amazon.device.messaging.permission.RECEIVE in package net.slickdeals.android
W/PackageManager(  524): Unknown permission com.dsi.ant.permission.ANT in package com.mapmyrun.android2
W/PackageManager(  524): Unknown permission com.dsi.ant.permission.ANT_ADMIN in package com.mapmyrun.android2
W/PackageManager(  524): Unknown permission com.motorola.permission.ACCESS_BT_HEART_RATE_MONITOR in package com.mapmyrun.android2
W/PackageManager(  524): Not granting permission com.google.android.gm.permission.READ_GMAIL to package com.tf.thinkdroid.amlite (protectionLevel=2 flags=0xbc44)
W/PackageManager(  524): Not granting permission com.android.email.permission.ACCESS_PROVIDER to package com.tf.thinkdroid.amlite (protectionLevel=2 flags=0xbc44)
W/PackageManager(  524): Unknown permission android.permission.ACCESS_LGDRM in package com.tf.thinkdroid.amlite
W/PackageManager(  524): Not granting permission android.permission.SET_DEBUG_APP to package com.svi3cdt.andinstantconnect (protectionLevel=50 flags=0x8b646)
W/PackageManager(  524): Not granting permission android.permission.SEND_DOWNLOAD_COMPLETED_INTENTS to package com.android.vending (protectionLevel=2 flags=0xabec5)
W/PackageManager(  524): Not granting permission android.permission.WRITE_SECURE_SETTINGS to package com.android.vending (protectionLevel=50 flags=0xabec5)
W/PackageManager(  524): Not granting permission android.permission.HARDWARE_TEST to package com.MidCenturyMedia.Shopper.light (protectionLevel=2 flags=0x8be46)
W/PackageManager(  524): Not granting permission android.permission.READ_DREAM_STATE to package com.google.android.gsf (protectionLevel=2 flags=0x83e45)
I/SystemServer(  524): Entropy Mixer
I/EntropyMixer(  524): Writing entropy...
I/SystemServer(  524): User Service
I/SystemServer(  524): Account Manager
I/SystemServer(  524): Content Manager
I/SystemServer(  524): System Content Providers
I/SystemServer(  524): Lights Service
I/SystemServer(  524): Battery Service
I/SystemServer(  524): Vibrator Service
I/SystemServer(  524): Alarm Manager
I/SystemServer(  524): Init Watchdog
I/SystemServer(  524): Input Manager
I/InputManager(  524): Initializing input manager, mUseDevInputEventForAudioJack=true
I/SystemServer(  524): Window Manager
I/WindowManager(  524): No existing display settings /data/system/display_settings.xml; starting empty
I/InputManager(  524): Starting input manager
I/SystemServer(  524): Bluetooth Manager Service
I/SystemServer(  524): Input Method Service
W/InputMethodManagerService(  524): Couldn't create dir.: /data/system/inputmethod
I/SystemServer(  524): Accessibility Manager
I/ActivityManager(  524): Config changes=15f8 {1.0 ?mcc?mnc en_US ldltr sw384dp w384dp h567dp 320dpi nrml port ?uimode ?night finger -keyb/v/h -nav/h s.2}
I/SystemServer(  524): Mount Service
D/MountService(  524): got storage path: null description: Internal storage primary: false removable: false emulated: true mtpReserve: 100 allowMassStorage: false maxFileSize: 0
D/MountService(  524): addVolumeLocked() StorageVolume [mStorageId=65537 mPath=/storage/emulated/0 mDescriptionId=17040653 mPrimary=true mRemovable=false mEmulated=true mMtpReserveSpace=100 mAllowMassStorage=false mMaxFileSize=0 mOwner=UserHandle{0}]
I/SystemServer(  524): LockSettingsService
I/SystemServer(  524): Device Policy
I/SystemServer(  524): Status Bar
I/SystemServer(  524): Clipboard Service
I/SystemServer(  524): NetworkManagement Service
I/SystemServer(  524): Text Service Manager Service
I/SystemServer(  524): NetworkStats Service
W/PackageManager(  524): Unknown permission android.permission.ADD_SYSTEM_SERVICE in package com.android.phone
I/SystemServer(  524): NetworkPolicy Service
W/PackageManager(  524): Unknown permission com.android.smspush.WAPPUSH_MANAGER_BIND in package com.android.phone
W/PackageManager(  524): Unknown permission com.google.android.apps.googlevoice.permission.RECEIVE_SMS in package com.google.glass.companion
W/PackageManager(  524): Unknown permission com.google.android.apps.googlevoice.permission.AUTO_SEND in package com.google.glass.companion
W/PackageManager(  524): Unknown permission com.android.nfc.permission.NFCEE_ADMIN in package com.google.android.apps.walletnfcrel
W/PackageManager(  524): Unknown permission com.android.vending.billing.IBillingAccountService.BIND2 in package com.google.android.gsf.login
I/SystemServer(  524): Wi-Fi P2pService
W/PackageManager(  524): Unknown permission com.android.gallery3d.permission.GALLERY_PROVIDER in package com.android.bluetooth
W/PackageManager(  524): Not granting permission android.permission.READ_FRAME_BUFFER to package com.instagram.android (protectionLevel=18 flags=0x88be64)
W/PackageManager(  524): Not granting permission android.permission.SET_ORIENTATION to package com.instagram.android (protectionLevel=2 flags=0x88be64)
W/PackageManager(  524): Not granting permission android.permission.BROADCAST_SMS to package com.gogii.textplus (protectionLevel=2 flags=0x88be44)
W/PackageManager(  524): Unknown permission android.permission.CONFIGURE_SIP in package com.gogii.textplus
W/PackageManager(  524): Not granting permission android.permission.DEVICE_POWER to package com.google.android.deskclock (protectionLevel=2 flags=0xc8be45)
W/PackageManager(  524): Not granting permission android.permission.GET_APP_OPS_STATS to package com.google.android.gms (protectionLevel=50 flags=0x88bec5)
W/PackageManager(  524): Not granting permission android.permission.UPDATE_APP_OPS_STATS to package com.google.android.gms (protectionLevel=18 flags=0x88bec5)
W/PackageManager(  524): Unknown permission android.permission.READ_OWNER_DATA in package com.google.android.setupwizard
W/PackageManager(  524): Unknown permission android.permission.WRITE_OWNER_DATA in package com.google.android.setupwizard
W/PackageManager(  524): Not granting permission android.permission.READ_LOGS to package com.dhingana.free.app (protectionLevel=50 flags=0x88be44)
W/PackageManager(  524): Unknown permission com.google.android.voicesearch.SHORTCUTS_ACCESS in package com.google.android.googlequicksearchbox
W/PackageManager(  524): Unknown permission com.android.browser.permission.PRELOAD in package com.google.android.googlequicksearchbox
W/PackageManager(  524): Unknown permission com.google.android.apps.googlevoice.permission.AUTO_SEND in package com.google.android.googlequicksearchbox
W/PackageManager(  524): Unknown permission com.facebook.orca.provider.ACCESS in package com.facebook.katana
W/PackageManager(  524): Unknown permission com.sec.android.provider.badge.permission.READ in package com.facebook.katana
W/PackageManager(  524): Unknown permission com.sec.android.provider.badge.permission.WRITE in package com.facebook.katana
W/PackageManager(  524): Unknown permission com.htc.launcher.permission.UPDATE_SHORTCUT in package com.facebook.katana
W/PackageManager(  524): Unknown permission com.sonyericsson.home.permission.BROADCAST_BADGE in package com.facebook.katana
W/PackageManager(  524): Unknown permission com.sec.android.app.launcher.READ_SETTINGS in package com.facebook.katana
W/PackageManager(  524): Unknown permission com.sec.android.app.twlauncher.READ_SETTINGS in package com.facebook.katana
W/PackageManager(  524): Unknown permission com.htc.launcher.permission.READ_SETTINGS in package com.facebook.katana
W/PackageManager(  524): Not granting permission android.permission.ACCOUNT_MANAGER to package com.google.android.music (protectionLevel=2 flags=0x88bee5)
W/PackageManager(  524): Unknown permission com.twitter.android.permission.AUTH_APP in package co.vine.android
W/PackageManager(  524): Unknown permission com.sonyericsson.permission.CAMERA_EXTENDED in package co.vine.android
W/PackageManager(  524): Unknown permission android.permission.ADD_SYSTEM_SERVICE in package com.pandora.android
W/PackageManager(  524): Unknown permission com.amazon.device.messaging.permission.RECEIVE in package net.slickdeals.android
W/PackageManager(  524): Unknown permission com.dsi.ant.permission.ANT in package com.mapmyrun.android2
W/PackageManager(  524): Unknown permission com.dsi.ant.permission.ANT_ADMIN in package com.mapmyrun.android2
W/PackageManager(  524): Unknown permission com.motorola.permission.ACCESS_BT_HEART_RATE_MONITOR in package com.mapmyrun.android2
W/PackageManager(  524): Not granting permission com.google.android.gm.permission.READ_GMAIL to package com.tf.thinkdroid.amlite (protectionLevel=2 flags=0x80bc44)
W/PackageManager(  524): Not granting permission com.android.email.permission.ACCESS_PROVIDER to package com.tf.thinkdroid.amlite (protectionLevel=2 flags=0x80bc44)
W/PackageManager(  524): Unknown permission android.permission.ACCESS_LGDRM in package com.tf.thinkdroid.amlite
W/PackageManager(  524): Not granting permission android.permission.SET_DEBUG_APP to package com.svi3cdt.andinstantconnect (protectionLevel=50 flags=0x88b646)
W/PackageManager(  524): Not granting permission android.permission.SEND_DOWNLOAD_COMPLETED_INTENTS to package com.android.vending (protectionLevel=2 flags=0x8abec5)
W/PackageManager(  524): Not granting permission android.permission.WRITE_SECURE_SETTINGS to package com.android.vending (protectionLevel=50 flags=0x8abec5)
W/PackageManager(  524): Not granting permission android.permission.HARDWARE_TEST to package com.MidCenturyMedia.Shopper.light (protectionLevel=2 flags=0x88be46)
W/PackageManager(  524): Not granting permission android.permission.READ_DREAM_STATE to package com.google.android.gsf (protectionLevel=2 flags=0x883e45)
I/SystemServer(  524): Wi-Fi Service
I/SystemServer(  524): Connectivity Service
D/ConnectivityService(  524): ConnectivityService starting up
D/ConnectivityService(  524): wifiOnly=false
W/ContextImpl(  524): Calling a method in the system process without a qualified user: android.app.ContextImpl.bindService:1439 android.bluetooth.BluetoothPan.<init>:141 android.bluetooth.BluetoothAdapter.getProfileProxy:1171 android.bluetooth.BluetoothTetheringDataTracker.startMonitoring:121 com.android.server.ConnectivityService.<init>:543 
E/MobileDataStateTracker(  524): default: Ignoring feature request because could not acquire PhoneService
E/MobileDataStateTracker(  524): default: Could not enable APN type "default"
I/WifiService(  524): WifiService starting up with Wi-Fi enabled
D/WifiService(  524): setWifiEnabled: true pid=524, uid=1000
I/SystemServer(  524): Network Service Discovery Service
D/NsdService(  524): Network service discovery enabled true
I/SystemServer(  524): UpdateLock Service
I/SystemServer(  524): Notification Manager
I/SystemServer(  524): Device Storage Monitor
I/SystemServer(  524): Location Manager
I/SystemServer(  524): Country Detector
I/SystemServer(  524): Search Service
I/SystemServer(  524): DropBox Service
I/SystemServer(  524): Wallpaper Service
I/SystemServer(  524): Audio Service
I/SystemServer(  524): Dock Observer
W/DockObserver(  524): This kernel does not have dock station support
I/SystemServer(  524): Wired Accessory Manager
I/SystemServer(  524): USB Service
I/SystemServer(  524): Serial Service
I/SystemServer(  524): Twilight Service
I/SystemServer(  524): UI Mode Manager Service
I/SystemServer(  524): Backup Service
V/BackupManagerService(  524): Initializing package tracking
V/BackupManagerService(  524): No ancestral data
V/BackupManagerService(  524): addPackageParticipantsLocked: all
I/BackupManagerService(  524): Scheduling backup for new app com.android.sharedstoragebackup
D/BackupManagerService(  524): Now staging backup of com.android.sharedstoragebackup
I/BackupManagerService(  524): Scheduling backup for new app com.google.android.marvin.talkback
D/BackupManagerService(  524): Now staging backup of com.google.android.marvin.talkback
I/BackupManagerService(  524): Scheduling backup for new app com.yelp.android
D/BackupManagerService(  524): Now staging backup of com.yelp.android
I/BackupManagerService(  524): Scheduling backup for new app com.google.android.inputmethod.latin
D/BackupManagerService(  524): Now staging backup of com.google.android.inputmethod.latin
I/BackupManagerService(  524): Scheduling backup for new app com.android.providers.settings
D/BackupManagerService(  524): Now staging backup of com.android.providers.settings
I/BackupManagerService(  524): Scheduling backup for new app com.google.android.gallery3d
D/BackupManagerService(  524): Now staging backup of com.google.android.gallery3d
I/BackupManagerService(  524): Scheduling backup for new app com.google.android.talk
D/BackupManagerService(  524): Now staging backup of com.google.android.talk
I/BackupManagerService(  524): Scheduling backup for new app com.android.nfc
D/BackupManagerService(  524): Now staging backup of com.android.nfc
I/BackupManagerService(  524): Scheduling backup for new app com.android.providers.userdictionary
D/BackupManagerService(  524): Now staging backup of com.android.providers.userdictionary
I/BackupManagerService(  524): Scheduling backup for new app android
D/BackupManagerService(  524): Now staging backup of android
I/BackupManagerService(  524): Scheduling backup for new app com.android.vending
D/BackupManagerService(  524): Now staging backup of com.android.vending
I/BackupManagerService(  524): Scheduling backup for new app com.google.android.gm
D/BackupManagerService(  524): Now staging backup of com.google.android.gm
I/BackupManagerService(  524): Scheduling backup for new app com.google.android.calendar
D/BackupManagerService(  524): Now staging backup of com.google.android.calendar
V/BackupManagerService(  524): Registering transport android/com.android.internal.backup.LocalTransport = com.android.internal.backup.LocalTransport@427664f0
V/BackupManagerService(  524): Starting with transport com.google.android.backup/.BackupTransportService
V/BackupManagerService(  524): Binding to Google transport
I/BackupManagerService(  524): Found stale backup journal, scheduling
I/BackupManagerService(  524):   com.android.sharedstoragebackup
I/BackupManagerService(  524):   com.google.android.marvin.talkback
I/BackupManagerService(  524):   com.yelp.android
I/BackupManagerService(  524):   com.google.android.inputmethod.latin
I/BackupManagerService(  524):   com.android.providers.settings
I/BackupManagerService(  524):   com.google.android.gallery3d
I/BackupManagerService(  524):   com.google.android.talk
I/BackupManagerService(  524):   com.android.nfc
I/BackupManagerService(  524):   com.android.providers.userdictionary
I/BackupManagerService(  524):   android
I/BackupManagerService(  524):   com.android.vending
I/BackupManagerService(  524):   com.google.android.gm
I/BackupManagerService(  524):   com.google.android.calendar
I/BackupManagerService(  524): Backup enabled => false
I/BackupManagerService(  524): Opting out of backup
I/SystemServer(  524): AppWidget Service
I/SystemServer(  524): Recognition Service
I/SystemServer(  524): DiskStats Service
I/SystemServer(  524): SamplingProfiler Service
I/SystemServer(  524): NetworkTimeUpdateService
I/SystemServer(  524): CommonTimeManagementService
I/SystemServer(  524): CertBlacklister
I/SystemServer(  524): Dreams Service
I/SystemServer(  524): IdleMaintenanceService
I/AppOps  (  524): Pruning old package com.example.hashvoice/10117: new uid=-1
I/ActivityManager(  524): System now ready
I/SystemServer(  524): Making services ready
I/ActivityManager(  524): Start proc com.android.systemui for service com.android.systemui/.SystemUIService: pid=626 uid=10056 gids={50056, 1028, 1015, 3002, 3001}
W/MountService(  524): Duplicate state transition (mounted -> mounted) for /storage/emulated/0
D/NetworkManagementService(  524): enabling bandwidth control
D/SystemUIService(  626): loading: class com.android.systemui.statusbar.phone.PhoneStatusBar
D/SystemUIService(  626): running: com.android.systemui.statusbar.phone.PhoneStatusBar@42150988
I/StatusBarManagerService(  524): registerStatusBar bar=com.android.internal.statusbar.IStatusBar$Stub$Proxy@423b3fd0
E/NetdConnector(  524): NDC Command {2 softap fwreload wlan0 STA} took too long (505ms)
D/PhoneStatusBar(  626): disable: < expand icons alerts ticker system_info back home recent clock search >
I/ActivityManager(  524): Start proc android.process.acore for content provider com.android.providers.contacts/.ContactsProvider2: pid=694 uid=10000 gids={50000, 3003, 1015, 1028}
D/SystemUIService(  626): loading: class com.android.systemui.power.PowerUI
D/SystemUIService(  626): running: com.android.systemui.power.PowerUI@422dc478
D/SystemUIService(  626): loading: class com.android.systemui.media.RingtonePlayer
D/SystemUIService(  626): running: com.android.systemui.media.RingtonePlayer@422dce08
D/SystemUIService(  626): loading: class com.android.systemui.settings.SettingsUI
D/SystemUIService(  626): running: com.android.systemui.settings.SettingsUI@422ddeb8
I/ActivityManager(  524): Start proc com.android.settings for broadcast com.android.settings/.widget.SettingsAppWidgetProvider: pid=716 uid=1000 gids={41000, 1015, 1028, 3002, 3001, 3003, 3007}
W/BroadcastQueue(  524): Permission Denial: broadcasting Intent { act=android.net.conn.TETHER_STATE_CHANGED flg=0x28000010 (has extras) } from null (pid=-1, uid=-1) requires android.permission.CONNECTIVITY_INTERNAL due to registered receiver BroadcastFilter{42c45c38 u0 ReceiverList{42c457a0 524 system/1000/u0 local:42c455c8}}
I/ActivityManager(  524): Config changes=200 {1.0 ?mcc?mnc en_US ldltr sw384dp w384dp h567dp 320dpi nrml port finger -keyb/v/h -nav/h s.3}
W/InputMethodManagerService(  524): Ignoring setImeWindowStatus of uid 1000 token: null
W/ContextImpl(  716): Calling a method in the system process without a qualified user: android.app.ContextImpl.bindService:1439 android.content.ContextWrapper.bindService:496 android.bluetooth.BluetoothInputDevice.<init>:240 android.bluetooth.BluetoothAdapter.getProfileProxy:1168 com.android.settings.bluetooth.LocalBluetoothAdapter.getProfileProxy:94 
W/ContextImpl(  716): Calling a method in the system process without a qualified user: android.app.ContextImpl.bindService:1439 android.content.ContextWrapper.bindService:496 android.bluetooth.BluetoothPan.<init>:141 android.bluetooth.BluetoothAdapter.getProfileProxy:1171 com.android.settings.bluetooth.PanProfile.<init>:73 
W/ContextImpl(  716): Calling a method in the system process without a qualified user: android.app.ContextImpl.bindService:1439 android.content.ContextWrapper.bindService:496 android.bluetooth.BluetoothPbap.<init>:161 com.android.settings.bluetooth.PbapServerProfile.<init>:68 com.android.settings.bluetooth.LocalBluetoothProfileManager.<init>:124 
I/ActivityManager(  524): Start proc com.google.android.inputmethod.latin for service com.google.android.inputmethod.latin/com.android.inputmethod.latin.LatinIME: pid=747 uid=10034 gids={50034, 3003, 1015, 1028}
V/InputMethodManagerService(  524): Adding window token: android.os.Binder@42c12478
I/ActivityManager(  524): Start proc com.google.android.keep for broadcast com.google.android.keep/.notification.AlertReceiver: pid=761 uid=10110 gids={50110, 3003, 1015, 1028}
I/ActivityManager(  524): Start proc com.google.process.location for service com.google.android.location/.NetworkLocationService: pid=774 uid=10023 gids={50023, 3003, 1007, 1028, 1015, 1006, 2001, 3006}
D/PhoneStatusBar(  626): disable: < expand icons alerts ticker system_info BACK* HOME* RECENT* CLOCK* search >
I/ActivityManager(  524): Start proc com.android.phone for added application com.android.phone: pid=792 uid=1001 gids={41001, 3002, 3001, 3003, 1015, 1028}
I/ActivityManager(  524): Start proc com.android.nfc for added application com.android.nfc: pid=801 uid=1027 gids={41027, 3002, 3001, 1015, 1028}
I/ActivityManager(  524): START u0 {act=android.intent.action.MAIN cat=[android.intent.category.HOME] flg=0x10000000 cmp=com.android.launcher/com.android.launcher2.Launcher} from pid 0
I/ActivityManager(  524): Start proc com.android.launcher for activity com.android.launcher/com.android.launcher2.Launcher: pid=819 uid=10035 gids={50035, 1028}
V/StatusBar(  626): userId 0 is in the house
I/ActivityManager(  524): Start proc com.google.process.gapps for content provider com.google.android.gsf/.settings.GoogleSettingsProvider: pid=845 uid=10023 gids={50023, 3003, 1007, 1028, 1015, 1006, 2001, 3006}
I/ActivityManager(  524): Start proc com.android.nfc:handover for service com.android.nfc/.handover.HandoverService: pid=852 uid=1027 gids={41027, 3002, 3001, 1015, 1028}
W/ActivityManager(  524): Unable to start service Intent { act=com.android.internal.telephony.IWapPushManager } U=0: not found
V/BackupManagerService(  524): Connected to Google transport
V/BackupManagerService(  524): Registering transport com.google.android.backup/.BackupTransportService = com.google.android.backup.BackupTransportService$1@427a1ac8
I/ActivityManager(  524): Start proc android.process.media for broadcast com.android.providers.media/.MtpReceiver: pid=936 uid=10015 gids={50015, 1015, 1023, 1024, 1028, 2001, 3003, 3007}
I/ActivityManager(  524): Start proc com.google.android.gms for broadcast com.google.android.gms/com.google.android.location.internal.NlpNetworkProviderSettingsUpdateReceiver: pid=959 uid=10023 gids={50023, 3003, 1007, 1028, 1015, 1006, 2001, 3006}
I/ActivityManager(  524): Config changes=1400 {1.0 ?mcc?mnc en_US ldltr sw384dp w384dp h567dp 320dpi nrml port finger -keyb/v/h -nav/h s.4}
I/WifiService(  524): WifiService trying to set country code to us with persist set to true
I/ActivityManager(  524): Config changes=1403 {1.0 310mcc260mnc en_US ldltr sw384dp w384dp h567dp 320dpi nrml port finger -keyb/v/h -nav/h s.5}
W/ContextImpl(  524): Calling a method in the system process without a qualified user: android.app.ContextImpl.bindService:1439 android.bluetooth.BluetoothHeadset.<init>:273 android.bluetooth.BluetoothAdapter.getProfileProxy:1162 android.media.AudioService.getBluetoothHeadset:2185 android.media.AudioService.access$2800:108 
I/ActivityManager(  524): Start proc com.android.bluetooth for service com.android.bluetooth/.btservice.AdapterService: pid=1026 uid=1002 gids={41002, 3003, 3002, 3001, 1015, 3005, 1016, 3008, 1028}
W/ContextImpl(  524): Calling a method in the system process without a qualified user: android.app.ContextImpl.bindService:1439 android.bluetooth.BluetoothA2dp.<init>:160 android.bluetooth.BluetoothAdapter.getProfileProxy:1165 android.media.AudioService$AudioServiceBroadcastReceiver.onReceive:4082 android.app.LoadedApk$ReceiverDispatcher$Args.run:763 
V/WiredAccessoryManager(  524): notifyWiredAccessoryChanged: when=0 bits= mask=14
V/WiredAccessoryManager(  524): newName=h2w newState=0 headsetState=0 prev headsetState=0
V/WiredAccessoryManager(  524): init()
I/ActivityManager(  524): Start proc com.google.android.apps.currents for broadcast com.google.android.apps.currents/com.google.apps.dots.android.dotslib.service.MediaButtonIntentReceiver: pid=1046 uid=10012 gids={50012, 3003, 1015, 1028}
D/ActivityThread( 1046): Loading provider com.google.android.apps.currents: com.google.apps.dots.android.currents.provider.CurrentsContentProvider
I/ActivityManager(  524): Start proc com.bamnetworks.mobile.android.gameday.atbat for broadcast com.bamnetworks.mobile.android.gameday.atbat/com.bamnetworks.mobile.android.gameday.sync.FordSyncAppLinkReceiver: pid=1121 uid=10099 gids={50099, 3003, 3002, 1028}
I/WindowManager(  524): Screen frozen for +856ms due to AppWindowToken{42b8bce8 token=Token{42739ed0 ActivityRecord{42729d28 u0 com.android.launcher/com.android.launcher2.Launcher}}}
I/PowerManagerService(  524): Boot animation finished.
W/ContextImpl(  716): Calling a method in the system process without a qualified user: android.app.ContextImpl.bindService:1439 android.content.ContextWrapper.bindService:496 android.bluetooth.BluetoothPan$1.onBluetoothStateChange:173 android.bluetooth.IBluetoothStateChangeCallback$Stub.onTransact:55 android.os.Binder.execTransact:388 
W/ContextImpl(  716): Calling a method in the system process without a qualified user: android.app.ContextImpl.bindService:1439 android.content.ContextWrapper.bindService:496 android.bluetooth.BluetoothPbap$1.onBluetoothStateChange:132 android.bluetooth.IBluetoothStateChangeCallback$Stub.onTransact:55 android.os.Binder.execTransact:388 
W/ContextImpl(  524): Calling a method in the system process without a qualified user: android.app.ContextImpl.bindService:1439 android.bluetooth.BluetoothPan$1.onBluetoothStateChange:173 com.android.server.BluetoothManagerService.sendBluetoothStateCallback:488 com.android.server.BluetoothManagerService.bluetoothStateChangeHandler:1112 com.android.server.BluetoothManagerService.access$2800:48 
W/ContextImpl(  716): Calling a method in the system process without a qualified user: android.app.ContextImpl.bindService:1439 android.content.ContextWrapper.bindService:496 android.bluetooth.BluetoothA2dp.<init>:160 android.bluetooth.BluetoothAdapter.getProfileProxy:1165 com.android.settings.bluetooth.LocalBluetoothAdapter.getProfileProxy:94 
W/ContextImpl(  716): Calling a method in the system process without a qualified user: android.app.ContextImpl.bindService:1439 android.content.ContextWrapper.bindService:496 android.bluetooth.BluetoothHeadset.<init>:273 android.bluetooth.BluetoothAdapter.getProfileProxy:1162 com.android.settings.bluetooth.LocalBluetoothAdapter.getProfileProxy:94 
I/ActivityManager(  524): Start proc com.dhingana.free.app for broadcast com.dhingana.free.app/com.dhingana.service.MusicIntentReceiver: pid=1175 uid=10084 gids={50084, 3003, 1015, 1028}
D/ConnectivityService(  524): Captive portal check NetworkInfo: type: WIFI[], state: CONNECTING/CAPTIVE_PORTAL_CHECK, reason: (unspecified), extra: "Y!Guest", roaming: false, failover: false, isAvailable: true
D/ConnectivityService(  524): ConnectivityChange for WIFI: CONNECTED/CONNECTED
D/Nat464Xlat(  524): requiresClat: netType=1, hasIPv4Address=true
W/ActivityThread(  774): ClassLoader.loadClass: The class loader returned by Thread.getContextClassLoader() may fail for processes that host multiple applications. You should explicitly specify a context class loader. For example: Thread.setContextClassLoader(getClass().getClassLoader());
I/ActivityManager(  524): Start proc com.google.android.apps.walletnfcrel for broadcast com.google.android.apps.walletnfcrel/com.google.android.apps.wallet.nfcevent.NfcAdapterStateReceiver: pid=1206 uid=10065 gids={50065, 3003, 1028}
I/ActivityManager(  524): Start proc com.gogii.textplus for broadcast com.gogii.textplus/.service.TextPlusReceiver: pid=1221 uid=10105 gids={50105, 3003, 1015, 3002, 1028}
D/PhoneStatusBar(  626): disable: < expand icons alerts ticker system_info BACK HOME recent* CLOCK search >
D/PhoneStatusBar(  626): disable: < expand icons alerts ticker system_info back* home* recent clock* search >
I/ActivityManager(  524): Start proc com.google.android.gsf.login for service com.google.android.gms/.auth.be.recovery.AccountRecoveryBackgroundService: pid=1283 uid=10023 gids={50023, 3003, 1007, 1028, 1015, 1006, 2001, 3006}
I/ActivityManager(  524): Start proc com.facebook.katana:dash_service for broadcast com.facebook.katana/com.facebook.dash.service.DashServiceBooter: pid=1315 uid=10073 gids={50073, 3003, 1006, 1015, 1028}
I/ActivityManager(  524): Start proc com.facebook.katana for content provider com.facebook.katana/.provider.orca.FbSharedPreferencesContentProvider: pid=1339 uid=10073 gids={50073, 3003, 1006, 1015, 1028}
I/ActivityManager(  524): Start proc com.google.android.apps.plus for service com.google.android.apps.plus/.iu.InstantUploadSyncService: pid=1354 uid=10051 gids={50051, 3003, 3002, 1015, 1006, 1028}
I/ActivityManager(  524): Start proc com.android.chrome for service com.android.chrome/com.google.android.apps.chrome.sync.ChromeBrowserSyncAdapterService: pid=1366 uid=10010 gids={50010, 1006, 3003, 1015, 1028}
W/ActivityManager(  524): Unable to start service Intent { act=com.google.android.gms.analytics.service.START (has extras) } U=0: not found
I/ActivityManager(  524): Start proc com.android.dialer for broadcast com.android.dialer/.calllog.CallLogReceiver: pid=1413 uid=10108 gids={50108, 3003, 1015, 1028}
I/ActivityManager(  524): Start proc com.android.providers.calendar for broadcast com.android.providers.calendar/.CalendarReceiver: pid=1439 uid=10007 gids={50007, 3003, 1015, 1028}
I/ActivityManager(  524): Start proc com.android.cellbroadcastreceiver for broadcast com.android.cellbroadcastreceiver/.CellBroadcastReceiver: pid=1455 uid=10008 gids={50008, 1028}
I/BootReceiver(  524): Copying /proc/last_kmsg to DropBox (SYSTEM_LAST_KMSG)
I/BootReceiver(  524): Copying audit failures to DropBox
I/ActivityManager(  524): Start proc com.google.android.configupdater for broadcast com.google.android.configupdater/.CertPin.CertPinUpdateRequestReceiver: pid=1468 uid=10011 gids={50011, 3003, 2001, 1028}
I/BootReceiver(  524): Copied 0 worth of audits to DropBox
I/ActivityManager(  524): Start proc com.google.android.deskclock for broadcast com.google.android.deskclock/com.android.deskclock.AlarmInitReceiver: pid=1490 uid=10014 gids={50014, 1028}
I/ActivityManager(  524): Start proc com.google.android.email for broadcast com.google.android.email/com.android.email.service.EmailBroadcastReceiver: pid=1512 uid=10016 gids={50016, 3003, 1015, 1028}
D/ActivityThread( 1512): Loading provider com.android.email.provider;com.android.email.notifier: com.android.email.provider.EmailProvider
I/ActivityManager(  524): Start proc com.google.android.exchange for service com.google.android.exchange/com.android.exchange.ExchangeService: pid=1529 uid=10017 gids={50017, 3003, 1015, 1028}
I/ActivityManager(  524): Start proc com.google.android.apps.genie.geniewidget for broadcast com.google.android.apps.genie.geniewidget/.miniwidget.MiniWidgetProvider: pid=1549 uid=10021 gids={50021, 3003, 1015, 1028}
W/ActivityManager(  524): Unable to start service Intent { cmp=com.google.android.email/com.android.email.service.AttachmentDownloadService } U=0: not found
W/ActivityManager(  524): Unable to start service Intent { cmp=com.google.android.email/com.android.email.service.AttachmentDownloadService } U=0: not found
W/ActivityManager(  524): Unable to start service Intent { cmp=com.google.android.email/com.android.email.service.AttachmentDownloadService } U=0: not found
I/ActivityManager(  524): No longer want com.google.android.keep (pid 761): empty #17
W/ActivityManager(  524): Unable to start service Intent { cmp=com.google.android.email/com.android.email.service.AttachmentDownloadService } U=0: not found
W/ActivityManager(  524): Unable to start service Intent { act=com.google.android.gms.analytics.service.START (has extras) } U=0: not found
I/ActivityManager(  524): No longer want com.android.settings (pid 716): empty #17
I/ActivityManager(  524): Start proc com.google.android.partnersetup for broadcast com.google.android.partnersetup/.GooglePartnerSetup: pid=1588 uid=10027 gids={50027, 3003, 1028}
I/ActivityManager(  524): Start proc com.facebook.katana:providers for content provider com.facebook.katana/.provider.GraphQLNotificationsContentProvider: pid=1619 uid=10073 gids={50073, 3003, 1006, 1015, 1028}
I/SystemUpdateService(  845): cancelUpdate (empty URL)
I/SystemUpdateService(  845): cancelUpdate (empty URL)
I/ActivityManager(  524): No longer want com.google.android.apps.walletnfcrel (pid 1206): empty #17
I/ActivityManager(  524): Start proc com.android.mms for broadcast com.android.mms/.transaction.MmsSystemEventReceiver: pid=1652 uid=10041 gids={50041, 3003, 1015, 1028}
D/CountryDetector(  524): The first listener is added
I/ActivityManager(  524): Start proc com.google.android.onetimeinitializer for broadcast com.google.android.onetimeinitializer/.OneTimeInitializerReceiver: pid=1691 uid=10046 gids={50046, 1028}
I/ActivityManager(  524): Start proc com.android.onetimeinitializer for broadcast com.android.onetimeinitializer/.OneTimeInitializerReceiver: pid=1706 uid=10111 gids={50111, 1028}
I/ActivityManager(  524): Start proc com.google.android.gm for broadcast com.google.android.gm/.GoogleMailDeviceStartupReceiver: pid=1721 uid=10022 gids={50022, 3003, 1015, 1028}
I/ActivityManager(  524): No longer want com.gogii.textplus (pid 1221): empty #17
I/ActivityManager(  524): No longer want com.google.android.gms (pid 959): empty #17
D/ActivityThread( 1721): Loading provider com.android.gmail.ui: com.google.android.gm.provider.UiProvider
I/ActivityManager(  524): No longer want com.android.chrome (pid 1366): empty #17
I/ActivityManager(  524): Start proc com.google.android.keep for broadcast com.google.android.keep/.notification.AlertReceiver: pid=1739 uid=10110 gids={50110, 3003, 1015, 1028}
I/ActivityManager(  524): Start proc com.google.android.gms for service com.google.android.gms/.icing.impl.IndexService: pid=1751 uid=10023 gids={50023, 3003, 1007, 1028, 1015, 1006, 2001, 3006}
I/ActivityManager(  524): Start proc com.google.android.youtube for broadcast com.google.android.youtube/com.google.android.apps.youtube.core.transfer.DownloadService$BootReceiver: pid=1788 uid=10066 gids={50066, 3003, 1015, 1006, 1028}
I/ActivityManager(  524): No longer want com.google.android.apps.plus (pid 1354): empty #17
I/ActivityManager(  524): No longer want com.facebook.katana:dash_service (pid 1315): empty #17
I/ActivityManager(  524): No longer want com.android.dialer (pid 1413): empty #17
I/ActivityManager(  524): Start proc com.google.android.apps.walletnfcrel for broadcast com.google.android.apps.walletnfcrel/com.google.android.apps.wallet.services.maintenance.OnBootReceiver: pid=1840 uid=10065 gids={50065, 3003, 1028}
I/ActivityManager(  524): No longer want com.google.android.configupdater (pid 1468): empty #17
I/ActivityManager(  524): Start proc com.android.vending for broadcast com.android.vending/com.google.android.finsky.receivers.BootCompletedReceiver: pid=1862 uid=10050 gids={50050, 3003, 1015, 1028}
I/ActivityManager(  524): No longer want com.android.cellbroadcastreceiver (pid 1455): empty #17
I/ActivityManager(  524): No longer want com.android.providers.calendar (pid 1439): empty #18
I/ActivityManager(  524): Start proc com.google.android.googlequicksearchbox for broadcast com.google.android.googlequicksearchbox/com.google.android.searchcommon.StartUpReceiver: pid=1911 uid=10059 gids={50059, 3003, 1028, 3002, 1015}
I/ActivityManager(  524): No longer want com.google.android.deskclock (pid 1490): empty #17
I/ActivityManager(  524): Start proc com.google.android.calendar for broadcast com.google.android.calendar/com.android.calendar.alerts.AlertReceiver: pid=1938 uid=10006 gids={50006, 3003, 1028}
I/ActivityManager(  524): Start proc com.google.android.talk for broadcast com.google.android.talk/com.google.android.apps.babel.service.BootReceiver: pid=1960 uid=10058 gids={50058, 3003, 1015, 1006, 3002, 1028}
I/ActivityManager(  524): Start proc com.android.providers.calendar for content provider com.android.providers.calendar/.CalendarProvider2: pid=1974 uid=10007 gids={50007, 3003, 1015, 1028}
W/ActivityThread(  845): ClassLoader.loadClass: The class loader returned by Thread.getContextClassLoader() may fail for processes that host multiple applications. You should explicitly specify a context class loader. For example: Thread.setContextClassLoader(getClass().getClassLoader());
I/ActivityManager(  524): Start proc com.google.android.inputmethod.pinyin for broadcast com.google.android.inputmethod.pinyin/com.google.android.apps.inputmethod.libs.framework.core.LauncherIconVisibilityInitializer: pid=1996 uid=10028 gids={50028, 3003, 1028}
I/ActivityManager(  524): No longer want com.google.android.apps.genie.geniewidget (pid 1549): empty #17
I/ActivityManager(  524): Start proc com.groupon for broadcast com.groupon/.receiver.BootReceiver: pid=2011 uid=10097 gids={50097, 3003, 1015, 1006, 1028}
I/ActivityManager(  524): No longer want com.google.android.email (pid 1512): empty #17
W/ActivityManager(  524): Unable to start service Intent { act=com.google.android.gms.analytics.service.START (has extras) } U=0: not found
I/ActivityManager(  524): No longer want com.google.android.exchange (pid 1529): empty #17
--------- beginning of /dev/log/main
D/dalvikvm( 2011): WAIT_FOR_CONCURRENT_GC blocked 23ms
D/dalvikvm(  936): GC_CONCURRENT freed 431K, 6% free 9218K/9744K, paused 1ms+2ms, total 16ms
D/dalvikvm( 2011): GC_CONCURRENT freed 512K, 6% free 10100K/10660K, paused 2ms+1ms, total 23ms
D/dalvikvm( 1175): GC_FOR_ALLOC freed 384K, 6% free 9452K/9968K, paused 12ms, total 13ms
D/dalvikvm( 2011): WAIT_FOR_CONCURRENT_GC blocked 13ms
D//Ln.java:218( 2011): main Configuring Logging, minimum log level is INFO
I/dalvikvm( 2011): Could not find method org.json.JSONTokener.<init>, referenced from method com.groupon.http.synchronous.SyncHttp.getResultFromStream
W/dalvikvm( 2011): VFY: unable to resolve direct method 44506: Lorg/json/JSONTokener;.<init> (Ljava/io/Reader;)V
D/dalvikvm( 2011): VFY: replacing opcode 0x70 at 0x004b
I/dalvikvm( 2011): Could not find method org.json.JSONTokener.<init>, referenced from method com.groupon.http.synchronous.SyncHttp.getResultFromStream
W/dalvikvm( 2011): VFY: unable to resolve direct method 44506: Lorg/json/JSONTokener;.<init> (Ljava/io/Reader;)V
D/dalvikvm( 2011): VFY: replacing opcode 0x70 at 0x0060
D/ThermalDaemon(  182): Sensor 'tsens_tz_sensor8' - alarm raised 1 at 61.0 degC
D/ThermalDaemon(  182): Sensor 'tsens_tz_sensor9' - alarm raised 1 at 60.0 degC
D/ThermalDaemon(  182): Sensor 'tsens_tz_sensor7' - alarm raised 1 at 61.0 degC
D/ThermalDaemon(  182): Sensor 'tsens_tz_sensor10' - alarm raised 1 at 62.0 degC
D/dalvikvm( 1175): GC_CONCURRENT freed 409K, 6% free 9437K/9968K, paused 2ms+9ms, total 30ms
D/dalvikvm( 2011): GC_FOR_ALLOC freed 345K, 5% free 10128K/10660K, paused 21ms, total 21ms
D/GCMRegistrar( 1175): resetting backoff for com.dhingana.free.app
D/dalvikvm( 2011): GC_FOR_ALLOC freed 2K, 5% free 10143K/10660K, paused 18ms, total 18ms
V/GCMRegistrar( 1175): Registering app com.dhingana.free.app of senders 87581550005
D/com.groupon.tracking.mobile.internal.LogClient( 2011): Creating new file mobile-event1380462351254_292.log.tmp
D/com.groupon.tracking.mobile.sdk.LoggerClientListener( 2011): Writing header
D/dalvikvm( 2011): GC_FOR_ALLOC freed 116K, 5% free 10196K/10680K, paused 19ms, total 19ms
D/dalvikvm( 2011): GC_CONCURRENT freed 460K, 5% free 10247K/10744K, paused 3ms+2ms, total 23ms
D/dalvikvm( 2011): WAIT_FOR_CONCURRENT_GC blocked 5ms
E/C2DMRegistrar(  845): [C2DMReg] handleRequest caught javax.net.ssl.SSLPeerUnverifiedException: Cannot verify hostname: android.clients.google.com
D/LoggerClientListener( 2011): package number292
D/dalvikvm( 2011): GC_CONCURRENT freed 373K, 4% free 10384K/10796K, paused 3ms+2ms, total 26ms
D/dalvikvm( 2011): WAIT_FOR_CONCURRENT_GC blocked 10ms
D/dalvikvm( 2011): WAIT_FOR_CONCURRENT_GC blocked 10ms
D/dalvikvm( 2011): WAIT_FOR_CONCURRENT_GC blocked 11ms
D/dalvikvm(  936): GC_CONCURRENT freed 400K, 6% free 9224K/9744K, paused 2ms+3ms, total 16ms
D/dalvikvm( 2011): GC_CONCURRENT freed 342K, 4% free 10447K/10828K, paused 1ms+1ms, total 24ms
D/Groupon APID( 2011): null
I/Crittercism( 2011): Crittercism APM is currently only allowed for api levels 4 to 17.  APM will not be installed
I/CrittercismInstance( 2011): Crittercism Initialized.
D/FiksuTracking( 2011): ForegroundTester thread started, process: 2011
I/COM.GROUPON( 2011): 06:45:51.639 Will schedule download of daily deal for Mon Sep 30 04:37:51 PDT 2013
I/COM.GROUPON( 2011): 06:45:51.653 NST Halting log uploading due to three consecutive failures.
D/dalvikvm( 2011): GC_CONCURRENT freed 343K, 4% free 10610K/10996K, paused 3ms+5ms, total 30ms
I/ActivityManager(  524): Start proc com.evernote for broadcast com.evernote/.BootReceiver: pid=2061 uid=10085 gids={50085, 3003, 1015, 1006, 1028}
I/ActivityManager(  524): No longer want android.process.acore (pid 694): empty #17
D/dalvikvm(  936): GC_CONCURRENT freed 405K, 6% free 9220K/9744K, paused 1ms+2ms, total 15ms
I/ReleaseProperties( 2061): Current app is: evernote
I/ReleaseProperties( 2061): propFile: release is now loaded
I/ReleaseProperties( 2061): propFile: play is now loaded
I/ReleaseProperties( 2061): propFile: base is now loaded
I/ReleaseProperties( 2061): propFile: override is now loaded
I/ReleaseProperties( 2061): ReleaseProperties: 
I/ReleaseProperties( 2061):   bundleName=google-play
I/ReleaseProperties( 2061):   revision=master_988
I/ReleaseProperties( 2061):   type=public
I/ReleaseProperties( 2061):   gitHash=d5230d82bb4cfa29ccae0954eef4b362f3253f14
I/ReleaseProperties( 2061):   baseSearchUri=market://search?q=
D/ReleaseProperties( 2061): getReferralPersistencePath():: old=false:: path=/storage/emulated/0/.enref
