D/PhotoView( 3364): compensation = 0, CameraRelativeFrame = Rect(0, 0 - 0, 0), mCameraRect = Rect(0, 0 - 0, 0)
W/IInputConnectionWrapper( 4312): showStatusIcon on inactive InputConnection
I/ActivityManager(  524): Displayed com.google.android.gallery3d/com.android.camera.CameraActivity: +335ms
D/dalvikvm( 3364): GC_FOR_ALLOC freed 28K, 3% free 27324K/27948K, paused 18ms, total 18ms
E/mm-camera(  198): vfe_ops_init: E
E/mm-camera(  198): vfe_legacy_stats_buffer_init: AEC_STATS_BUFNUM
E/mm-camera(  198): vfe_legacy_stats_buffer_init: AEC_STATS_BUFNUM
E/mm-camera(  198): mctl_init_stats_proc_info: snap_max_line_cnt =30096
V/CAM_PhotoModule( 3364): Preview size is 640x480
D/dalvikvm( 2165): GC_CONCURRENT freed 403K, 5% free 10429K/10872K, paused 18ms+2ms, total 45ms
I/CAM_ScreenNail( 3364): preview layout size: 768/1112
I/CAM_ScreenNail( 3364): aspect ratio clamping disabled
V/CAM_PhotoModule( 3364): Preview size is 640x480
I/CAM_ScreenNail( 3364): aspect ratio clamping disabled
I/CAM_ScreenNail( 3364): aspect ratio clamping enabled, surfaceTexture scale: 0.92086333, 1.0
I/GLRootView( 3364): layout content pane 1112x768 (compensation 0)
D/PhotoView( 3364): compensation = 0, CameraRelativeFrame = Rect(0, 0 - 0, 0), mCameraRect = Rect(0, 0 - 0, 0)
V/CAM_PhotoModule( 3364): startPreview
E/QCameraHWI(  174): android::status_t android::QCameraHardwareInterface::setPreviewWindow(preview_stream_ops_t*): mPreviewWindow = 0x0xb70795b8, mStreamDisplay = 0x0xb7046528
D/QCameraHWI(  174): android::status_t android::QCameraHardwareInterface::startPreview():  start preview now
I/QCameraHWI(  174): android::status_t android::QCameraHardwareInterface::startPreview2():Setting ZSL mode
E/mm-camera(  198): config_proc_CAMERA_SET_INFORM_STARTPREVIEW
E/mm-camera(  198): config_proc_CAMERA_SET_INFORM_STARTPREVIEW : AF_SET_INFORM_STARTPREVIEW!
E/mm-camera(  198): config_update_stream_info Storing stream parameters for video inst 1 as : width = 640, height 480, format = 1 inst_handle = 810081 cid = 0
E/mm-camera(  198): config_update_stream_info Storing stream parameters for video inst 3 as : width = 3264, height 2448, format = 1 inst_handle = 830083 cid = 0
E/mm-camera(  198): config_update_stream_info Storing stream parameters for video inst 4 as : width = 512, height 384, format = 1 inst_handle = 840084 cid = 0
E/mm-camera(  198): config_decide_vfe_outputs: Ports Used 3, Op mode 1
E/mm-camera(  198): config_decide_vfe_outputs Current mode 0 Full size streaming : Disabled
E/mm-camera(  198): config_decide_vfe_outputs: Primary: 3264x2448, extra_pad: 0x0, Fmt: 1, Type: 3, Path: 4
E/mm-camera(  198): config_decide_vfe_outputs: Secondary: 640x480, extra_pad: 0x0, Fmt: 1, Type: 1, Path: 1
E/mm-camera(  198): config_update_inst_handles Updated the inst handles as 830083, 810081, 0, 0 
E/mm-camera(  198): sensor_load_chromatix: libchromatix_imx111_zsl.so: 26
E/mm-camera(  198): camif_client_set_params: camif has associated with obj mask 0x1
E/mm-camera(  198): config_v2_CAMERA_START_common CAMIF_PARAMS_ADD_OBJ_ID failed -1 
E/mm-camera(  198): vfe_operation_config: format 3
E/mm-camera(  198): vfe_operation_config:vfe_op_mode=5
E/mm-camera(  198): Invalid ASD Set Params Type
E/mm-camera(  198): vfe_set_bestshot: Bestshot mode not changed
E/mm-libcamera2(  174): PROFILE HAL: First preview frame received: 1380462688.483928961
E/QCameraHWI_Preview(  174): processPreviewFrameWithDisplay: buffer to be enqueued is not locked
E/QCameraHWI_Preview(  174): processPreviewFrameWithDisplay: buffer to be enqueued is not locked
D/dalvikvm(  524): GC_EXPLICIT freed 1097K, 15% free 19335K/22512K, paused 2ms+6ms, total 135ms
D/dalvikvm( 3364): null clazz in OP_INSTANCE_OF, single-stepping
D/dalvikvm( 2235): GC_CONCURRENT freed 387K, 5% free 9569K/10072K, paused 2ms+2ms, total 32ms
D/audio_hw_primary(  174): start_output_stream: enter: usecase(1: low-latency-playback) devices(0x2)
D/audio_hw_primary(  174): select_devices: out_snd_device(2: speaker) in_snd_device(0: none)
D/audio_hw_primary(  174): enable_snd_device: sending audio calibration for snd_device(2) acdb_id(14)
D/ACDB-LOADER(  174): ACDB -> send_afe_cal
D/audio_hw_primary(  174): enable_snd_device: snd_device(2: speaker)
D/audio_hw_primary(  174): enable_audio_route: apply mixer path: low-latency-playback
V/CAM_PhotoModule( 3364): stopPreview
E/mm-libcamera2(  174): PROFILE HAL: stopPreview(): E: 1380462700.685821223
E/mm-camera(  198): config_MSG_ID_STOP_ACK: streamon_mask is not clear. Should not call PP_Release_HW
D/audio_hw_primary(  174): start_output_stream: exit
E/mm-libcamera2(  174): PROFILE HAL: stopPreview(): E: 1380462700.696839079
E/QCameraHWI(  174): android::status_t android::QCameraHardwareInterface::setPreviewWindow(preview_stream_ops_t*):Received Setting NULL preview window
E/QCameraHWI(  174): android::status_t android::QCameraHardwareInterface::setPreviewWindow(preview_stream_ops_t*): mPreviewWindow = 0x0x0, mStreamDisplay = 0x0xb7046528
W/QCameraHWI_Preview(  174):  Setting NULL preview window 
I/CameraClient(  174): Destroying camera 0
E/mm-camera(  198): config_shutdown_pp Camera not in streaming mode. Returning. 
E/mm-camera(  198): vfe_ops_deinit: E
E/qcom_sensors_hal(  524): hal_process_report_ind: Bad item quality: 11 
W/AudioFlinger(  174): session id 35 not found for pid 174
W/AudioFlinger(  174): session id 36 not found for pid 174
V/StateManager( 3364): destroy
D/dalvikvm(  524): GC_FOR_ALLOC freed 867K, 13% free 19672K/22512K, paused 79ms, total 79ms
D/dalvikvm(  524): GC_FOR_ALLOC freed 762K, 13% free 19654K/22512K, paused 64ms, total 64ms
I/ActivityManager(  524): START u0 {act=com.android.systemui.recent.action.TOGGLE_RECENTS flg=0x10800000 cmp=com.android.systemui/.recent.RecentsActivity (has extras)} from pid 626
D/dalvikvm(  626): GC_CONCURRENT freed 17032K, 52% free 16178K/33244K, paused 2ms+7ms, total 51ms
D/dalvikvm(  626): WAIT_FOR_CONCURRENT_GC blocked 48ms
D/dalvikvm(  524): GC_FOR_ALLOC freed 755K, 13% free 19659K/22512K, paused 69ms, total 69ms
I/ActivityManager(  524): Displayed com.android.systemui/.recent.RecentsActivity: +107ms
D/dalvikvm(  626): GC_FOR_ALLOC freed 1905K, 56% free 14761K/33244K, paused 25ms, total 25ms
I/dalvikvm-heap(  626): Grow heap (frag case) to 20.997MB for 6869840-byte allocation
D/dalvikvm(  626): GC_CONCURRENT freed 5K, 36% free 21464K/33244K, paused 2ms+8ms, total 34ms
D/audio_hw_primary(  174): out_standby: enter: usecase(1: low-latency-playback)
D/audio_hw_primary(  174): stop_output_stream: enter: usecase(1: low-latency-playback)
D/audio_hw_primary(  174): disable_audio_route: reset mixer path: low-latency-playback
D/audio_hw_primary(  174): disable_snd_device: snd_device(2: speaker)
D/audio_hw_primary(  174): stop_output_stream: exit: status(0)
D/audio_hw_primary(  174): out_standby: exit
I/ActivityManager(  524): START u0 {act=android.intent.action.MAIN cat=[android.intent.category.HOME] flg=0x10200000 cmp=com.android.launcher/com.android.launcher2.Launcher} from pid 626
D/dalvikvm(  524): GC_FOR_ALLOC freed 1177K, 15% free 19303K/22512K, paused 66ms, total 67ms
I/dalvikvm(  819): Jit: resizing JitTable from 4096 to 8192
I/InputReader(  524): Reconfiguring input devices.  changes=0x00000004
I/InputReader(  524): Device reconfigured: id=6, name='touch_dev', size 768x1280, orientation 0, mode 1, display id 0
I/ActivityManager(  524): Config changes=1480 {1.0 310mcc260mnc en_US ldltr sw384dp w384dp h567dp 320dpi nrml port finger -keyb/v/h -nav/h s.7}
D/PhoneStatusBar(  626): mSettingsPanelGravity = 55
I/WindowManager(  524): Screen frozen for +197ms due to Window{42791780 u0 NavigationBar}
W/IInputConnectionWrapper(  626): showStatusIcon on inactive InputConnection
D/dalvikvm(  524): GC_EXPLICIT freed 810K, 13% free 19672K/22512K, paused 4ms+6ms, total 97ms
D/dalvikvm(  774): GC_CONCURRENT freed 617K, 8% free 10860K/11800K, paused 2ms+3ms, total 40ms
I/BlockchainServiceImpl( 2165): [main] History of transactions/blocks: 0/0, 0/0, 0/0, 0/1, 0/0, 0/1
I/BlockchainServiceImpl( 2165): [main] idling detected, stopping service
I/Peer    ( 2165): [New I/O worker #4] [31.7.63.145]:8333 - Socket is disconnected
D/dalvikvm( 2165): GC_CONCURRENT freed 366K, 4% free 10462K/10872K, paused 2ms+2ms, total 22ms
I/Peer    ( 2165): [New I/O worker #7] [14.202.0.231]:8333 - Socket is disconnected
I/Peer    ( 2165): [New I/O worker #3] [88.22.47.192]:8333 - Socket is disconnected
I/Peer    ( 2165): [New I/O worker #8] [81.111.151.75]:8333 - Socket is disconnected
I/Peer    ( 2165): [New I/O worker #1] [129.21.50.203]:8333 - Socket is disconnected
I/Peer    ( 2165): [New I/O worker #6] [173.73.69.202]:8333 - Socket is disconnected
I/BlockchainServiceImpl( 2165): [main] peergroup stopped
I/BlockchainServiceImpl( 2165): [main] service was up for 6 minutes
E/kickstart(  553): Wrote to /sys/power/wake_lock
E/kickstart(  553): Received file "/dev/block/platform/msm_sdcc.1/by-name/m9kefs2"
E/kickstart(  553): 786432 bytes transferred in 0.188s (3.99 MBps)
E/kickstart(  553): Successfully downloaded files from target 
E/kickstart(  553): Wrote to /sys/power/wake_unlock
E/kickstart(  553): Sahara protocol completed
I/PowerManagerService(  524): Going to sleep due to screen timeout...
I/WindowManager(  524): No lock screen!
D/SurfaceFlinger(  171): Screen released, type=0 flinger=0xb7098478
D/audio_hw_primary(  174): adev_set_parameters: enter: screen_state=on
D/audio_hw_primary(  174): adev_set_parameters: exit with code(-2)
D/SurfaceControl(  524): Excessive delay in blankDisplay() while turning screen off: 173ms
W/Settings( 1339): Setting wifi_sleep_policy has moved from android.provider.Settings.System to android.provider.Settings.Global, returning read-only value.
I/WindowManager(  524): Screenshot Window{4298ab68 u0 com.android.launcher/com.android.launcher2.Launcher} was all black! mSurfaceLayer=21025 minLayer=21020 maxLayer=21025
D/dalvikvm( 1339): GC_CONCURRENT freed 1476K, 10% free 14034K/15548K, paused 6ms+4ms, total 56ms
D/dalvikvm(  524): GC_FOR_ALLOC freed 1322K, 13% free 19674K/22512K, paused 64ms, total 64ms
D/dalvikvm(  792): GC_CONCURRENT freed 336K, 4% free 9376K/9748K, paused 3ms+2ms, total 24ms
D/audio_hw_primary(  174): adev_set_parameters: enter: screen_state=off
D/audio_hw_primary(  174): adev_set_parameters: exit with code(-2)
D/NfcService(  801): NFC-C OFF
D/YouTube ( 3421): youtube.app.prefetch.g.onReceive:367 Received: android.intent.action.SCREEN_OFF
W/IdleConnectionHandler( 1339): Removing a connection that never existed!
W/IdleConnectionHandler( 1339): Removing a connection that never existed!
W/IdleConnectionHandler( 1339): Removing a connection that never existed!
W/System.err( 4312): java.net.SocketException: sendto failed: EPIPE (Broken pipe)
W/System.err( 4312): 	at libcore.io.IoBridge.maybeThrowAfterSendto(IoBridge.java:499)
W/System.err( 4312): 	at libcore.io.IoBridge.sendto(IoBridge.java:468)
W/System.err( 4312): 	at java.net.PlainSocketImpl.write(PlainSocketImpl.java:507)
W/System.err( 4312): 	at java.net.PlainSocketImpl.access$100(PlainSocketImpl.java:46)
W/System.err( 4312): 	at java.net.PlainSocketImpl$PlainSocketOutputStream.write(PlainSocketImpl.java:269)
W/System.err( 4312): 	at org.apache.http.impl.io.AbstractSessionOutputBuffer.write(AbstractSessionOutputBuffer.java:109)
W/System.err( 4312): 	at org.apache.http.impl.io.ContentLengthOutputStream.write(ContentLengthOutputStream.java:113)
W/System.err( 4312): 	at org.apache.http.entity.mime.content.FileBody.writeTo(FileBody.java:120)
W/System.err( 4312): 	at org.apache.http.entity.mime.AbstractMultipartForm.doWriteTo(AbstractMultipartForm.java:150)
W/System.err( 4312): 	at org.apache.http.entity.mime.AbstractMultipartForm.writeTo(AbstractMultipartForm.java:173)
W/System.err( 4312): 	at org.apache.http.entity.mime.MultipartFormEntity.writeTo(MultipartFormEntity.java:97)
W/System.err( 4312): 	at org.apache.http.impl.entity.EntitySerializer.serialize(EntitySerializer.java:97)
W/System.err( 4312): 	at org.apache.http.impl.AbstractHttpClientConnection.sendRequestEntity(AbstractHttpClientConnection.java:162)
W/System.err( 4312): 	at org.apache.http.impl.conn.AbstractClientConnAdapter.sendRequestEntity(AbstractClientConnAdapter.java:272)
W/System.err( 4312): 	at org.apache.http.protocol.HttpRequestExecutor.doSendRequest(HttpRequestExecutor.java:237)
W/System.err( 4312): 	at org.apache.http.protocol.HttpRequestExecutor.execute(HttpRequestExecutor.java:119)
W/System.err( 4312): 	at org.apache.http.impl.client.DefaultRequestDirector.execute(DefaultRequestDirector.java:428)
W/System.err( 4312): 	at org.apache.http.impl.client.AbstractHttpClient.execute(AbstractHttpClient.java:555)
W/System.err( 4312): 	at org.apache.http.impl.client.AbstractHttpClient.execute(AbstractHttpClient.java:487)
W/System.err( 4312): 	at com.example.hashvoice.CameraMainActivity.post(CameraMainActivity.java:284)
W/System.err( 4312): 	at com.example.hashvoice.CameraMainActivity$1.run(CameraMainActivity.java:165)
W/System.err( 4312): Caused by: libcore.io.ErrnoException: sendto failed: EPIPE (Broken pipe)
W/System.err( 4312): 	at libcore.io.Posix.sendtoBytes(Native Method)
W/System.err( 4312): 	at libcore.io.Posix.sendto(Posix.java:155)
W/System.err( 4312): 	at libcore.io.BlockGuardOs.sendto(BlockGuardOs.java:177)
W/System.err( 4312): 	at libcore.io.IoBridge.sendto(IoBridge.java:466)
W/System.err( 4312): 	... 19 more
D/dalvikvm(  524): GC_FOR_ALLOC freed 573K, 11% free 20093K/22512K, paused 81ms, total 81ms
I/ActivityManager(  524): Start proc com.google.android.deskclock for service com.google.android.deskclock/com.android.alarmclock.DigitalAppWidgetService: pid=4827 uid=10014 gids={50014, 1028}
D/dalvikvm(  524): GC_FOR_ALLOC freed 40K, 8% free 21108K/22924K, paused 66ms, total 66ms
V/KeyguardHostView(  524): hide transport, gen:8
V/KeyguardHostView(  524): music state changed: 0
D/PhoneStatusBar(  626): disable: < expand icons alerts ticker system_info back home RECENT* clock search >
V/KeyguardHostView(  524): hide transport, gen:8
V/KeyguardHostView(  524): music state changed: 0
V/TAG     (  524): bug 7643792: fitSystemWindows([0,50][0,0])
D/PhoneStatusBar(  626): disable: < expand icons alerts ticker system_info BACK* HOME* RECENT CLOCK* search >
I/PowerManagerService(  524): Waking up from sleep...
D/SurfaceFlinger(  171): Screen acquired, type=0 flinger=0xb7098478
I/WindowManager(  524): Lock screen displayed!
D/audio_hw_primary(  174): adev_set_parameters: enter: screen_state=on
D/audio_hw_primary(  174): adev_set_parameters: exit with code(-2)
W/Settings( 3744): Setting wifi_sleep_policy has moved from android.provider.Settings.System to android.provider.Settings.Global, returning read-only value.
V/DigitalWidgetViewsFactory( 4827): DigitalWidget sets next alarm string to null
D/audio_hw_primary(  174): start_output_stream: enter: usecase(1: low-latency-playback) devices(0x2)
D/audio_hw_primary(  174): select_devices: out_snd_device(2: speaker) in_snd_device(0: none)
D/audio_hw_primary(  174): enable_snd_device: sending audio calibration for snd_device(2) acdb_id(14)
D/ACDB-LOADER(  174): ACDB -> send_afe_cal
D/audio_hw_primary(  174): enable_snd_device: snd_device(2: speaker)
D/audio_hw_primary(  174): enable_audio_route: apply mixer path: low-latency-playback
D/audio_hw_primary(  174): start_output_stream: exit
D/PhoneStatusBar(  626): disable: < expand icons alerts ticker system_info BACK HOME recent* CLOCK search >
D/YouTube ( 3421): youtube.app.prefetch.g.onReceive:367 Received: android.intent.action.USER_PRESENT
W/InputMethodManagerService(  524): Window already focused, ignoring focus gain of: com.android.internal.view.IInputMethodClient$Stub$Proxy@425cd978 attribute=android.view.inputmethod.EditorInfo@42950438, token = android.os.BinderProxy@4298a8f8
D/NfcService(  801): NFC-C ON
I/USERIAL_LINUX(  801): USERIAL_Open(): enter
I/USERIAL_LINUX(  801): USERIAL_Open() device: /dev/bcm2079x-i2c port=5, uart_port=0 WAKE_DELAY(20) WRITE_DELAY(20) POWER_ON_DELAY(300) PRE_POWER_OFF_DELAY(10) POST_POWER_OFF_DELAY(0)
D/PhoneStatusBar(  626): disable: < expand icons alerts ticker system_info back* home* recent clock* search >
D/dalvikvm( 3421): GC_CONCURRENT freed 297K, 4% free 9491K/9832K, paused 12ms+4ms, total 32ms
V/TAG     (  524): bug 7643792: fitSystemWindows([0,50][0,0])
I/USERIAL_LINUX(  801): USERIAL_Open(): exit
D/audio_hw_primary(  174): out_standby: enter: usecase(1: low-latency-playback)
D/audio_hw_primary(  174): stop_output_stream: enter: usecase(1: low-latency-playback)
D/audio_hw_primary(  174): disable_audio_route: reset mixer path: low-latency-playback
D/audio_hw_primary(  174): disable_snd_device: snd_device(2: speaker)
D/audio_hw_primary(  174): stop_output_stream: exit: status(0)
D/audio_hw_primary(  174): out_standby: exit
D/AndroidRuntime( 4902): 
D/AndroidRuntime( 4902): >>>>>> AndroidRuntime START com.android.internal.os.RuntimeInit <<<<<<
D/AndroidRuntime( 4902): CheckJNI is OFF
D/dalvikvm( 4902): Trying to load lib libjavacore.so 0x0
D/dalvikvm( 4902): Added shared lib libjavacore.so 0x0
D/dalvikvm( 4902): Trying to load lib libnativehelper.so 0x0
D/dalvikvm( 4902): Added shared lib libnativehelper.so 0x0
D/AndroidRuntime( 4902): Calling main entry com.android.commands.pm.Pm
W/ActivityManager(  524): No content provider found for permission revoke: file:///data/local/tmp/HashVoice.apk
D/Finsky  ( 1862): [1] PackageVerificationReceiver.onReceive: Verification requested, id = 1
D/Finsky  ( 1862): [1] WorkerTask.onPreExecute: Verification Requested for id = 1, data=file:///data/local/tmp/HashVoice.apk flags=114 fromVerificationActivity=false
I/qtaguid ( 1862): Failed write_ctrl(u 61) res=-1 errno=22
I/qtaguid ( 1862): Untagging socket 61 failed errno=-22
W/NetworkManagementSocketTagger( 1862): untagSocket(61) failed with errno -22
I/ElegantRequestDirector( 1862): I/O exception (org.apache.http.NoHttpResponseException) caught when processing request: The target server failed to respond
I/ElegantRequestDirector( 1862): Retrying request
D/dalvikvm( 1862): GC_CONCURRENT freed 1146K, 10% free 11907K/13096K, paused 3ms+4ms, total 64ms
D/Finsky  ( 1862): [1] 2.onResponse: Verification id=1 response=0
D/Finsky  ( 1862): [1] PackageVerificationReceiver.onReceive: Verification requested, id = 1
W/ActivityManager(  524): No content provider found for permission revoke: file:///data/local/tmp/HashVoice.apk
I/PackageManager(  524): Copying native libraries to /data/app-lib/vmdl-951249553
I/ActivityManager(  524): Force stopping package com.example.hashvoice appid=10117 user=-1
I/ActivityManager(  524): Killing proc 4312:com.example.hashvoice/u0a10117: force stop com.example.hashvoice
I/ActivityManager(  524):   Force finishing activity ActivityRecord{426f75d0 u0 com.example.hashvoice/.HashVoice}
I/ActivityManager(  524):   Force finishing activity ActivityRecord{429a2c08 u0 com.example.hashvoice/.WebViewActivity}
I/ActivityManager(  524):   Force finishing activity ActivityRecord{429b61f0 u0 com.example.hashvoice/.CameraMainActivity}
I/WindowState(  524): WIN DEATH: Window{429e41a0 u0 com.example.hashvoice/com.example.hashvoice.WebViewActivity}
I/WindowState(  524): WIN DEATH: Window{429f8d58 u0 com.example.hashvoice/com.example.hashvoice.CameraMainActivity}
I/WindowState(  524): WIN DEATH: Window{4296be08 u0 com.example.hashvoice/com.example.hashvoice.HashVoice}
I/PackageManager(  524): Running dexopt on: com.example.hashvoice
I/PackageManager(  524): Package com.example.hashvoice codePath changed from /data/app/com.example.hashvoice-1.apk to /data/app/com.example.hashvoice-2.apk; Retaining data and using new
D/dalvikvm( 4931): DexOpt: 'Lorg/apache/http/ConnectionClosedException;' has an earlier definition; blocking out
D/dalvikvm( 4931): DexOpt: 'Lorg/apache/http/ConnectionReuseStrategy;' has an earlier definition; blocking out
D/dalvikvm( 4931): DexOpt: 'Lorg/apache/http/Header;' has an earlier definition; blocking out
D/dalvikvm( 4931): DexOpt: 'Lorg/apache/http/HeaderElement;' has an earlier definition; blocking out
D/dalvikvm( 4931): DexOpt: 'Lorg/apache/http/HeaderElementIterator;' has an earlier definition; blocking out
D/dalvikvm( 4931): DexOpt: 'Lorg/apache/http/HeaderIterator;' has an earlier definition; blocking out
D/dalvikvm( 4931): DexOpt: 'Lorg/apache/http/HttpConnection;' has an earlier definition; blocking out
D/dalvikvm( 4931): DexOpt: 'Lorg/apache/http/HttpConnectionMetrics;' has an earlier definition; blocking out
D/dalvikvm( 4931): DexOpt: 'Lorg/apache/http/HttpEntity;' has an earlier definition; blocking out
D/dalvikvm( 4931): DexOpt: 'Lorg/apache/http/HttpException;' has an earlier definition; blocking out
D/dalvikvm( 4931): DexOpt: 'Lorg/apache/http/HttpHost;' has an earlier definition; blocking out
D/dalvikvm( 4931): DexOpt: 'Lorg/apache/http/HttpMessage;' has an earlier definition; blocking out
D/dalvikvm( 4931): DexOpt: 'Lorg/apache/http/HttpRequestFactory;' has an earlier definition; blocking out
D/dalvikvm( 4931): DexOpt: 'Lorg/apache/http/HttpRequestInterceptor;' has an earlier definition; blocking out
D/dalvikvm( 4931): DexOpt: 'Lorg/apache/http/HttpResponseFactory;' has an earlier definition; blocking out
D/dalvikvm( 4931): DexOpt: 'Lorg/apache/http/HttpResponseInterceptor;' has an earlier definition; blocking out
D/dalvikvm( 4931): DexOpt: 'Lorg/apache/http/HttpStatus;' has an earlier definition; blocking out
D/dalvikvm( 4931): DexOpt: 'Lorg/apache/http/MalformedChunkCodingException;' has an earlier definition; blocking out
D/dalvikvm( 4931): DexOpt: 'Lorg/apache/http/NameValuePair;' has an earlier definition; blocking out
D/dalvikvm( 4931): DexOpt: 'Lorg/apache/http/NoHttpResponseException;' has an earlier definition; blocking out
D/dalvikvm( 4931): DexOpt: 'Lorg/apache/http/ParseException;' has an earlier definition; blocking out
D/dalvikvm( 4931): DexOpt: 'Lorg/apache/http/ProtocolVersion;' has an earlier definition; blocking out
D/dalvikvm( 4931): DexOpt: 'Lorg/apache/http/ReasonPhraseCatalog;' has an earlier definition; blocking out
D/dalvikvm( 4931): DexOpt: 'Lorg/apache/http/RequestLine;' has an earlier definition; blocking out
D/dalvikvm( 4931): DexOpt: 'Lorg/apache/http/StatusLine;' has an earlier definition; blocking out
D/dalvikvm( 4931): DexOpt: 'Lorg/apache/http/TokenIterator;' has an earlier definition; blocking out
D/dalvikvm( 4931): DexOpt: 'Lorg/apache/http/entity/ContentLengthStrategy;' has an earlier definition; blocking out
D/dalvikvm( 4931): DexOpt: 'Lorg/apache/http/entity/ContentProducer;' has an earlier definition; blocking out
D/dalvikvm( 4931): DexOpt: 'Lorg/apache/http/impl/entity/EntityDeserializer;' has an earlier definition; blocking out
D/dalvikvm( 4931): DexOpt: 'Lorg/apache/http/impl/entity/EntitySerializer;' has an earlier definition; blocking out
D/dalvikvm( 4931): DexOpt: 'Lorg/apache/http/impl/io/ChunkedInputStream;' has an earlier definition; blocking out
D/dalvikvm( 4931): DexOpt: 'Lorg/apache/http/impl/io/ChunkedOutputStream;' has an earlier definition; blocking out
D/dalvikvm( 4931): DexOpt: 'Lorg/apache/http/impl/io/ContentLengthInputStream;' has an earlier definition; blocking out
D/dalvikvm( 4931): DexOpt: 'Lorg/apache/http/impl/io/ContentLengthOutputStream;' has an earlier definition; blocking out
D/dalvikvm( 4931): DexOpt: 'Lorg/apache/http/impl/io/IdentityInputStream;' has an earlier definition; blocking out
D/dalvikvm( 4931): DexOpt: 'Lorg/apache/http/impl/io/IdentityOutputStream;' has an earlier definition; blocking out
D/dalvikvm( 4931): DexOpt: 'Lorg/apache/http/io/HttpMessageParser;' has an earlier definition; blocking out
D/dalvikvm( 4931): DexOpt: 'Lorg/apache/http/io/HttpMessageWriter;' has an earlier definition; blocking out
D/dalvikvm( 4931): DexOpt: 'Lorg/apache/http/io/HttpTransportMetrics;' has an earlier definition; blocking out
D/dalvikvm( 4931): DexOpt: 'Lorg/apache/http/io/SessionInputBuffer;' has an earlier definition; blocking out
D/dalvikvm( 4931): DexOpt: 'Lorg/apache/http/io/SessionOutputBuffer;' has an earlier definition; blocking out
D/dalvikvm( 4931): DexOpt: 'Lorg/apache/http/message/HeaderGroup;' has an earlier definition; blocking out
D/dalvikvm( 4931): DexOpt: 'Lorg/apache/http/message/HeaderValueFormatter;' has an earlier definition; blocking out
D/dalvikvm( 4931): DexOpt: 'Lorg/apache/http/message/HeaderValueParser;' has an earlier definition; blocking out
D/dalvikvm( 4931): DexOpt: 'Lorg/apache/http/message/LineFormatter;' has an earlier definition; blocking out
D/dalvikvm( 4931): DexOpt: 'Lorg/apache/http/message/LineParser;' has an earlier definition; blocking out
D/dalvikvm( 4931): DexOpt: 'Lorg/apache/http/message/ParserCursor;' has an earlier definition; blocking out
D/dalvikvm( 4931): DexOpt: 'Lorg/apache/http/params/CoreConnectionPNames;' has an earlier definition; blocking out
D/dalvikvm( 4931): DexOpt: 'Lorg/apache/http/params/CoreProtocolPNames;' has an earlier definition; blocking out
D/dalvikvm( 4931): DexOpt: 'Lorg/apache/http/params/HttpAbstractParamBean;' has an earlier definition; blocking out
D/dalvikvm( 4931): DexOpt: 'Lorg/apache/http/params/HttpParams;' has an earlier definition; blocking out
D/dalvikvm( 4931): DexOpt: 'Lorg/apache/http/protocol/ExecutionContext;' has an earlier definition; blocking out
D/dalvikvm( 4931): DexOpt: 'Lorg/apache/http/protocol/HTTP;' has an earlier definition; blocking out
D/dalvikvm( 4931): DexOpt: 'Lorg/apache/http/protocol/HttpContext;' has an earlier definition; blocking out
D/dalvikvm( 4931): DexOpt: 'Lorg/apache/http/protocol/HttpDateGenerator;' has an earlier definition; blocking out
D/dalvikvm( 4931): DexOpt: 'Lorg/apache/http/protocol/HttpExpectationVerifier;' has an earlier definition; blocking out
D/dalvikvm( 4931): DexOpt: 'Lorg/apache/http/protocol/HttpRequestExecutor;' has an earlier definition; blocking out
D/dalvikvm( 4931): DexOpt: 'Lorg/apache/http/protocol/HttpRequestHandler;' has an earlier definition; blocking out
D/dalvikvm( 4931): DexOpt: 'Lorg/apache/http/protocol/HttpRequestHandlerResolver;' has an earlier definition; blocking out
D/dalvikvm( 4931): DexOpt: 'Lorg/apache/http/protocol/HttpRequestInterceptorList;' has an earlier definition; blocking out
D/dalvikvm( 4931): DexOpt: 'Lorg/apache/http/protocol/HttpResponseInterceptorList;' has an earlier definition; blocking out
D/dalvikvm( 4931): DexOpt: 'Lorg/apache/http/protocol/HttpService;' has an earlier definition; blocking out
D/dalvikvm( 4931): DexOpt: 'Lorg/apache/http/protocol/UriPatternMatcher;' has an earlier definition; blocking out
D/dalvikvm( 4931): DexOpt: 'Lorg/apache/http/util/ByteArrayBuffer;' has an earlier definition; blocking out
D/dalvikvm( 4931): DexOpt: 'Lorg/apache/http/util/CharArrayBuffer;' has an earlier definition; blocking out
D/dalvikvm( 4931): DexOpt: 'Lorg/apache/http/util/EncodingUtils;' has an earlier definition; blocking out
D/dalvikvm( 4931): DexOpt: 'Lorg/apache/http/util/EntityUtils;' has an earlier definition; blocking out
D/dalvikvm( 4931): DexOpt: 'Lorg/apache/http/util/ExceptionUtils;' has an earlier definition; blocking out
D/dalvikvm( 4931): DexOpt: 'Lorg/apache/http/util/LangUtils;' has an earlier definition; blocking out
D/dalvikvm( 4931): DexOpt: 'Lorg/apache/http/util/VersionInfo;' has an earlier definition; blocking out
D/dalvikvm( 4931): DexOpt: 'Lorg/apache/http/FormattedHeader;' has an earlier definition; blocking out
D/dalvikvm( 4931): DexOpt: 'Lorg/apache/http/HttpClientConnection;' has an earlier definition; blocking out
D/dalvikvm( 4931): DexOpt: 'Lorg/apache/http/HttpInetConnection;' has an earlier definition; blocking out
D/dalvikvm( 4931): DexOpt: 'Lorg/apache/http/HttpRequest;' has an earlier definition; blocking out
D/dalvikvm( 4931): DexOpt: 'Lorg/apache/http/HttpResponse;' has an earlier definition; blocking out
D/dalvikvm( 4931): DexOpt: 'Lorg/apache/http/HttpServerConnection;' has an earlier definition; blocking out
D/dalvikvm( 4931): DexOpt: 'Lorg/apache/http/HttpVersion;' has an earlier definition; blocking out
D/dalvikvm( 4931): DexOpt: 'Lorg/apache/http/MethodNotSupportedException;' has an earlier definition; blocking out
D/dalvikvm( 4931): DexOpt: 'Lorg/apache/http/ProtocolException;' has an earlier definition; blocking out
D/dalvikvm( 4931): DexOpt: 'Lorg/apache/http/entity/AbstractHttpEntity;' has an earlier definition; blocking out
D/dalvikvm( 4931): DexOpt: 'Lorg/apache/http/entity/HttpEntityWrapper;' has an earlier definition; blocking out
D/dalvikvm( 4931): DexOpt: 'Lorg/apache/http/impl/DefaultConnectionReuseStrategy;' has an earlier definition; blocking out
D/dalvikvm( 4931): DexOpt: 'Lorg/apache/http/impl/DefaultHttpRequestFactory;' has an earlier definition; blocking out
D/dalvikvm( 4931): DexOpt: 'Lorg/apache/http/impl/DefaultHttpResponseFactory;' has an earlier definition; blocking out
D/dalvikvm( 4931): DexOpt: 'Lorg/apache/http/impl/EnglishReasonPhraseCatalog;' has an earlier definition; blocking out
D/dalvikvm( 4931): DexOpt: 'Lorg/apache/http/impl/HttpConnectionMetricsImpl;' has an earlier definition; blocking out
D/dalvikvm( 4931): DexOpt: 'Lorg/apache/http/impl/NoConnectionReuseStrategy;' has an earlier definition; blocking out
D/dalvikvm( 4931): DexOpt: 'Lorg/apache/http/impl/entity/LaxContentLengthStrategy;' has an earlier definition; blocking out
D/dalvikvm( 4931): DexOpt: 'Lorg/apache/http/impl/entity/StrictContentLengthStrategy;' has an earlier definition; blocking out
D/dalvikvm( 4931): DexOpt: 'Lorg/apache/http/impl/io/AbstractMessageParser;' has an earlier definition; blocking out
D/dalvikvm( 4931): DexOpt: 'Lorg/apache/http/impl/io/AbstractMessageWriter;' has an earlier definition; blocking out
D/dalvikvm( 4931): DexOpt: 'Lorg/apache/http/impl/io/AbstractSessionInputBuffer;' has an earlier definition; blocking out
D/dalvikvm( 4931): DexOpt: 'Lorg/apache/http/impl/io/AbstractSessionOutputBuffer;' has an earlier definition; blocking out
D/dalvikvm( 4931): DexOpt: 'Lorg/apache/http/impl/io/HttpTransportMetricsImpl;' has an earlier definition; blocking out
D/dalvikvm( 4931): DexOpt: 'Lorg/apache/http/message/AbstractHttpMessage;' has an earlier definition; blocking out
D/dalvikvm( 4931): DexOpt: 'Lorg/apache/http/message/BasicHeader;' has an earlier definition; blocking out
D/dalvikvm( 4931): DexOpt: 'Lorg/apache/http/message/BasicHeaderElement;' has an earlier definition; blocking out
D/dalvikvm( 4931): DexOpt: 'Lorg/apache/http/message/BasicHeaderElementIterator;' has an earlier definition; blocking out
D/dalvikvm( 4931): DexOpt: 'Lorg/apache/http/message/BasicHeaderIterator;' has an earlier definition; blocking out
D/dalvikvm( 4931): DexOpt: 'Lorg/apache/http/message/BasicHeaderValueFormatter;' has an earlier definition; blocking out
D/dalvikvm( 4931): DexOpt: 'Lorg/apache/http/message/BasicHeaderValueParser;' has an earlier definition; blocking out
D/dalvikvm( 4931): DexOpt: 'Lorg/apache/http/message/BasicLineFormatter;' has an earlier definition; blocking out
D/dalvikvm( 4931): DexOpt: 'Lorg/apache/http/message/BasicLineParser;' has an earlier definition; blocking out
D/dalvikvm( 4931): DexOpt: 'Lorg/apache/http/message/BasicListHeaderIterator;' has an earlier definition; blocking out
D/dalvikvm( 4931): DexOpt: 'Lorg/apache/http/message/BasicNameValuePair;' has an earlier definition; blocking out
D/dalvikvm( 4931): DexOpt: 'Lorg/apache/http/message/BasicRequestLine;' has an earlier definition; blocking out
D/dalvikvm( 4931): DexOpt: 'Lorg/apache/http/message/BasicStatusLine;' has an earlier definition; blocking out
D/dalvikvm( 4931): DexOpt: 'Lorg/apache/http/message/BasicTokenIterator;' has an earlier definition; blocking out
D/dalvikvm( 4931): DexOpt: 'Lorg/apache/http/params/AbstractHttpParams;' has an earlier definition; blocking out
D/dalvikvm( 4931): DexOpt: 'Lorg/apache/http/params/HttpConnectionParamBean;' has an earlier definition; blocking out
D/dalvikvm( 4931): DexOpt: 'Lorg/apache/http/params/HttpConnectionParams;' has an earlier definition; blocking out
D/dalvikvm( 4931): DexOpt: 'Lorg/apache/http/params/HttpProtocolParamBean;' has an earlier definition; blocking out
D/dalvikvm( 4931): DexOpt: 'Lorg/apache/http/params/HttpProtocolParams;' has an earlier definition; blocking out
D/dalvikvm( 4931): DexOpt: 'Lorg/apache/http/protocol/BasicHttpContext;' has an earlier definition; blocking out
D/dalvikvm( 4931): DexOpt: 'Lorg/apache/http/protocol/DefaultedHttpContext;' has an earlier definition; blocking out
D/dalvikvm( 4931): DexOpt: 'Lorg/apache/http/protocol/HttpProcessor;' has an earlier definition; blocking out
D/dalvikvm( 4931): DexOpt: 'Lorg/apache/http/protocol/HttpRequestHandlerRegistry;' has an earlier definition; blocking out
D/dalvikvm( 4931): DexOpt: 'Lorg/apache/http/protocol/RequestConnControl;' has an earlier definition; blocking out
D/dalvikvm( 4931): DexOpt: 'Lorg/apache/http/protocol/RequestContent;' has an earlier definition; blocking out
D/dalvikvm( 4931): DexOpt: 'Lorg/apache/http/protocol/RequestDate;' has an earlier definition; blocking out
D/dalvikvm( 4931): DexOpt: 'Lorg/apache/http/protocol/RequestExpectContinue;' has an earlier definition; blocking out
D/dalvikvm( 4931): DexOpt: 'Lorg/apache/http/protocol/RequestTargetHost;' has an earlier definition; blocking out
D/dalvikvm( 4931): DexOpt: 'Lorg/apache/http/protocol/RequestUserAgent;' has an earlier definition; blocking out
D/dalvikvm( 4931): DexOpt: 'Lorg/apache/http/protocol/ResponseConnControl;' has an earlier definition; blocking out
D/dalvikvm( 4931): DexOpt: 'Lorg/apache/http/protocol/ResponseContent;' has an earlier definition; blocking out
D/dalvikvm( 4931): DexOpt: 'Lorg/apache/http/protocol/ResponseDate;' has an earlier definition; blocking out
D/dalvikvm( 4931): DexOpt: 'Lorg/apache/http/protocol/ResponseServer;' has an earlier definition; blocking out
D/dalvikvm( 4931): DexOpt: 'Lorg/apache/http/HttpEntityEnclosingRequest;' has an earlier definition; blocking out
D/dalvikvm( 4931): DexOpt: 'Lorg/apache/http/UnsupportedHttpVersionException;' has an earlier definition; blocking out
D/dalvikvm( 4931): DexOpt: 'Lorg/apache/http/entity/BasicHttpEntity;' has an earlier definition; blocking out
D/dalvikvm( 4931): DexOpt: 'Lorg/apache/http/entity/BufferedHttpEntity;' has an earlier definition; blocking out
D/dalvikvm( 4931): DexOpt: 'Lorg/apache/http/entity/ByteArrayEntity;' has an earlier definition; blocking out
D/dalvikvm( 4931): DexOpt: 'Lorg/apache/http/entity/EntityTemplate;' has an earlier definition; blocking out
D/dalvikvm( 4931): DexOpt: 'Lorg/apache/http/entity/FileEntity;' has an earlier definition; blocking out
D/dalvikvm( 4931): DexOpt: 'Lorg/apache/http/entity/InputStreamEntity;' has an earlier definition; blocking out
D/dalvikvm( 4931): DexOpt: 'Lorg/apache/http/entity/SerializableEntity;' has an earlier definition; blocking out
D/dalvikvm( 4931): DexOpt: 'Lorg/apache/http/entity/StringEntity;' has an earlier definition; blocking out
D/dalvikvm( 4931): DexOpt: 'Lorg/apache/http/impl/AbstractHttpClientConnection;' has an earlier definition; blocking out
D/dalvikvm( 4931): DexOpt: 'Lorg/apache/http/impl/AbstractHttpServerConnection;' has an earlier definition; blocking out
D/dalvikvm( 4931): DexOpt: 'Lorg/apache/http/impl/io/HttpRequestParser;' has an earlier definition; blocking out
D/dalvikvm( 4931): DexOpt: 'Lorg/apache/http/impl/io/HttpRequestWriter;' has an earlier definition; blocking out
D/dalvikvm( 4931): DexOpt: 'Lorg/apache/http/impl/io/HttpResponseParser;' has an earlier definition; blocking out
D/dalvikvm( 4931): DexOpt: 'Lorg/apache/http/impl/io/HttpResponseWriter;' has an earlier definition; blocking out
D/dalvikvm( 4931): DexOpt: 'Lorg/apache/http/impl/io/SocketInputBuffer;' has an earlier definition; blocking out
D/dalvikvm( 4931): DexOpt: 'Lorg/apache/http/impl/io/SocketOutputBuffer;' has an earlier definition; blocking out
D/dalvikvm( 4931): DexOpt: 'Lorg/apache/http/message/BasicHttpRequest;' has an earlier definition; blocking out
D/dalvikvm( 4931): DexOpt: 'Lorg/apache/http/message/BasicHttpResponse;' has an earlier definition; blocking out
D/dalvikvm( 4931): DexOpt: 'Lorg/apache/http/message/BufferedHeader;' has an earlier definition; blocking out
D/dalvikvm( 4931): DexOpt: 'Lorg/apache/http/params/BasicHttpParams;' has an earlier definition; blocking out
D/dalvikvm( 4931): DexOpt: 'Lorg/apache/http/params/DefaultedHttpParams;' has an earlier definition; blocking out
D/dalvikvm( 4931): DexOpt: 'Lorg/apache/http/protocol/BasicHttpProcessor;' has an earlier definition; blocking out
D/dalvikvm( 4931): DexOpt: 'Lorg/apache/http/protocol/SyncBasicHttpContext;' has an earlier definition; blocking out
D/dalvikvm( 4931): DexOpt: 'Lorg/apache/http/impl/SocketHttpClientConnection;' has an earlier definition; blocking out
D/dalvikvm( 4931): DexOpt: 'Lorg/apache/http/impl/SocketHttpServerConnection;' has an earlier definition; blocking out
D/dalvikvm( 4931): DexOpt: 'Lorg/apache/http/message/BasicHttpEntityEnclosingRequest;' has an earlier definition; blocking out
W/dalvikvm( 4931): Superclass of 'Lorg/apache/http/params/SyncBasicHttpParams;' is final 'Lorg/apache/http/params/BasicHttpParams;'
D/dalvikvm( 4931): DexOpt: 'Lorg/apache/http/impl/DefaultHttpClientConnection;' has an earlier definition; blocking out
D/dalvikvm( 4931): DexOpt: 'Lorg/apache/http/impl/DefaultHttpServerConnection;' has an earlier definition; blocking out
I/dalvikvm( 4931): DexOpt: not resolving ambiguous class 'Lorg/apache/http/message/BasicNameValuePair;'
I/dalvikvm( 4931): DexOpt: not resolving ambiguous class 'Lorg/apache/http/protocol/BasicHttpContext;'
I/dalvikvm( 4931): DexOpt: not resolving ambiguous class 'Lorg/apache/http/HttpResponse;'
D/dalvikvm( 4931): DexOpt: not verifying/optimizing 'Lorg/apache/http/ConnectionClosedException;': multiple definitions
D/dalvikvm( 4931): DexOpt: not verifying/optimizing 'Lorg/apache/http/ConnectionReuseStrategy;': multiple definitions
D/dalvikvm( 4931): DexOpt: not verifying/optimizing 'Lorg/apache/http/Header;': multiple definitions
D/dalvikvm( 4931): DexOpt: not verifying/optimizing 'Lorg/apache/http/HeaderElement;': multiple definitions
D/dalvikvm( 4931): DexOpt: not verifying/optimizing 'Lorg/apache/http/HeaderElementIterator;': multiple definitions
D/dalvikvm( 4931): DexOpt: not verifying/optimizing 'Lorg/apache/http/HeaderIterator;': multiple definitions
D/dalvikvm( 4931): DexOpt: not verifying/optimizing 'Lorg/apache/http/HttpConnection;': multiple definitions
D/dalvikvm( 4931): DexOpt: not verifying/optimizing 'Lorg/apache/http/HttpConnectionMetrics;': multiple definitions
D/dalvikvm( 4931): DexOpt: not verifying/optimizing 'Lorg/apache/http/HttpEntity;': multiple definitions
D/dalvikvm( 4931): DexOpt: not verifying/optimizing 'Lorg/apache/http/HttpException;': multiple definitions
D/dalvikvm( 4931): DexOpt: not verifying/optimizing 'Lorg/apache/http/HttpHost;': multiple definitions
D/dalvikvm( 4931): DexOpt: not verifying/optimizing 'Lorg/apache/http/HttpMessage;': multiple definitions
D/dalvikvm( 4931): DexOpt: not verifying/optimizing 'Lorg/apache/http/HttpRequestFactory;': multiple definitions
D/dalvikvm( 4931): DexOpt: not verifying/optimizing 'Lorg/apache/http/HttpRequestInterceptor;': multiple definitions
D/dalvikvm( 4931): DexOpt: not verifying/optimizing 'Lorg/apache/http/HttpResponseFactory;': multiple definitions
D/dalvikvm( 4931): DexOpt: not verifying/optimizing 'Lorg/apache/http/HttpResponseInterceptor;': multiple definitions
D/dalvikvm( 4931): DexOpt: not verifying/optimizing 'Lorg/apache/http/HttpStatus;': multiple definitions
D/dalvikvm( 4931): DexOpt: not verifying/optimizing 'Lorg/apache/http/MalformedChunkCodingException;': multiple definitions
D/dalvikvm( 4931): DexOpt: not verifying/optimizing 'Lorg/apache/http/NameValuePair;': multiple definitions
D/dalvikvm( 4931): DexOpt: not verifying/optimizing 'Lorg/apache/http/NoHttpResponseException;': multiple definitions
D/dalvikvm( 4931): DexOpt: not verifying/optimizing 'Lorg/apache/http/ParseException;': multiple definitions
D/dalvikvm( 4931): DexOpt: not verifying/optimizing 'Lorg/apache/http/ProtocolVersion;': multiple definitions
D/dalvikvm( 4931): DexOpt: not verifying/optimizing 'Lorg/apache/http/ReasonPhraseCatalog;': multiple definitions
D/dalvikvm( 4931): DexOpt: not verifying/optimizing 'Lorg/apache/http/RequestLine;': multiple definitions
D/dalvikvm( 4931): DexOpt: not verifying/optimizing 'Lorg/apache/http/StatusLine;': multiple definitions
D/dalvikvm( 4931): DexOpt: not verifying/optimizing 'Lorg/apache/http/TokenIterator;': multiple definitions
D/dalvikvm( 4931): DexOpt: not verifying/optimizing 'Lorg/apache/http/entity/ContentLengthStrategy;': multiple definitions
D/dalvikvm( 4931): DexOpt: not verifying/optimizing 'Lorg/apache/http/entity/ContentProducer;': multiple definitions
I/dalvikvm( 4931): DexOpt: not resolving ambiguous class 'Lorg/apache/http/HeaderElement;'
I/dalvikvm( 4931): DexOpt: not resolving ambiguous class 'Lorg/apache/http/util/ByteArrayBuffer;'
D/dalvikvm( 4931): DexOpt: not verifying/optimizing 'Lorg/apache/http/impl/entity/EntityDeserializer;': multiple definitions
D/dalvikvm( 4931): DexOpt: not verifying/optimizing 'Lorg/apache/http/impl/entity/EntitySerializer;': multiple definitions
D/dalvikvm( 4931): DexOpt: not verifying/optimizing 'Lorg/apache/http/impl/io/ChunkedInputStream;': multiple definitions
D/dalvikvm( 4931): DexOpt: not verifying/optimizing 'Lorg/apache/http/impl/io/ChunkedOutputStream;': multiple definitions
D/dalvikvm( 4931): DexOpt: not verifying/optimizing 'Lorg/apache/http/impl/io/ContentLengthInputStream;': multiple definitions
D/dalvikvm( 4931): DexOpt: not verifying/optimizing 'Lorg/apache/http/impl/io/ContentLengthOutputStream;': multiple definitions
D/dalvikvm( 4931): DexOpt: not verifying/optimizing 'Lorg/apache/http/impl/io/IdentityInputStream;': multiple definitions
D/dalvikvm( 4931): DexOpt: not verifying/optimizing 'Lorg/apache/http/impl/io/IdentityOutputStream;': multiple definitions
D/dalvikvm( 4931): DexOpt: not verifying/optimizing 'Lorg/apache/http/io/HttpMessageParser;': multiple definitions
D/dalvikvm( 4931): DexOpt: not verifying/optimizing 'Lorg/apache/http/io/HttpMessageWriter;': multiple definitions
D/dalvikvm( 4931): DexOpt: not verifying/optimizing 'Lorg/apache/http/io/HttpTransportMetrics;': multiple definitions
D/dalvikvm( 4931): DexOpt: not verifying/optimizing 'Lorg/apache/http/io/SessionInputBuffer;': multiple definitions
D/dalvikvm( 4931): DexOpt: not verifying/optimizing 'Lorg/apache/http/io/SessionOutputBuffer;': multiple definitions
D/dalvikvm( 4931): DexOpt: not verifying/optimizing 'Lorg/apache/http/message/HeaderGroup;': multiple definitions
D/dalvikvm( 4931): DexOpt: not verifying/optimizing 'Lorg/apache/http/message/HeaderValueFormatter;': multiple definitions
D/dalvikvm( 4931): DexOpt: not verifying/optimizing 'Lorg/apache/http/message/HeaderValueParser;': multiple definitions
D/dalvikvm( 4931): DexOpt: not verifying/optimizing 'Lorg/apache/http/message/LineFormatter;': multiple definitions
D/dalvikvm( 4931): DexOpt: not verifying/optimizing 'Lorg/apache/http/message/LineParser;': multiple definitions
D/dalvikvm( 4931): DexOpt: not verifying/optimizing 'Lorg/apache/http/message/ParserCursor;': multiple definitions
D/dalvikvm( 4931): DexOpt: not verifying/optimizing 'Lorg/apache/http/params/CoreConnectionPNames;': multiple definitions
D/dalvikvm( 4931): DexOpt: not verifying/optimizing 'Lorg/apache/http/params/CoreProtocolPNames;': multiple definitions
D/dalvikvm( 4931): DexOpt: not verifying/optimizing 'Lorg/apache/http/params/HttpAbstractParamBean;': multiple definitions
I/dalvikvm( 4931): DexOpt: not resolving ambiguous class 'Lorg/apache/http/params/HttpParams;'
D/dalvikvm( 4931): DexOpt: not verifying/optimizing 'Lorg/apache/http/params/HttpParams;': multiple definitions
D/dalvikvm( 4931): DexOpt: not verifying/optimizing 'Lorg/apache/http/protocol/ExecutionContext;': multiple definitions
D/dalvikvm( 4931): DexOpt: not verifying/optimizing 'Lorg/apache/http/protocol/HTTP;': multiple definitions
D/dalvikvm( 4931): DexOpt: not verifying/optimizing 'Lorg/apache/http/protocol/HttpContext;': multiple definitions
D/dalvikvm( 4931): DexOpt: not verifying/optimizing 'Lorg/apache/http/protocol/HttpDateGenerator;': multiple definitions
D/dalvikvm( 4931): DexOpt: not verifying/optimizing 'Lorg/apache/http/protocol/HttpExpectationVerifier;': multiple definitions
D/dalvikvm( 4931): DexOpt: not verifying/optimizing 'Lorg/apache/http/protocol/HttpRequestExecutor;': multiple definitions
D/dalvikvm( 4931): DexOpt: not verifying/optimizing 'Lorg/apache/http/protocol/HttpRequestHandler;': multiple definitions
D/dalvikvm( 4931): DexOpt: not verifying/optimizing 'Lorg/apache/http/protocol/HttpRequestHandlerResolver;': multiple definitions
D/dalvikvm( 4931): DexOpt: not verifying/optimizing 'Lorg/apache/http/protocol/HttpRequestInterceptorList;': multiple definitions
D/dalvikvm( 4931): DexOpt: not verifying/optimizing 'Lorg/apache/http/protocol/HttpResponseInterceptorList;': multiple definitions
D/dalvikvm( 4931): DexOpt: not verifying/optimizing 'Lorg/apache/http/protocol/HttpService;': multiple definitions
D/dalvikvm( 4931): DexOpt: not verifying/optimizing 'Lorg/apache/http/protocol/UriPatternMatcher;': multiple definitions
D/dalvikvm( 4931): DexOpt: not verifying/optimizing 'Lorg/apache/http/util/ByteArrayBuffer;': multiple definitions
D/dalvikvm( 4931): DexOpt: not verifying/optimizing 'Lorg/apache/http/util/CharArrayBuffer;': multiple definitions
D/dalvikvm( 4931): DexOpt: not verifying/optimizing 'Lorg/apache/http/util/EncodingUtils;': multiple definitions
D/dalvikvm( 4931): DexOpt: not verifying/optimizing 'Lorg/apache/http/util/EntityUtils;': multiple definitions
D/dalvikvm( 4931): DexOpt: not verifying/optimizing 'Lorg/apache/http/util/ExceptionUtils;': multiple definitions
D/dalvikvm( 4931): DexOpt: not verifying/optimizing 'Lorg/apache/http/util/LangUtils;': multiple definitions
D/dalvikvm( 4931): DexOpt: not verifying/optimizing 'Lorg/apache/http/util/VersionInfo;': multiple definitions
D/dalvikvm( 4931): DexOpt: not verifying/optimizing 'Lorg/apache/http/FormattedHeader;': multiple definitions
D/dalvikvm( 4931): DexOpt: not verifying/optimizing 'Lorg/apache/http/HttpClientConnection;': multiple definitions
D/dalvikvm( 4931): DexOpt: not verifying/optimizing 'Lorg/apache/http/HttpInetConnection;': multiple definitions
D/dalvikvm( 4931): DexOpt: not verifying/optimizing 'Lorg/apache/http/HttpRequest;': multiple definitions
D/dalvikvm( 4931): DexOpt: not verifying/optimizing 'Lorg/apache/http/HttpResponse;': multiple definitions
D/dalvikvm( 4931): DexOpt: not verifying/optimizing 'Lorg/apache/http/HttpServerConnection;': multiple definitions
D/dalvikvm( 4931): DexOpt: not verifying/optimizing 'Lorg/apache/http/HttpVersion;': multiple definitions
D/dalvikvm( 4931): DexOpt: not verifying/optimizing 'Lorg/apache/http/MethodNotSupportedException;': multiple definitions
D/dalvikvm( 4931): DexOpt: not verifying/optimizing 'Lorg/apache/http/ProtocolException;': multiple definitions
I/dalvikvm( 4931): DexOpt: not resolving ambiguous class 'Lorg/apache/http/MalformedChunkCodingException;'
D/dalvikvm( 4931): DexOpt: not verifying/optimizing 'Lorg/apache/http/entity/AbstractHttpEntity;': multiple definitions
D/dalvikvm( 4931): DexOpt: not verifying/optimizing 'Lorg/apache/http/entity/HttpEntityWrapper;': multiple definitions
I/dalvikvm( 4931): DexOpt: not resolving ambiguous class 'Lorg/apache/http/message/BasicHeader;'
D/dalvikvm( 4931): DexOpt: not verifying/optimizing 'Lorg/apache/http/impl/DefaultConnectionReuseStrategy;': multiple definitions
D/dalvikvm( 4931): DexOpt: not verifying/optimizing 'Lorg/apache/http/impl/DefaultHttpRequestFactory;': multiple definitions
D/dalvikvm( 4931): DexOpt: not verifying/optimizing 'Lorg/apache/http/impl/DefaultHttpResponseFactory;': multiple definitions
D/dalvikvm( 4931): DexOpt: not verifying/optimizing 'Lorg/apache/http/impl/EnglishReasonPhraseCatalog;': multiple definitions
D/dalvikvm( 4931): DexOpt: not verifying/optimizing 'Lorg/apache/http/impl/HttpConnectionMetricsImpl;': multiple definitions
D/dalvikvm( 4931): DexOpt: not verifying/optimizing 'Lorg/apache/http/impl/NoConnectionReuseStrategy;': multiple definitions
I/dalvikvm( 4931): DexOpt: not resolving ambiguous class 'Lorg/apache/http/impl/entity/LaxContentLengthStrategy;'
D/dalvikvm( 4931): DexOpt: not verifying/optimizing 'Lorg/apache/http/impl/entity/LaxContentLengthStrategy;': multiple definitions
D/dalvikvm( 4931): DexOpt: not verifying/optimizing 'Lorg/apache/http/impl/entity/StrictContentLengthStrategy;': multiple definitions
D/dalvikvm( 4931): DexOpt: not verifying/optimizing 'Lorg/apache/http/impl/io/AbstractMessageParser;': multiple definitions
D/dalvikvm( 4931): DexOpt: not verifying/optimizing 'Lorg/apache/http/impl/io/AbstractMessageWriter;': multiple definitions
D/dalvikvm( 4931): DexOpt: not verifying/optimizing 'Lorg/apache/http/impl/io/AbstractSessionInputBuffer;': multiple definitions
D/dalvikvm( 4931): DexOpt: not verifying/optimizing 'Lorg/apache/http/impl/io/AbstractSessionOutputBuffer;': multiple definitions
I/dalvikvm( 4931): DexOpt: not resolving ambiguous class 'Lorg/apache/http/message/BasicLineParser;'
I/dalvikvm( 4931): DexOpt: not resolving ambiguous class 'Lorg/apache/http/message/BasicLineFormatter;'
I/dalvikvm( 4931): DexOpt: not resolving ambiguous class 'Lorg/apache/http/message/BasicLineParser;'
I/dalvikvm( 4931): DexOpt: not resolving ambiguous class 'Lorg/apache/http/message/BasicLineFormatter;'
D/dalvikvm( 4931): DexOpt: not verifying/optimizing 'Lorg/apache/http/impl/io/HttpTransportMetricsImpl;': multiple definitions
I/dalvikvm( 4931): DexOpt: not resolving ambiguous class 'Lorg/apache/http/util/ByteArrayBuffer;'
I/dalvikvm( 4931): DexOpt: not resolving ambiguous class 'Lorg/apache/http/util/ByteArrayBuffer;'
I/dalvikvm( 4931): DexOpt: not resolving ambiguous class 'Lorg/apache/http/params/HttpParams;'
