D/ACRA    ( 2675): ACRA is enabled for com.facebook.katana, intializing...
I/ActivityManager(  524): No longer want com.google.android.deskclock (pid 2324): empty #17
D/dalvikvm( 2637): GC_CONCURRENT freed 367K, 5% free 9380K/9784K, paused 3ms+1ms, total 24ms
D/dalvikvm( 2675): GC_CONCURRENT freed 252K, 4% free 9017K/9308K, paused 4ms+1ms, total 24ms
D/ACRA    ( 2675): Looking for error files in /data/data/com.facebook.katana/app_acra-reports
D/ACRA    ( 2675): Looking for error files in /data/data/com.facebook.katana/app_minidumps
D/dalvikvm( 2675): Trying to load lib /data/app-lib/com.facebook.katana-2/libfb_stl_shared.so 0x42156f20
D/dalvikvm( 2675): Added shared lib /data/app-lib/com.facebook.katana-2/libfb_stl_shared.so 0x42156f20
D/dalvikvm( 2675): No JNI_OnLoad found in /data/app-lib/com.facebook.katana-2/libfb_stl_shared.so 0x42156f20, skipping init
D/dalvikvm( 2675): Trying to load lib /data/app-lib/com.facebook.katana-2/libfb_breakpad_client.so 0x42156f20
D/dalvikvm( 2675): Added shared lib /data/app-lib/com.facebook.katana-2/libfb_breakpad_client.so 0x42156f20
D/DexLibLoader( 2675): Deleting old version: /data/data/com.facebook.katana/app_dex/guava-10.0.1-fork.dex.0.jar
D/DexLibLoader( 2675): Deleting old version: /data/data/com.facebook.katana/app_dex/guava-10.0.1-fork.dex.1.jar
D/DexLibLoader( 2675): Deleting old version: /data/data/com.facebook.katana/app_dex/jackson-core-2.0.5.dex.0.jar
D/DexLibLoader( 2675): Deleting old version: /data/data/com.facebook.katana/app_dex/jackson-core-2.0.5.dex.1.jar
D/DexLibLoader( 2675): Deleting old version: /data/data/com.facebook.katana/app_dex/jackson-core-2.0.5.dex.2.jar
D/DexLibLoader( 2675): Deleting old version: /data/data/com.facebook.katana/app_dex/jackson-databind-2.0.5.dex.0.jar
D/DexLibLoader( 2675): Deleting old version: /data/data/com.facebook.katana/app_dex/jackson-databind-2.0.5.dex.1.jar
D/DexLibLoader( 2675): Deleting old version: /data/data/com.facebook.katana/app_dex/jackson-databind-2.0.5.dex.2.jar
D/DexLibLoader( 2675): Deleting old version: /data/data/com.facebook.katana/app_dex/jackson-databind-2.0.5.dex.3.jar
D/DexLibLoader( 2675): Deleting old version: /data/data/com.facebook.katana/app_dex/jackson-datatype-guava-2.0.4.dex.0.jar
D/DexLibLoader( 2675): Deleting old version: /data/data/com.facebook.katana/app_dex/jackson-datatype-guava-2.0.4.dex.1.jar
D/DexLibLoader( 2675): Deleting old version: /data/data/com.facebook.katana/app_dex/jackson-datatype-guava-2.0.4.dex.2.jar
D/DexLibLoader( 2675): Deleting old version: /data/data/com.facebook.katana/app_dex/diffutils-1.2.1.dex.0.jar
D/DexLibLoader( 2675): Deleting old version: /data/data/com.facebook.katana/app_dex/diffutils-1.2.1.dex.1.jar
D/DexLibLoader( 2675): Deleting old version: /data/data/com.facebook.katana/app_dex/nine_old_androids.dex.0.jar
D/DexLibLoader( 2675): Deleting old version: /data/data/com.facebook.katana/app_dex/nine_old_androids.dex.1.jar
D/DexLibLoader( 2675): Deleting old version: /data/data/com.facebook.katana/app_dex/nine_old_androids.dex.2.jar
D/DexLibLoader( 2675): Deleting old version: /data/data/com.facebook.katana/app_dex/nine_old_androids.dex.3.jar
V/DexLibLoader( 2675): Dex already copied
V/DexLibLoader( 2675): Creating class loader
V/DexLibLoader( 2675): Finished creating class loader
D/dalvikvm( 2675): GC_CONCURRENT freed 231K, 3% free 9301K/9568K, paused 4ms+5ms, total 36ms
D/dalvikvm( 2675): WAIT_FOR_CONCURRENT_GC blocked 9ms
V/DexLibLoader( 2675): Preparing secondary program dexes.
V/DexLibLoader( 2675): Loaded 3 raw lines of metadata.
V/DexLibLoader( 2675): Secondary program dex metadata: secondary-1.dex.jar c0c3ad30529dde71bc67f5c947aa4ac404fc9e42 com.facebook.common.identifiers.SafeUUIDGenerator
V/DexLibLoader( 2675): Secondary program dex metadata: secondary-2.dex.jar 5ab0ea35d3d4bf663008fcd39f94405e41f1b864 com.facebook.auth.autosso.AutoSsoLoginService
V/DexLibLoader( 2675): Secondary program dex metadata: secondary-3.dex.jar fe8e1dd394a0e865e15f35e33617490a742a257a com.facebook.dash.externalintent.DashExternalIntentHandler
W/DexLibLoader( 2675): Unexpected file in program dex directory: /data/data/com.facebook.katana/app_secondary_program_dex/temp_dex_lock
V/DexLibLoader( 2675): Preparing to extract secondary-1.dex.jar to /data/data/com.facebook.katana/app_secondary_program_dex/program-c0c3ad30529dde71bc67f5c947aa4ac404fc9e429512848d.dex.jar
V/DexLibLoader( 2675): Dex already copied
V/DexLibLoader( 2675): Creating class loader
V/DexLibLoader( 2675): Finished creating class loader
V/DexLibLoader( 2675): Preparing to extract secondary-2.dex.jar to /data/data/com.facebook.katana/app_secondary_program_dex/program-5ab0ea35d3d4bf663008fcd39f94405e41f1b8649512848d.dex.jar
V/DexLibLoader( 2675): Dex already copied
V/DexLibLoader( 2675): Creating class loader
V/DexLibLoader( 2675): Finished creating class loader
V/DexLibLoader( 2675): Preparing to extract secondary-3.dex.jar to /data/data/com.facebook.katana/app_secondary_program_dex/program-fe8e1dd394a0e865e15f35e33617490a742a257a9512848d.dex.jar
V/DexLibLoader( 2675): Dex already copied
V/DexLibLoader( 2675): Creating class loader
V/DexLibLoader( 2675): Finished creating class loader
V/DexLibLoader( 2675): Verifying classes from secondary dexes.
D/DexLibLoader( 2675): DexLibLoader.ensureDexLoaded took 145 ms
D/dalvikvm( 2675): GC_CONCURRENT freed 643K, 7% free 9123K/9804K, paused 5ms+5ms, total 42ms
V/com.facebook.base.app.AbstractApplicationLike( 2675): Forcing initialization of AsyncTask
D/MultiprocessConfigImpl( 2675): Multiprocess configuration com.facebook.photos.upload.PhotoUploadMultiprocessConfig state retrieved in 0 ms
I/MultiprocessConfigImpl( 2675): Multiprocess configuration com.facebook.photos.upload.PhotoUploadMultiprocessConfig state: false
D/MultiprocessConfigImpl( 2675): Multiprocess configuration com.facebook.prefs.multiprocess.FbSharedPreferencesMultiprocessConfig state retrieved in 1 ms
I/MultiprocessConfigImpl( 2675): Multiprocess configuration com.facebook.prefs.multiprocess.FbSharedPreferencesMultiprocessConfig state: false
D/MultiprocessConfigImpl( 2675): Multiprocess configuration com.facebook.ssl.gk.EnableSSLSessionTicketConfig state retrieved in 1 ms
I/MultiprocessConfigImpl( 2675): Multiprocess configuration com.facebook.ssl.gk.EnableSSLSessionTicketConfig state: false
D/MultiprocessConfigImpl( 2675): Multiprocess configuration com.facebook.katana.orca.MessengerInFb4aMultiprocessConfig state retrieved in 1 ms
I/MultiprocessConfigImpl( 2675): Multiprocess configuration com.facebook.katana.orca.MessengerInFb4aMultiprocessConfig state: false
D/MultiprocessConfigImpl( 2675): Multiprocess configuration com.facebook.analytics.service.AnalyticsServiceMultiprocessConfig state retrieved in 1 ms
I/MultiprocessConfigImpl( 2675): Multiprocess configuration com.facebook.analytics.service.AnalyticsServiceMultiprocessConfig state: false
I/CalendarProvider2( 2603): Sending notification intent: Intent { act=android.intent.action.PROVIDER_CHANGED dat=content://com.android.calendar }
W/ContentResolver( 2603): Failed to get type for: content://com.android.calendar (Unknown URL content://com.android.calendar)
I/ActivityManager(  524): No longer want com.google.android.keep (pid 2301): empty #17
D/dalvikvm( 2573): GC_CONCURRENT freed 151K, 2% free 9345K/9536K, paused 6ms+3ms, total 32ms
D/dalvikvm( 2675): GC_CONCURRENT freed 342K, 7% free 9193K/9804K, paused 3ms+2ms, total 24ms
V/PanelView(  626): animationTick called with dtms=0; nothing to do (h=50.0 v=5636.1084)
V/PanelView(  626): animationTick called with dtms=-16; nothing to do (h=50.0 v=5636.1084)
D/dalvikvm( 2675): GC_CONCURRENT freed 269K, 5% free 9322K/9804K, paused 2ms+2ms, total 17ms
D/dalvikvm( 2675): GC_CONCURRENT freed 261K, 4% free 9523K/9872K, paused 2ms+2ms, total 17ms
D/dalvikvm( 2675): GC_CONCURRENT freed 329K, 4% free 9707K/10072K, paused 3ms+5ms, total 44ms
D/dalvikvm( 2675): WAIT_FOR_CONCURRENT_GC blocked 20ms
D/dalvikvm( 2675): GC_CONCURRENT freed 344K, 4% free 9874K/10256K, paused 6ms+7ms, total 57ms
D/dalvikvm( 2675): GC_CONCURRENT freed 340K, 4% free 10045K/10424K, paused 2ms+4ms, total 28ms
I/Peer    ( 2165): [New I/O boss #9] [70.173.60.125]:8333 - connection timed out
I/PeerGroup( 2165): [New I/O worker #7] [213.176.246.215]:8333: Peer died
I/PeerGroup( 2165): [New I/O worker #2] [70.173.60.125]:8333: Peer died
I/Peer    ( 2165): [New I/O boss #9] [213.176.246.215]:8333 - connection timed out
I/PeerGroup( 2165): [New I/O worker #1] [122.61.64.227]:8333: Peer died
D/ConnectivityService(  524): handleInetConditionHoldEnd: net=1, condition=0, published condition=0
D/dalvikvm( 2675): GC_CONCURRENT freed 355K, 4% free 10193K/10584K, paused 2ms+4ms, total 36ms
I/Peer    ( 2165): [New I/O boss #9] [122.61.64.227]:8333 - connection timed out
I/Peer    ( 2165): [New I/O boss #9] [84.212.66.106]:8333 - connection timed out
D/dalvikvm( 2165): GC_CONCURRENT freed 294K, 4% free 10289K/10608K, paused 3ms+55ms, total 118ms
I/PeerGroup( 2165): [New I/O worker #8] [84.212.66.106]:8333: Peer died
I/Peer    ( 2165): [New I/O boss #9] [89.27.46.239]:8333 - connection timed out
I/Peer    ( 2165): [New I/O boss #9] [74.254.246.249]:8333 - connection timed out
I/PeerGroup( 2165): [New I/O worker #3] [89.27.46.239]:8333: Peer died
I/PeerGroup( 2165): [New I/O worker #4] [74.254.246.249]:8333: Peer died
D/dalvikvm( 2675): GC_CONCURRENT freed 282K, 4% free 10343K/10664K, paused 3ms+1ms, total 23ms
D/dalvikvm( 2675): GC_CONCURRENT freed 360K, 4% free 10490K/10892K, paused 2ms+3ms, total 29ms
D/dalvikvm( 2675): WAIT_FOR_CONCURRENT_GC blocked 8ms
D/fb4a(:dash):BackgroundTaskController( 2675): setTagDisabled(interface com.facebook.contacts.database.ContactsTaskTag, true)
D/fb4a(:dash):BackgroundTaskController( 2675): setTagDisabled(interface com.facebook.orca.background.MessagesDataTaskTag, true)
D/fb4a(:dash):BackgroundTaskController( 2675): setTagDisabled(interface com.facebook.orca.background.MessagesLocalTaskTag, true)
W/GAV2    ( 2235): Thread[GAThread,5,main]: Service unavailable (code=1), will retry.
I/GAV2    ( 2235): Thread[GAThread,5,main]: No campaign data found.
W/ActivityManager(  524): Unable to start service Intent { act=com.google.android.gms.analytics.service.START (has extras) } U=0: not found
D/fb4a(:dash):HomeIntentHandlerHelper( 2675): Chosen launcher com.android.launcher of priority 2
D/dalvikvm( 2675): GC_CONCURRENT freed 217K, 4% free 10723K/11068K, paused 4ms+3ms, total 36ms
I/fb4a(:dash):OrcaInjector( 2675): Created just-in-time provider for class com.facebook.mqtt.MqttSsl
I/fb4a(:dash):OrcaInjector( 2675): Created just-in-time provider for class com.facebook.orca.abtest.MessagesQuickExperimentSpecificationHolder
I/fb4a(:dash):OrcaInjector( 2675): Created just-in-time provider for class com.facebook.push.mqtt.abtest.MqttPushServiceExperimentSpecificationHolder
D/fb4a(:dash):DefaultPerformanceLogger( 2675): Name: INeedInit.HighPriorityInitOnBackgroundThread; Timestamp (ms): 1380462359122
D/fb4a(:dash):UniqueIdForDeviceHolder( 2675): loading device id from shared prefs
D/fb4a(:dash):UniqueIdForDeviceHolder( 2675): loaded device id from shared prefs: UniqueDeviceId{id=02ed7ac9-42c1-4a0c-866f-ec33ece53f4d, timestamp=1370488194818}
D/dalvikvm( 2675): GC_CONCURRENT freed 359K, 4% free 10958K/11356K, paused 4ms+4ms, total 35ms
D/AlertReceiver( 1938): onReceive: a=android.intent.action.PROVIDER_CHANGED Intent { act=android.intent.action.PROVIDER_CHANGED dat=content://com.android.calendar flg=0x10 cmp=com.google.android.calendar/com.android.calendar.alerts.AlertReceiver }
V/GCMBroadcastReceiver( 1175): onReceive: com.google.android.c2dm.intent.REGISTRATION
V/GCMBroadcastReceiver( 1175): GCM IntentService class: com.dhingana.free.app.GCMIntentService
V/GCMBaseIntentService( 1175): Acquiring wakelock
V/GCMBaseIntentService( 1175): Intent service name: GCMIntentService-87581550005-1
E/GCMRegistrar( 1175): internal error: retry receiver class not set yet
V/GCMRegistrar( 1175): Registering receiver
D/GCMBaseIntentService( 1175): handleRegistration: registrationId = null, error = SERVICE_NOT_AVAILABLE, unregistered = null
D/GCMBaseIntentService( 1175): Registration error: SERVICE_NOT_AVAILABLE
D/GCMBaseIntentService( 1175): Scheduling registration retry, backoff = 1834 (3000)
I/ActivityManager(  524): Start proc org.mozilla.firefox for broadcast org.mozilla.firefox/org.mozilla.gecko.background.healthreport.upload.HealthReportBroadcastReceiver: pid=2737 uid=10094 gids={50094, 3003, 1015, 1006, 1028}
V/GCMBaseIntentService( 1175): Releasing wakelock
D/dalvikvm(  172): GC_EXPLICIT freed 40K, 1% free 8863K/8944K, paused 2ms+2ms, total 24ms
I/ActivityManager(  524): START u0 {act=android.intent.action.VIEW dat=http://74.125.224.73/generate_204 flg=0x10400000 cmp=com.android.chrome/com.google.android.apps.chrome.Main bnds=[0,102][768,230]} from pid -1
D/audio_hw_primary(  174): start_output_stream: enter: usecase(1: low-latency-playback) devices(0x2)
D/audio_hw_primary(  174): select_devices: out_snd_device(2: speaker) in_snd_device(0: none)
D/audio_hw_primary(  174): enable_snd_device: sending audio calibration for snd_device(2) acdb_id(14)
D/ACDB-LOADER(  174): ACDB -> send_afe_cal
D/audio_hw_primary(  174): enable_snd_device: snd_device(2: speaker)
D/dalvikvm(  172): GC_EXPLICIT freed <1K, 1% free 8863K/8944K, paused 1ms+2ms, total 17ms
D/audio_hw_primary(  174): enable_audio_route: apply mixer path: low-latency-playback
D/audio_hw_primary(  174): start_output_stream: exit
D/dalvikvm(  172): GC_EXPLICIT freed <1K, 1% free 8863K/8944K, paused 1ms+2ms, total 17ms
D/GeckoProfile( 2737): Found profile dir: /data/data/org.mozilla.firefox/files/mozilla/krij009i.default
D/dalvikvm(  524): GC_FOR_ALLOC freed 861K, 12% free 18516K/20828K, paused 70ms, total 70ms
W/KeyguardViewMediator(  524): verifyUnlock called when not externally disabled
W/Settings( 2675): Setting wifi_sleep_policy has moved from android.provider.Settings.System to android.provider.Settings.Global, returning read-only value.
I/ActivityManager(  524): Start proc com.android.chrome for activity com.android.chrome/com.google.android.apps.chrome.Main: pid=2757 uid=10010 gids={50010, 1006, 3003, 1015, 1028}
D/dalvikvm( 2737): Trying to load lib /data/app-lib/org.mozilla.firefox-1/libmozglue.so 0x42159090
D/dalvikvm( 2737): Added shared lib /data/app-lib/org.mozilla.firefox-1/libmozglue.so 0x42159090
D/dalvikvm( 2737): No JNI_OnLoad found in /data/app-lib/org.mozilla.firefox-1/libmozglue.so 0x42159090, skipping init
V/PanelView(  626): animationTick called with dtms=0; nothing to do (h=1184.0 v=-4000.0)
D/dalvikvm( 2675): GC_CONCURRENT freed 450K, 5% free 11198K/11676K, paused 3ms+7ms, total 56ms
W/BroadcastQueue(  524): Failure sending broadcast Intent { act=ALARM_ACTION flg=0x14 (has extras) }
W/BroadcastQueue(  524): android.os.DeadObjectException
W/BroadcastQueue(  524): 	at android.os.BinderProxy.transact(Native Method)
W/BroadcastQueue(  524): 	at android.content.IIntentReceiver$Stub$Proxy.performReceive(IIntentReceiver.java:124)
W/BroadcastQueue(  524): 	at com.android.server.am.BroadcastQueue.performReceiveLocked(BroadcastQueue.java:376)
W/BroadcastQueue(  524): 	at com.android.server.am.BroadcastQueue.deliverToRegisteredReceiverLocked(BroadcastQueue.java:449)
W/BroadcastQueue(  524): 	at com.android.server.am.BroadcastQueue.processNextBroadcast(BroadcastQueue.java:656)
W/BroadcastQueue(  524): 	at com.android.server.am.ActivityManagerService.finishReceiver(ActivityManagerService.java:12390)
W/BroadcastQueue(  524): 	at android.app.ActivityManagerNative.onTransact(ActivityManagerNative.java:379)
W/BroadcastQueue(  524): 	at com.android.server.am.ActivityManagerService.onTransact(ActivityManagerService.java:1737)
W/BroadcastQueue(  524): 	at android.os.Binder.execTransact(Binder.java:388)
W/BroadcastQueue(  524): 	at dalvik.system.NativeStart.run(Native Method)
I/GeckoAnnounce( 2737): firefox :: AnnounceBrSvc :: Registering announcements broadcast receiver...
V/PanelView(  626): animationTick called with dtms=0; nothing to do (h=1184.0 v=-4000.0)
I/GeckoHealth( 2737): firefox :: HealthReportBroadcastService :: Registering health report start broadcast receiver.
I/GeckoAnnounce( 2737): firefox :: BackgroundService :: Setting inexact repeating alarm for interval 43200000
V/PanelView(  626): animationTick called with dtms=0; nothing to do (h=1184.0 v=-4000.0)
I/GeckoHealth( 2737): firefox :: BackgroundService :: Setting inexact repeating alarm for interval 3600000
D/dalvikvm( 2373): GC_CONCURRENT freed 324K, 4% free 9107K/9472K, paused 18ms+2ms, total 33ms
I/Recovery( 2373): Received: Intent { act=com.google.android.gms.INITIALIZE flg=0x10 pkg=com.google.android.gms cmp=com.google.android.gms/.auth.be.recovery.AccountRecoveryBackgroundService$Receiver }
D/GCM     (  845): GcmService start Intent { act=com.google.android.gms.INITIALIZE flg=0x10 pkg=com.google.android.gms cmp=com.google.android.gms/.gcm.GcmService } com.google.android.gms.INITIALIZE
W/ResourceType( 2757): Failure getting entry for 0x7f04004a (t=3 e=74) in package 0 (error -75)
D/GCM     (  845): GcmService start Intent { act=com.google.android.talk.MCS_CONNECTION_SERVICE_STARTED flg=0x10 cmp=com.google.android.gms/.gcm.GcmService } com.google.android.talk.MCS_CONNECTION_SERVICE_STARTED
V/SmsReceiverService( 2466): onStart: #1 mResultCode: -1 = Activity.RESULT_OK
D/dalvikvm( 2757): GC_CONCURRENT freed 203K, 3% free 9152K/9396K, paused 2ms+3ms, total 32ms
D/AlertReceiver( 1938): onReceive: a=android.intent.action.PROVIDER_CHANGED Intent { act=android.intent.action.PROVIDER_CHANGED dat=content://com.android.calendar flg=0x10 cmp=com.google.android.calendar/com.android.calendar.alerts.AlertReceiver }
W/ResourceType( 2757): Failure getting entry for 0x7f04001d (t=3 e=29) in package 0 (error -75)
D/dalvikvm( 2594): GC_CONCURRENT freed 151K, 3% free 9331K/9544K, paused 5ms+3ms, total 25ms
D/libEGL  ( 2757): loaded /system/lib/egl/libEGL_adreno200.so
D/libEGL  ( 2757): loaded /system/lib/egl/libGLESv1_CM_adreno200.so
D/libEGL  ( 2757): loaded /system/lib/egl/libGLESv2_adreno200.so
I/Adreno200-EGL( 2757): <qeglDrvAPI_eglInitialize:265>: EGL 1.4 QUALCOMM Build: Iabe52cfaeae4c5fab1acacfe6f056ba15fa93274
W/GLPreLoader( 2757): eglCreateWindowSurface EGL_SUCCESS
I/CheckinService(  845): Preparing to send checkin request
I/EventLogService(  845): Accumulating logs since 1380462347133
I/MediaStoreImporter( 2594): Update: incremental Added music: 0 Updated music: 0 Deleted music: 0 Created playlists: 0 Updated playlists: 0 Deleted playlists: 0 Inserted playlist items: 0 Deleted playlist items: 0 Removed orphaned playlist items: 0
I/Adreno200-ES20( 2757): <validate_vertex_attrib_state:53>: validate_vertex_attrib_state: No vertex attrib is enabled in a draw call!
I/ActivityManager(  524): No longer want com.android.settings (pid 2336): empty #17
I/ActivityManager(  524): No longer want com.skype.raider (pid 2107): empty #17
I/LibraryLoader( 2757): loading: chromeview
D/dalvikvm( 2757): Trying to load lib /data/app-lib/com.android.chrome-1/libchromeview.so 0x4214ec98
I/ActivityManager(  524): Start proc com.android.chrome:sandboxed_process0 for service com.android.chrome/org.chromium.content.app.SandboxedProcessService0: pid=2791 uid=99000 gids={}
E/com.parse.PushService( 1175): could not connect to push server
E/com.parse.PushService( 1175): java.net.SocketTimeoutException: failed to connect to push.parse.com/54.224.48.196 (port 8253) after 5000ms
E/com.parse.PushService( 1175): 	at libcore.io.IoBridge.connectErrno(IoBridge.java:159)
E/com.parse.PushService( 1175): 	at libcore.io.IoBridge.connect(IoBridge.java:112)
E/com.parse.PushService( 1175): 	at java.net.PlainSocketImpl.connect(PlainSocketImpl.java:192)
E/com.parse.PushService( 1175): 	at java.net.PlainSocketImpl.connect(PlainSocketImpl.java:459)
E/com.parse.PushService( 1175): 	at java.net.Socket.connect(Socket.java:842)
E/com.parse.PushService( 1175): 	at com.parse.PushService$2.f(SourceFile:399)
E/com.parse.PushService( 1175): 	at com.parse.PushService$2.a(SourceFile:359)
E/com.parse.PushService( 1175): 	at com.parse.e.a$2.call(SourceFile:215)
E/com.parse.PushService( 1175): 	at java.util.concurrent.FutureTask.run(FutureTask.java:234)
E/com.parse.PushService( 1175): 	at java.util.concurrent.ThreadPoolExecutor.runWorker(ThreadPoolExecutor.java:1080)
E/com.parse.PushService( 1175): 	at java.util.concurrent.ThreadPoolExecutor$Worker.run(ThreadPoolExecutor.java:573)
E/com.parse.PushService( 1175): 	at java.lang.Thread.run(Thread.java:841)
D/dalvikvm( 1339): GC_CONCURRENT freed 2080K, 14% free 13350K/15440K, paused 6ms+7ms, total 144ms
I/Adreno200-EGL(  845): <qeglDrvAPI_eglInitialize:265>: EGL 1.4 QUALCOMM Build: Iabe52cfaeae4c5fab1acacfe6f056ba15fa93274
I/ChildProcessService( 2791): Creating new ChildProcessService pid=2791
I/LibraryLoader( 2791): loading: chromeview
D/dalvikvm( 2791): Trying to load lib /data/app-lib/com.android.chrome-1/libchromeview.so 0x4214b0a0
D/OpenGLRenderer( 2757): Enabling debug mode 0
D/dalvikvm( 2757): Added shared lib /data/app-lib/com.android.chrome-1/libchromeview.so 0x4214ec98
I/LibraryLoader( 2757): loaded: chromeview
I/chromium( 2757): [INFO:library_loader_hooks.cc(70)] Chromium logging enabled: level = 0, default verbosity = 0
D/dalvikvm( 2791): Added shared lib /data/app-lib/com.android.chrome-1/libchromeview.so 0x4214b0a0
I/LibraryLoader( 2791): loaded: chromeview
W/fb4a(:<default>):MqttClient( 1339): Socket Connection Failed.
I/ActivityManager(  524): Displayed com.android.chrome/com.google.android.apps.chrome.Main: +470ms
I/BrowserProcessMain( 2757): Initializing chromium process, renderers=9
D/dalvikvm( 2757): GC_CONCURRENT freed 157K, 3% free 9419K/9612K, paused 1ms+1ms, total 15ms
D/dalvikvm( 2757): GC_CONCURRENT freed 382K, 6% free 9450K/9964K, paused 2ms+2ms, total 16ms
D/dalvikvm( 2757): WAIT_FOR_CONCURRENT_GC blocked 14ms
D/dalvikvm( 2757): WAIT_FOR_CONCURRENT_GC blocked 15ms
D/dalvikvm( 2757): GC_CONCURRENT freed 408K, 6% free 9445K/9996K, paused 1ms+2ms, total 16ms
D/dalvikvm( 2757): WAIT_FOR_CONCURRENT_GC blocked 15ms
D/dalvikvm( 2757): WAIT_FOR_CONCURRENT_GC blocked 19ms
D/dalvikvm( 2757): GC_CONCURRENT freed 388K, 6% free 9470K/9996K, paused 2ms+1ms, total 20ms
D/dalvikvm( 2757): WAIT_FOR_CONCURRENT_GC blocked 16ms
D/dalvikvm( 2757): WAIT_FOR_CONCURRENT_GC blocked 15ms
W/fb4a(:<default>):MqttClient( 1339): Socket Connection Failed.
D/dalvikvm( 2757): GC_FOR_ALLOC freed 438K, 6% free 9435K/10016K, paused 15ms, total 15ms
D/dalvikvm( 2757): GC_CONCURRENT freed 366K, 6% free 9466K/10016K, paused 2ms+3ms, total 22ms
I/chromium( 2757): [INFO:gpu_command_buffer_stub.cc(459)] Created virtual GL context.
D/dalvikvm( 2757): GC_CONCURRENT freed 417K, 6% free 9476K/10016K, paused 2ms+3ms, total 17ms
D/dalvikvm( 2757): GC_FOR_ALLOC freed 173K, 6% free 9513K/10016K, paused 13ms, total 13ms
I/dalvikvm-heap( 2757): Grow heap (frag case) to 10.324MB for 1048592-byte allocation
D/dalvikvm( 2757): GC_FOR_ALLOC freed 0K, 5% free 10537K/11044K, paused 12ms, total 12ms
D/dalvikvm( 2757): GC_CONCURRENT freed 39K, 5% free 10546K/11044K, paused 1ms+3ms, total 17ms
D/ChildProcessLauncher( 2757): Setting up connection to process: slot=0
D/ChildProcessLauncher( 2757): on connect callback, pid=2791 context=2027566176
I/chromium( 2791): [INFO:library_loader_hooks.cc(70)] Chromium logging enabled: level = 0, default verbosity = 0
D/dalvikvm( 2757): GC_FOR_ALLOC freed 261K, 4% free 10605K/11044K, paused 15ms, total 15ms
I/dalvikvm-heap( 2757): Grow heap (frag case) to 11.465MB for 1127536-byte allocation
I/CompanionService( 2284): uuid fetch callback for Romann Baumgaertner's Glass @ [F8:8F:CA:24:3A:DE] BONDED
I/CompanionService( 2284): No preferred device so pick a random one.
I/CompanionService( 2284): Found Glass device Romann Baumgaertner's Glass @ [F8:8F:CA:24:3A:DE] BONDED, attempting to connect to it.
I/CompanionService( 2284): Attempting to connect to Romann Baumgaertner's Glass @ [F8:8F:CA:24:3A:DE] BONDED
I/CompanionService( 2284): Clear old connection.
D/dalvikvm( 2757): GC_FOR_ALLOC freed <1K, 4% free 11706K/12148K, paused 13ms, total 13ms
I/GlassConnection( 2284): Creating connection to Romann Baumgaertner's Glass @ [F8:8F:CA:24:3A:DE] BONDED
I/GlassConnection( 2284): Opening companion socket to Glass
W/BluetoothAdapter( 2284): getBluetoothService() called with no BluetoothManagerCallback
D/BTIF_SOCK( 1026): service_uuid: f15cc914-e4bc-45ce-9930-cb7695385850
W/bt-sdp  ( 1026): SDP - Rcvd conn cnf with error: 0xc  CID 0x43
E/bt-btif ( 1026): DISCOVERY_COMP_EVT slot id:4, failed to find channle,                                       status:1, scn:0
W/bt-btif ( 1026): invalid rfc slot id: 4
I/CompanionService( 2284): No headset already connected, initiating connection to Glass.
D/BluetoothHeadset( 2284): connect(F8:8F:CA:24:3A:DE)
D/BluetoothSocket( 2284): connect(), SocketState: INIT, mPfd: {ParcelFileDescriptor: FileDescriptor[41]}
I/BluetoothHeadsetServiceJni( 1026): connectHfpNative: sBluetoothHfpInterface: 0x73161468
D/BluetoothAdapterProperties( 1026): CONNECTION_STATE_CHANGE: F8:8F:CA:24:3A:DE: 0 -> 1
W/bt-sdp  ( 1026): SDP - Rcvd conn cnf with error: 0xc  CID 0x44
I/BluetoothHeadsetServiceJni( 1026): connection_state_callback
D/BluetoothAdapterProperties( 1026): CONNECTION_STATE_CHANGE: F8:8F:CA:24:3A:DE: 1 -> 0
D/BluetoothAdapterService(1108711792)( 1026): Get Bonded Devices being called
D/BluetoothAdapterProperties( 1026): getBondedDevices: length=2
E/GlassConnection( 2284): Failed to establish connection to Romann Baumgaertner's Glass @ [F8:8F:CA:24:3A:DE] BONDED
E/GlassConnection( 2284): java.io.IOException: read failed, socket might closed or timeout, read ret: -1
E/GlassConnection( 2284): 	at android.bluetooth.BluetoothSocket.readAll(BluetoothSocket.java:504)
E/GlassConnection( 2284): 	at android.bluetooth.BluetoothSocket.readInt(BluetoothSocket.java:515)
E/GlassConnection( 2284): 	at android.bluetooth.BluetoothSocket.connect(BluetoothSocket.java:319)
E/GlassConnection( 2284): 	at com.google.glass.bluetooth.i.run(Unknown Source)
I/GlassConnection( 2284): closing Connections...
D/BluetoothAdapterService(1108711792)( 1026): Get Bonded Devices being called
D/BluetoothAdapterProperties( 1026): getBondedDevices: length=2
I/CompanionService( 2284): Failed to establish connection to Glass device: Romann Baumgaertner's Glass @ [F8:8F:CA:24:3A:DE] BONDED
D/dalvikvm( 2757): GC_CONCURRENT freed 56K, 4% free 11739K/12148K, paused 3ms+5ms, total 40ms
I/chromium( 2757): [INFO:gpu_command_buffer_stub.cc(459)] Created virtual GL context.
D/dalvikvm( 2757): GC_FOR_ALLOC freed 1787K, 16% free 10635K/12588K, paused 14ms, total 14ms
W/fb4a(:<default>):MqttClient( 1339): Socket Connection Failed.
I/chromium( 2757): [INFO:gpu_command_buffer_stub.cc(459)] Created virtual GL context.
D/dalvikvm( 2757): GC_CONCURRENT freed 502K, 16% free 10604K/12588K, paused 3ms+4ms, total 24ms
W/GAV2    ( 2415): Thread[GAThread,5,main]: Service unavailable (code=1), will retry.
W/ActivityManager(  524): Unable to start service Intent { act=com.google.android.gms.analytics.service.START (has extras) } U=0: not found
I/GAV2    ( 2415): Thread[GAThread,5,main]: No campaign data found.
D/dalvikvm(  845): GC_CONCURRENT freed 436K, 7% free 9518K/10132K, paused 1ms+1ms, total 16ms
D/dalvikvm(  845): WAIT_FOR_CONCURRENT_GC blocked 9ms
I/dalvikvm-heap(  845): Grow heap (frag case) to 9.485MB for 99576-byte allocation
D/dalvikvm(  845): GC_FOR_ALLOC freed 48K, 7% free 9566K/10232K, paused 15ms, total 15ms
D/dalvikvm(  845): GC_FOR_ALLOC freed 3K, 6% free 9627K/10232K, paused 14ms, total 14ms
I/dalvikvm-heap(  845): Grow heap (frag case) to 9.623MB for 131736-byte allocation
D/dalvikvm(  845): GC_FOR_ALLOC freed <1K, 6% free 9755K/10364K, paused 14ms, total 14ms
D/dalvikvm(  845): GC_FOR_ALLOC freed 265K, 8% free 9564K/10364K, paused 14ms, total 14ms
I/CheckinTask(  845): Sending checkin request (15614 bytes)
D/dalvikvm(  845): GC_CONCURRENT freed 260K, 7% free 9712K/10364K, paused 3ms+3ms, total 21ms
I/Peer    ( 2165): [New I/O boss #9] [176.215.187.124]:8333 - connection timed out
I/PeerGroup( 2165): [New I/O worker #6] [176.215.187.124]:8333: Peer died
I/Peer    ( 2165): [New I/O boss #9] [24.148.17.226]:8333 - connection timed out
I/PeerGroup( 2165): [New I/O worker #5] [94.41.40.88]:8333: Peer died
I/Peer    ( 2165): [New I/O boss #9] [94.41.40.88]:8333 - connection timed out
I/PeerGroup( 2165): [New I/O worker #1] [24.148.17.226]:8333: Peer died
I/Peer    ( 2165): [New I/O boss #9] [184.4.220.127]:8333 - connection timed out
I/PeerGroup( 2165): [New I/O worker #7] [184.4.220.127]:8333: Peer died
I/Peer    ( 2165): [New I/O boss #9] [120.148.100.70]:8333 - connection timed out
I/PeerGroup( 2165): [New I/O worker #2] [120.148.100.70]:8333: Peer died
I/Peer    ( 2165): [New I/O boss #9] [216.224.169.164]:8333 - connection timed out
I/PeerGroup( 2165): [New I/O worker #8] [216.224.169.164]:8333: Peer died
E/CheckinTask(  845): SSL error, attempting time correction: javax.net.ssl.SSLPeerUnverifiedException: Cannot verify hostname: android.clients.google.com
I/chromium( 2791): [INFO:SkUtilsArm.cpp(177)] Device supports ARM NEON instructions!
I/chromium( 2791): 
E/CheckinTask(  845): Checkin failed: https://android.clients.google.com/checkin (request #0): java.io.IOException: Bad Content-Type: text/html
D/dalvikvm( 2757): GC_FOR_ALLOC freed 287K, 16% free 10629K/12588K, paused 14ms, total 14ms
V/GCMBroadcastReceiver( 1175): onReceive: com.google.android.gcm.intent.RETRY
V/GCMBroadcastReceiver( 1175): GCM IntentService class: com.dhingana.free.app.GCMIntentService
V/GCMBaseIntentService( 1175): Acquiring wakelock
V/GCMBaseIntentService( 1175): Intent service name: GCMIntentService-87581550005-2
V/GCMRegistrar( 1175): Unregistering app com.dhingana.free.app
V/GCMBaseIntentService( 1175): Releasing wakelock
E/bt-btif ( 1026): services_to_search = 3fffffff
E/bt-btif ( 1026): ****************search UUID = 1200***********
D/dalvikvm(  845): GC_CONCURRENT freed 549K, 8% free 9599K/10364K, paused 2ms+2ms, total 26ms
D/ThermalDaemon(  182): Sensor 'tsens_tz_sensor9' - alarm raised 1 at 60.0 degC
D/ThermalDaemon(  182): Sensor 'tsens_tz_sensor7' - alarm raised 1 at 62.0 degC
E/C2DMRegistrar(  845): [C2DMReg] handleRequest caught javax.net.ssl.SSLPeerUnverifiedException: Cannot verify hostname: android.clients.google.com
V/GCMBroadcastReceiver( 1175): onReceive: com.google.android.c2dm.intent.REGISTRATION
V/GCMBroadcastReceiver( 1175): GCM IntentService class: com.dhingana.free.app.GCMIntentService
V/GCMBaseIntentService( 1175): Acquiring wakelock
V/GCMBaseIntentService( 1175): Intent service name: GCMIntentService-87581550005-3
D/GCMBaseIntentService( 1175): handleRegistration: registrationId = null, error = SERVICE_NOT_AVAILABLE, unregistered = null
D/GCMBaseIntentService( 1175): Registration error: SERVICE_NOT_AVAILABLE
D/GCMBaseIntentService( 1175): Scheduling registration retry, backoff = 5480 (6000)
V/GCMBaseIntentService( 1175): Releasing wakelock
D/dalvikvm( 2757): GC_FOR_ALLOC freed 5K, 13% free 10961K/12588K, paused 19ms, total 19ms
V/GoogleServicesManager( 2757): Ignoring pref change because user is not signed in to Chrome
I/com.google.android.apps.chrome.crash.MinidumpUploadService( 2757): Attempting to upload accumulated crash dumps.
D/AlertService( 1938): Beginning updateAlertNotification
I/ActivityManager(  524): Start proc com.google.android.partnersetup for content provider com.google.android.partnersetup/.RlzAppProvider: pid=2875 uid=10027 gids={50027, 3003, 1028}
D/dalvikvm( 1938): GC_CONCURRENT freed 299K, 4% free 8954K/9292K, paused 8ms+2ms, total 43ms
D/AlertService( 1938): No fired or scheduled alerts
D/AlertService( 1938): Scheduling next alarm with AlarmScheduler. sEventReminderReceived: null
D/AlarmScheduler( 1938): No events found starting within 1 week.
D/AlertService( 1938): 0 Action = android.intent.action.PROVIDER_CHANGED
I/ActivityManager(  524): No longer want com.google.android.gallery3d (pid 2415): empty #17
I/ActivityManager(  524): Start proc com.android.providers.partnerbookmarks for content provider com.android.providers.partnerbookmarks/.PartnerBookmarksProvider: pid=2898 uid=10048 gids={50048, 1028}
E/PartnerBookmarksReader( 2757): ATTENTION: not using partner bookmarks as none were provided
D/dalvikvm( 2757): GC_CONCURRENT freed 509K, 13% free 11028K/12588K, paused 3ms+2ms, total 18ms
I/ActivityManager(  524): No longer want com.google.android.apps.uploader (pid 2443): empty #17
D/CacheService( 2594): onCreate
I/MusicLeanback( 2594): Conditions not met for autocaching.
I/MusicLeanback( 2594): Stop autocaching.
D/CacheService( 2594): onBind
D/CacheService( 2594): onDestroy
D/audio_hw_primary(  174): out_standby: enter: usecase(1: low-latency-playback)
D/audio_hw_primary(  174): stop_output_stream: enter: usecase(1: low-latency-playback)
D/audio_hw_primary(  174): disable_audio_route: reset mixer path: low-latency-playback
D/audio_hw_primary(  174): disable_snd_device: snd_device(2: speaker)
D/audio_hw_primary(  174): stop_output_stream: exit: status(0)
D/audio_hw_primary(  174): out_standby: exit
I/PeerGroup( 2165): [New I/O worker #6] [75.28.184.70]:8333: Peer died
I/Peer    ( 2165): [New I/O boss #9] [75.28.184.70]:8333 - connection timed out
I/Peer    ( 2165): [New I/O boss #9] [97.91.85.130]:8333 - connection timed out
I/PeerGroup( 2165): [New I/O worker #4] [97.91.85.130]:8333: Peer died
I/PeerGroup( 2165): [New I/O worker #3] [213.129.66.70]:8333: Peer died
I/Peer    ( 2165): [New I/O boss #9] [213.129.66.70]:8333 - connection timed out
I/PeerGroup( 2165): [New I/O worker #5] [198.245.61.123]:8333: Peer died
I/Peer    ( 2165): [New I/O boss #9] [198.245.61.123]:8333 - connection timed out
I/PeerGroup( 2165): [New I/O worker #8] [67.163.165.189]:8333: Peer died
I/Peer    ( 2165): [New I/O boss #9] [67.163.165.189]:8333 - connection timed out
I/Peer    ( 2165): [New I/O boss #9] [82.221.102.196]:8333 - connection timed out
I/PeerGroup( 2165): [New I/O worker #7] [82.221.102.196]:8333: Peer died
W/CompanionService( 2284): Connecting to Glass device Romann Baumgaertner's Glass @ [F8:8F:CA:24:3A:DE] BONDEDfailed; retry attempt 1
I/CompanionService( 2284): Attempting to connect to Romann Baumgaertner's Glass @ [F8:8F:CA:24:3A:DE] BONDED
I/CompanionService( 2284): Clear old connection.
I/GlassConnection( 2284): Creating connection to Romann Baumgaertner's Glass @ [F8:8F:CA:24:3A:DE] BONDED
I/GlassConnection( 2284): Opening companion socket to Glass
W/BluetoothAdapter( 2284): getBluetoothService() called with no BluetoothManagerCallback
I/CompanionService( 2284): No headset already connected, initiating connection to Glass.
D/BluetoothHeadset( 2284): connect(F8:8F:CA:24:3A:DE)
D/BTIF_SOCK( 1026): service_uuid: f15cc914-e4bc-45ce-9930-cb7695385850
D/BluetoothSocket( 2284): connect(), SocketState: INIT, mPfd: {ParcelFileDescriptor: FileDescriptor[41]}
D/BluetoothAdapterProperties( 1026): CONNECTION_STATE_CHANGE: F8:8F:CA:24:3A:DE: 0 -> 1
D/BluetoothAdapterService(1108711792)( 1026): Get Bonded Devices being called
D/BluetoothAdapterProperties( 1026): getBondedDevices: length=2
I/BluetoothHeadsetServiceJni( 1026): connectHfpNative: sBluetoothHfpInterface: 0x73161468
W/chromium( 2757): [WARNING:backend_impl.cc(1808)] Destroying invalid entry.
W/chromium( 2757): [WARNING:backend_impl.cc(1808)] Destroying invalid entry.
D/dalvikvm(  774): GC_CONCURRENT freed 487K, 6% free 10751K/11352K, paused 3ms+3ms, total 40ms
W/GAV2    ( 2235): Thread[Service Reconnect,5,main]: Service unavailable (code=1), using local store.
W/ActivityManager(  524): Unable to start service Intent { act=com.google.android.gms.analytics.service.START (has extras) } U=0: not found
D/dalvikvm( 2757): GC_CONCURRENT freed 706K, 13% free 11032K/12588K, paused 2ms+2ms, total 23ms
I/PeerGroup( 2165): [New I/O worker #5] [184.66.149.253]:8333: Peer died
I/Peer    ( 2165): [New I/O boss #9] [184.66.149.253]:8333 - connection timed out
I/Peer    ( 2165): [New I/O boss #9] [173.3.144.176]:8333 - connection timed out
I/PeerGroup( 2165): [New I/O worker #6] [173.3.144.176]:8333: Peer died
I/Peer    ( 2165): [New I/O boss #9] [71.164.143.29]:8333 - connection timed out
I/PeerGroup( 2165): [New I/O worker #4] [71.164.143.29]:8333: Peer died
I/Peer    ( 2165): [New I/O boss #9] [94.23.222.9]:8333 - connection timed out
I/PeerGroup( 2165): [New I/O worker #2] [94.23.222.9]:8333: Peer died
I/PeerGroup( 2165): [New I/O worker #1] [62.75.166.75]:8333: Peer died
I/Peer    ( 2165): [New I/O boss #9] [62.75.166.75]:8333 - connection timed out
I/Peer    ( 2165): [New I/O boss #9] [98.225.14.47]:8333 - connection timed out
I/PeerGroup( 2165): [New I/O worker #3] [98.225.14.47]:8333: Peer died
I/TCPNetworkConnection( 2165): [New I/O worker #2] Announcing to dnsseed.bluematt.me/199.101.100.218:8333 as: /BitCoinJ:0.10.1/Bitcoin Wallet:3.17/
I/TCPNetworkConnection( 2165): [New I/O worker #1] Announcing to seed.bitcoin.sipa.be/129.21.50.203:8333 as: /BitCoinJ:0.10.1/Bitcoin Wallet:3.17/
I/TCPNetworkConnection( 2165): [New I/O worker #8] Announcing to dnsseed.bluematt.me/81.111.151.75:8333 as: /BitCoinJ:0.10.1/Bitcoin Wallet:3.17/
D/dalvikvm( 2165): GC_CONCURRENT freed 410K, 5% free 10280K/10728K, paused 4ms+2ms, total 34ms
I/TCPNetworkConnection( 2165): [New I/O worker #4] Announcing to dnsseed.bluematt.me/31.7.63.145:8333 as: /BitCoinJ:0.10.1/Bitcoin Wallet:3.17/
I/TCPNetworkConnection( 2165): [New I/O worker #3] Announcing to dnsseed.bitcoin.dashjr.org/88.22.47.192:8333 as: /BitCoinJ:0.10.1/Bitcoin Wallet:3.17/
I/PeerGroup( 2165): [New I/O worker #2] [199.101.100.218]:8333: Peer died
I/TCPNetworkConnection( 2165): [New I/O worker #1] Connected to 129.21.50.203: version=70001, subVer='/Satoshi:0.8.3/', services=0x1, time=Sun Sep 29 06:46:12 PDT 2013, blocks=260753
D/ChildProcessLauncher( 2757): Setting up connection to process: slot=1
I/ActivityManager(  524): Start proc com.android.chrome:sandboxed_process1 for service com.android.chrome/org.chromium.content.app.SandboxedProcessService1: pid=2944 uid=99001 gids={}
I/TCPNetworkConnection( 2165): [New I/O worker #7] Announcing to seed.bitcoin.sipa.be/14.202.0.231:8333 as: /BitCoinJ:0.10.1/Bitcoin Wallet:3.17/
I/TCPNetworkConnection( 2165): [New I/O worker #8] Connected to 81.111.151.75: version=70001, subVer='/Satoshi:0.8.5/', services=0x1, time=Sun Sep 29 06:46:08 PDT 2013, blocks=260753
I/ChildProcessService( 2944): Creating new ChildProcessService pid=2944
I/LibraryLoader( 2944): loading: chromeview
D/dalvikvm( 2944): Trying to load lib /data/app-lib/com.android.chrome-1/libchromeview.so 0x42150868
D/ChildProcessLauncher( 2757): on connect callback, pid=2944 context=2081039864
I/TCPNetworkConnection( 2165): [New I/O worker #4] Connected to 31.7.63.145: version=70001, subVer='/Satoshi:0.8.4/', services=0x1, time=Sun Sep 29 06:46:11 PDT 2013, blocks=260753
I/PeerGroup( 2165): [New I/O worker #1] [129.21.50.203]:8333: New peer
I/Peer    ( 2165): [New I/O worker #1] [129.21.50.203]:8333: Sending Bloom filter and querying mempool
I/PeerGroup( 2165): [New I/O worker #1] Setting download peer: [129.21.50.203]:8333
D/dalvikvm( 2944): Added shared lib /data/app-lib/com.android.chrome-1/libchromeview.so 0x42150868
I/LibraryLoader( 2944): loaded: chromeview
I/chromium( 2944): [INFO:library_loader_hooks.cc(70)] Chromium logging enabled: level = 0, default verbosity = 0
I/chromium( 2944): [INFO:child_process_service.cc(132)] ChildProcessService: Exiting child process.
W/ChildProcessConnection( 2757): onServiceDisconnected (crash?): pid=2944
D/ChildProcessLauncher( 2757): stopping child connection: pid=2944
I/TCPNetworkConnection( 2165): [New I/O worker #3] Connected to 88.22.47.192: version=70001, subVer='/Satoshi:0.8.5/', services=0x1, time=Sun Sep 29 06:46:12 PDT 2013, blocks=260753
I/ActivityManager(  524): Process com.android.chrome:sandboxed_process1 (pid 2944) has died.
W/ActivityManager(  524): Scheduling restart of crashed service com.android.chrome/org.chromium.content.app.SandboxedProcessService1 in 5000ms
D/ChromeBrowserSyncAdapter( 2757): handling delayed sync
I/PeerGroup( 2165): [New I/O worker #8] [81.111.151.75]:8333: New peer
I/Peer    ( 2165): [New I/O worker #8] [81.111.151.75]:8333: Sending Bloom filter and querying mempool
V/ChromeBrowserSyncAdapter( 2757): Received sync tickle for all types in ChromeBrowserSyncAdapter
I/PeerGroup( 2165): [New I/O worker #4] [31.7.63.145]:8333: New peer
I/Peer    ( 2165): [New I/O worker #4] [31.7.63.145]:8333: Sending Bloom filter and querying mempool
D/dalvikvm(  524): GC_EXPLICIT freed 895K, 9% free 18958K/20828K, paused 2ms+7ms, total 79ms
D/dalvikvm( 2757): GC_CONCURRENT freed 554K, 12% free 11118K/12588K, paused 3ms+5ms, total 25ms
V/ChromeBrowserSyncAdapter( 2757): Received sync tickle for all types in ChromeBrowserSyncAdapter
I/PeerGroup( 2165): [New I/O worker #3] [88.22.47.192]:8333: New peer
I/Peer    ( 2165): [New I/O worker #3] [88.22.47.192]:8333: Sending Bloom filter and querying mempool
I/TCPNetworkConnection( 2165): [New I/O worker #7] Connected to 14.202.0.231: version=70001, subVer='/Satoshi:0.8.1/', services=0x1, time=Sun Sep 29 06:46:13 PDT 2013, blocks=260753
I/PeerGroup( 2165): [New I/O worker #7] [14.202.0.231]:8333: New peer
I/Peer    ( 2165): [New I/O worker #7] [14.202.0.231]:8333: Sending Bloom filter and querying mempool
D/dalvikvm( 2165): GC_CONCURRENT freed 315K, 4% free 10355K/10728K, paused 4ms+2ms, total 33ms
D/ThermalDaemon(  182): Sensor 'tsens_tz_sensor9' - alarm cleared 1 at 44.0 degC
D/ThermalDaemon(  182): Sensor 'tsens_tz_sensor7' - alarm cleared 1 at 49.0 degC
W/bt-sdp  ( 1026): SDP - Rcvd conn cnf with error: 0x4  CID 0x45
W/bt-sdp  ( 1026): SDP - Rcvd conn cnf with error: 0x4  CID 0x46
E/bt-btif ( 1026): DISCOVERY_COMP_EVT slot id:5, failed to find channle,                                       status:1, scn:0
W/bt-sdp  ( 1026): SDP - Rcvd conn cnf with error: 0x4  CID 0x47
W/bt-btif ( 1026): invalid rfc slot id: 5
I/BluetoothHeadsetServiceJni( 1026): connection_state_callback
E/bt-btif ( 1026): property type:3, len:0 is invalid
E/        ( 1026): ### ASSERT : external/bluetooth/bluedroid/main/../btif/src/btif_dm.c line 1125 storing remote services failed (1) ###
E/BluetoothRemoteDevices( 1026): devicePropertyChangedCallback: bdDevice: F8:8F:CA:24:3A:DE, value is empty for type: 3
D/BluetoothAdapterProperties( 1026): CONNECTION_STATE_CHANGE: F8:8F:CA:24:3A:DE: 1 -> 0
D/BluetoothAdapterService(1108711792)( 1026): Get Bonded Devices being called
D/BluetoothAdapterProperties( 1026): getBondedDevices: length=2
E/GlassConnection( 2284): Failed to establish connection to Romann Baumgaertner's Glass @ [F8:8F:CA:24:3A:DE] BONDED
E/GlassConnection( 2284): java.io.IOException: read failed, socket might closed or timeout, read ret: -1
E/GlassConnection( 2284): 	at android.bluetooth.BluetoothSocket.readAll(BluetoothSocket.java:504)
E/GlassConnection( 2284): 	at android.bluetooth.BluetoothSocket.readInt(BluetoothSocket.java:515)
E/GlassConnection( 2284): 	at android.bluetooth.BluetoothSocket.connect(BluetoothSocket.java:319)
E/GlassConnection( 2284): 	at com.google.glass.bluetooth.i.run(Unknown Source)
I/GlassConnection( 2284): closing Connections...
I/CompanionService( 2284): Failed to establish connection to Glass device: Romann Baumgaertner's Glass @ [F8:8F:CA:24:3A:DE] BONDED
I/chromium( 2757): [INFO:CONSOLE(0)] "The page at https://wifi.corp.yahoo.com/cgi-bin/login displayed insecure content from http://www.yahoo.com/.
I/chromium( 2757): ", source: https://wifi.corp.yahoo.com/cgi-bin/login (0)
V/GCMBroadcastReceiver( 1175): onReceive: com.google.android.gcm.intent.RETRY
V/GCMBroadcastReceiver( 1175): GCM IntentService class: com.dhingana.free.app.GCMIntentService
V/GCMBaseIntentService( 1175): Acquiring wakelock
V/GCMBaseIntentService( 1175): Intent service name: GCMIntentService-87581550005-4
V/GCMRegistrar( 1175): Unregistering app com.dhingana.free.app
V/GCMBaseIntentService( 1175): Releasing wakelock
D/AlertService( 1938): Beginning updateAlertNotification
D/AlertService( 1938): No fired or scheduled alerts
D/AlertService( 1938): Scheduling next alarm with AlarmScheduler. sEventReminderReceived: null
D/AlarmScheduler( 1938): No events found starting within 1 week.
D/AlertService( 1938): 0 Action = android.intent.action.PROVIDER_CHANGED
D/dalvikvm(  845): GC_CONCURRENT freed 451K, 6% free 9614K/10220K, paused 19ms+3ms, total 70ms
I/PeerGroup( 2165): [New I/O worker #5] [98.223.90.76]:8333: Peer died
I/Peer    ( 2165): [New I/O boss #9] [98.223.90.76]:8333 - connection timed out
I/TCPNetworkConnection( 2165): [New I/O worker #6] Announcing to dnsseed.bitcoin.dashjr.org/173.73.69.202:8333 as: /BitCoinJ:0.10.1/Bitcoin Wallet:3.17/
V/GCMBroadcastReceiver( 1175): onReceive: com.google.android.c2dm.intent.REGISTRATION
V/GCMBroadcastReceiver( 1175): GCM IntentService class: com.dhingana.free.app.GCMIntentService
V/GCMBaseIntentService( 1175): Acquiring wakelock
V/GCMBaseIntentService( 1175): Intent service name: GCMIntentService-87581550005-5
D/GCMBaseIntentService( 1175): handleRegistration: registrationId = null, error = null, unregistered = com.dhingana.free.app
D/GCMRegistrar( 1175): resetting backoff for com.dhingana.free.app
I/WalletFiles( 2165): [Wallet autosave thread] Background saving wallet, last seen block is 260753/0000000000000007d7cf681dc38db5be1a4aafb968be740861c80845d24e3d22
I/WalletFiles( 2165): [Wallet autosave thread] Save completed in 16msec
V/GCMRegistrar( 1175): Saving regId on app version 94
V/GCMBaseIntentService( 1175): Releasing wakelock
D/dalvikvm( 1175): GC_CONCURRENT freed 384K, 5% free 9456K/9880K, paused 5ms+3ms, total 40ms
I/TCPNetworkConnection( 2165): [New I/O worker #6] Connected to 173.73.69.202: version=70001, subVer='/Satoshi:0.8.1/', services=0x1, time=Sun Sep 29 06:46:14 PDT 2013, blocks=260753
I/PeerGroup( 2165): [New I/O worker #6] [173.73.69.202]:8333: New peer
I/Peer    ( 2165): [New I/O worker #6] [173.73.69.202]:8333: Sending Bloom filter and querying mempool
I/PeerGroup( 2165): [New I/O worker #6] Unsetting download peer: [129.21.50.203]:8333
I/PeerGroup( 2165): [New I/O worker #6] Setting download peer: [31.7.63.145]:8333
D/dalvikvm(  774): GC_CONCURRENT freed 504K, 6% free 10780K/11400K, paused 3ms+1ms, total 27ms
D/dalvikvm( 2757): GC_CONCURRENT freed 750K, 12% free 11121K/12588K, paused 8ms+2ms, total 62ms
I/ActivityManager(  524): Start proc com.groupon for broadcast com.groupon/com.littlefluffytoys.littlefluffylocationlibrary.PassiveLocationChangedReceiver: pid=3070 uid=10097 gids={50097, 3003, 1015, 1006, 1028}
D//GrouponApplication.java:64( 3070): main GrouponApplication()
D/dalvikvm( 3070): GC_CONCURRENT freed 250K, 4% free 9099K/9388K, paused 2ms+2ms, total 19ms
D/dalvikvm(  774): GC_CONCURRENT freed 553K, 6% free 10780K/11444K, paused 1ms+2ms, total 24ms
D/dalvikvm( 3070): GC_CONCURRENT freed 157K, 3% free 9445K/9648K, paused 2ms+2ms, total 15ms
W/nalizableReferenceQueue( 3070): Could not load Finalizer in its own class loader. Loading Finalizer in the current class loader instead. As a result, you will not be able to garbage collect this class loader. To support reclaiming this class loader, either resolve the underlying issue, or move Google Collections to your system class path.
W/nalizableReferenceQueue( 3070): java.io.FileNotFoundException: com/google/inject/internal/util/$Finalizer.class
W/nalizableReferenceQueue( 3070): 	at com.google.inject.internal.util.$FinalizableReferenceQueue$DecoupledLoader.getBaseUrl(FinalizableReferenceQueue.java:269)
W/nalizableReferenceQueue( 3070): 	at com.google.inject.internal.util.$FinalizableReferenceQueue$DecoupledLoader.loadFinalizer(FinalizableReferenceQueue.java:253)
W/nalizableReferenceQueue( 3070): 	at com.google.inject.internal.util.$FinalizableReferenceQueue.loadFinalizer(FinalizableReferenceQueue.java:175)
W/nalizableReferenceQueue( 3070): 	at com.google.inject.internal.util.$FinalizableReferenceQueue.<clinit>(FinalizableReferenceQueue.java:100)
W/nalizableReferenceQueue( 3070): 	at com.google.inject.internal.util.$MapMaker$QueueHolder.<clinit>(MapMaker.java:787)
W/nalizableReferenceQueue( 3070): 	at com.google.inject.internal.util.$MapMaker$WeakEntry.<init>(MapMaker.java:946)
W/nalizableReferenceQueue( 3070): 	at com.google.inject.internal.util.$MapMaker$Strength$1.newEntry(MapMaker.java:312)
W/nalizableReferenceQueue( 3070): 	at com.google.inject.internal.util.$MapMaker$StrategyImpl.newEntry(MapMaker.java:498)
W/nalizableReferenceQueue( 3070): 	at com.google.inject.internal.util.$MapMaker$StrategyImpl.newEntry(MapMaker.java:419)
W/nalizableReferenceQueue( 3070): 	at com.google.inject.internal.util.$CustomConcurrentHashMap$ComputingImpl.get(CustomConcurrentHashMap.java:2029)
W/nalizableReferenceQueue( 3070): 	at com.google.inject.internal.Annotations$AnnotationChecker.hasAnnotations(Annotations.java:116)
W/nalizableReferenceQueue( 3070): 	at com.google.inject.internal.Annotations.isBindingAnnotation(Annotations.java:180)
W/nalizableReferenceQueue( 3070): 	at com.google.inject.Key.ensureIsBindingAnnotation(Key.java:366)
W/nalizableReferenceQueue( 3070): 	at com.google.inject.Key.strategyFor(Key.java:338)
W/nalizableReferenceQueue( 3070): 	at com.google.inject.Key.get(Key.java:272)
W/nalizableReferenceQueue( 3070): 	at com.google.inject.internal.AbstractBindingBuilder.annotatedWithInternal(AbstractBindingBuilder.java:82)
W/nalizableReferenceQueue( 3070): 	at com.google.inject.internal.ConstantBindingBuilderImpl.annotatedWith(ConstantBindingBuilderImpl.java:49)
W/nalizableReferenceQueue( 3070): 	at roboguice.config.DefaultRoboModule.configure(DefaultRoboModule.java:117)
W/nalizableReferenceQueue( 3070): 	at com.google.inject.AbstractModule.configure(AbstractModule.java:59)
W/nalizableReferenceQueue( 3070): 	at com.google.inject.spi.Elements$RecordingBinder.install(Elements.java:223)
